--------- beginning of crash
07-21 12:06:45.358 28346 29114 E AndroidRuntime: FATAL EXCEPTION: EnCodeFileHandlerThread
07-21 12:06:45.358 28346 29114 E AndroidRuntime: Process: com.oppo.lfeh, PID: 28346
07-21 12:06:45.358 28346 29114 E AndroidRuntime: java.lang.IllegalArgumentException: Comparison method violates its general contract!
07-21 12:06:45.358 28346 29114 E AndroidRuntime: 	at java.util.TimSort.mergeLo(TimSort.java:777)
07-21 12:06:45.358 28346 29114 E AndroidRuntime: 	at java.util.TimSort.mergeAt(TimSort.java:514)
07-21 12:06:45.358 28346 29114 E AndroidRuntime: 	at java.util.TimSort.mergeForceCollapse(TimSort.java:457)
07-21 12:06:45.358 28346 29114 E AndroidRuntime: 	at java.util.TimSort.sort(TimSort.java:254)
07-21 12:06:45.358 28346 29114 E AndroidRuntime: 	at java.util.Arrays.sort(Arrays.java:1424)
07-21 12:06:45.358 28346 29114 E AndroidRuntime: 	at com.oppo.lfeh.core.OppoFileEncodeHelper.getFileList(OppoFileEncodeHelper.java:626)
07-21 12:06:45.358 28346 29114 E AndroidRuntime: 	at com.oppo.lfeh.core.OppoFileEncodeHelper.removeTempFileAndKeepDirSmall(OppoFileEncodeHelper.java:1456)
07-21 12:06:45.358 28346 29114 E AndroidRuntime: 	at com.oppo.lfeh.core.OppoFileEncodeHelper.startScanAndEncodeFileReady(OppoFileEncodeHelper.java:1740)
07-21 12:06:45.358 28346 29114 E AndroidRuntime: 	at com.oppo.lfeh.core.OppoFileEncodeHelper.access$1200(OppoFileEncodeHelper.java:67)
07-21 12:06:45.358 28346 29114 E AndroidRuntime: 	at com.oppo.lfeh.core.OppoFileEncodeHelper$EnCodeFileHandler.handleMessage(OppoFileEncodeHelper.java:2154)
07-21 12:06:45.358 28346 29114 E AndroidRuntime: 	at android.os.Handler.dispatchMessage(Handler.java:107)
07-21 12:06:45.358 28346 29114 E AndroidRuntime: 	at android.os.Looper.loop(Looper.java:237)
07-21 12:06:45.358 28346 29114 E AndroidRuntime: 	at android.os.HandlerThread.run(HandlerThread.java:67)
07-21 12:19:24.862 31365 32347 E AndroidRuntime: FATAL EXCEPTION: EnCodeFileHandlerThread
07-21 12:19:24.862 31365 32347 E AndroidRuntime: Process: com.oppo.lfeh, PID: 31365
07-21 12:19:24.862 31365 32347 E AndroidRuntime: java.lang.IllegalArgumentException: Comparison method violates its general contract!
07-21 12:19:24.862 31365 32347 E AndroidRuntime: 	at java.util.TimSort.mergeLo(TimSort.java:777)
07-21 12:19:24.862 31365 32347 E AndroidRuntime: 	at java.util.TimSort.mergeAt(TimSort.java:514)
07-21 12:19:24.862 31365 32347 E AndroidRuntime: 	at java.util.TimSort.mergeForceCollapse(TimSort.java:457)
07-21 12:19:24.862 31365 32347 E AndroidRuntime: 	at java.util.TimSort.sort(TimSort.java:254)
07-21 12:19:24.862 31365 32347 E AndroidRuntime: 	at java.util.Arrays.sort(Arrays.java:1424)
07-21 12:19:24.862 31365 32347 E AndroidRuntime: 	at com.oppo.lfeh.core.OppoFileEncodeHelper.getFileList(OppoFileEncodeHelper.java:626)
07-21 12:19:24.862 31365 32347 E AndroidRuntime: 	at com.oppo.lfeh.core.OppoFileEncodeHelper.removeTempFileAndKeepDirSmall(OppoFileEncodeHelper.java:1456)
07-21 12:19:24.862 31365 32347 E AndroidRuntime: 	at com.oppo.lfeh.core.OppoFileEncodeHelper.startScanAndEncodeFileReady(OppoFileEncodeHelper.java:1740)
07-21 12:19:24.862 31365 32347 E AndroidRuntime: 	at com.oppo.lfeh.core.OppoFileEncodeHelper.access$1200(OppoFileEncodeHelper.java:67)
07-21 12:19:24.862 31365 32347 E AndroidRuntime: 	at com.oppo.lfeh.core.OppoFileEncodeHelper$EnCodeFileHandler.handleMessage(OppoFileEncodeHelper.java:2154)
07-21 12:19:24.862 31365 32347 E AndroidRuntime: 	at android.os.Handler.dispatchMessage(Handler.java:107)
07-21 12:19:24.862 31365 32347 E AndroidRuntime: 	at android.os.Looper.loop(Looper.java:237)
07-21 12:19:24.862 31365 32347 E AndroidRuntime: 	at android.os.HandlerThread.run(HandlerThread.java:67)
07-21 13:11:29.231 16361 17203 E AndroidRuntime: FATAL EXCEPTION: EnCodeFileHandlerThread
07-21 13:11:29.231 16361 17203 E AndroidRuntime: Process: com.oppo.lfeh, PID: 16361
07-21 13:11:29.231 16361 17203 E AndroidRuntime: java.lang.IllegalArgumentException: Comparison method violates its general contract!
07-21 13:11:29.231 16361 17203 E AndroidRuntime: 	at java.util.TimSort.mergeLo(TimSort.java:777)
07-21 13:11:29.231 16361 17203 E AndroidRuntime: 	at java.util.TimSort.mergeAt(TimSort.java:514)
07-21 13:11:29.231 16361 17203 E AndroidRuntime: 	at java.util.TimSort.mergeForceCollapse(TimSort.java:457)
07-21 13:11:29.231 16361 17203 E AndroidRuntime: 	at java.util.TimSort.sort(TimSort.java:254)
07-21 13:11:29.231 16361 17203 E AndroidRuntime: 	at java.util.Arrays.sort(Arrays.java:1424)
07-21 13:11:29.231 16361 17203 E AndroidRuntime: 	at com.oppo.lfeh.core.OppoFileEncodeHelper.getFileList(OppoFileEncodeHelper.java:626)
07-21 13:11:29.231 16361 17203 E AndroidRuntime: 	at com.oppo.lfeh.core.OppoFileEncodeHelper.removeTempFileAndKeepDirSmall(OppoFileEncodeHelper.java:1456)
07-21 13:11:29.231 16361 17203 E AndroidRuntime: 	at com.oppo.lfeh.core.OppoFileEncodeHelper.startScanAndEncodeFileReady(OppoFileEncodeHelper.java:1740)
07-21 13:11:29.231 16361 17203 E AndroidRuntime: 	at com.oppo.lfeh.core.OppoFileEncodeHelper.access$1200(OppoFileEncodeHelper.java:67)
07-21 13:11:29.231 16361 17203 E AndroidRuntime: 	at com.oppo.lfeh.core.OppoFileEncodeHelper$EnCodeFileHandler.handleMessage(OppoFileEncodeHelper.java:2154)
07-21 13:11:29.231 16361 17203 E AndroidRuntime: 	at android.os.Handler.dispatchMessage(Handler.java:107)
07-21 13:11:29.231 16361 17203 E AndroidRuntime: 	at android.os.Looper.loop(Looper.java:237)
07-21 13:11:29.231 16361 17203 E AndroidRuntime: 	at android.os.HandlerThread.run(HandlerThread.java:67)
07-21 13:29:32.283 20676 22058 E AndroidRuntime: FATAL EXCEPTION: EnCodeFileHandlerThread
07-21 13:29:32.283 20676 22058 E AndroidRuntime: Process: com.oppo.lfeh, PID: 20676
07-21 13:29:32.283 20676 22058 E AndroidRuntime: java.lang.IllegalArgumentException: Comparison method violates its general contract!
07-21 13:29:32.283 20676 22058 E AndroidRuntime: 	at java.util.TimSort.mergeLo(TimSort.java:777)
07-21 13:29:32.283 20676 22058 E AndroidRuntime: 	at java.util.TimSort.mergeAt(TimSort.java:514)
07-21 13:29:32.283 20676 22058 E AndroidRuntime: 	at java.util.TimSort.mergeForceCollapse(TimSort.java:457)
07-21 13:29:32.283 20676 22058 E AndroidRuntime: 	at java.util.TimSort.sort(TimSort.java:254)
07-21 13:29:32.283 20676 22058 E AndroidRuntime: 	at java.util.Arrays.sort(Arrays.java:1424)
07-21 13:29:32.283 20676 22058 E AndroidRuntime: 	at com.oppo.lfeh.core.OppoFileEncodeHelper.getFileList(OppoFileEncodeHelper.java:626)
07-21 13:29:32.283 20676 22058 E AndroidRuntime: 	at com.oppo.lfeh.core.OppoFileEncodeHelper.removeTempFileAndKeepDirSmall(OppoFileEncodeHelper.java:1456)
07-21 13:29:32.283 20676 22058 E AndroidRuntime: 	at com.oppo.lfeh.core.OppoFileEncodeHelper.startScanAndEncodeFileReady(OppoFileEncodeHelper.java:1740)
07-21 13:29:32.283 20676 22058 E AndroidRuntime: 	at com.oppo.lfeh.core.OppoFileEncodeHelper.access$1200(OppoFileEncodeHelper.java:67)
07-21 13:29:32.283 20676 22058 E AndroidRuntime: 	at com.oppo.lfeh.core.OppoFileEncodeHelper$EnCodeFileHandler.handleMessage(OppoFileEncodeHelper.java:2154)
07-21 13:29:32.283 20676 22058 E AndroidRuntime: 	at android.os.Handler.dispatchMessage(Handler.java:107)
07-21 13:29:32.283 20676 22058 E AndroidRuntime: 	at android.os.Looper.loop(Looper.java:237)
07-21 13:29:32.283 20676 22058 E AndroidRuntime: 	at android.os.HandlerThread.run(HandlerThread.java:67)
--------- beginning of system
07-22 10:11:05.265 22325 22409 W ContextImpl: Calling a method in the system process without a qualified user: android.app.ContextImpl.bindService:1708 android.content.ContextWrapper.bindService:716 com.oplus.exportpmsdk.AdWrapManager.bindService:16 com.oplus.exportpmsdk.AdWrapManager.initialize:41 com.avast.android.sdk.antivirus.partner.obfuscated.y5.g:5 
07-22 10:11:05.288  3030  3030 W ContextImpl: Calling a method in the system process without a qualified user: android.app.ContextImpl.startService:1609 android.content.ContextWrapper.startService:680 android.content.ContextWrapper.startService:680 com.coloros.sau.strategy.AppInstallReceiver.onReceive:62 android.app.ActivityThread.handleReceiver:4095 
07-22 10:11:05.311  1509  4751 I ActivityManager: Killing 19033:com.android.chrome/u0a72 (adj 985): empty #17
07-22 10:11:05.320  1509  3158 I ActivityManager: Killing 21417:com.android.documentsui/u0a24 (adj 995): empty #17
07-22 10:11:05.323  1509  1551 I ActivityManager: Start proc 22433:com.coloros.securepay/1000 for broadcast {com.coloros.securepay/com.coloros.securepay.SecurePayReceiver}
07-22 10:11:05.328  1509  3158 I ActivityManager: Killing 21466:com.google.android.apps.maps/u0a115 (adj 995): empty #17
07-22 10:11:05.389  1509  3160 I ActivityManager: Killing 21485:com.google.android.apps.wellbeing/u0a166 (adj 995): empty #17
07-22 10:11:05.427  1509  3165 V ActivityManager: New death recipient com.android.server.am.ActivityManagerService$AppDeathRecipient@8ff3ae6 for thread android.os.BinderProxy@c825827, pid:22433,mApp:null
07-22 10:11:05.429  1509  3165 D DEBUG_VISIBILITY: mOccluded:false lastOccluded:false
07-22 10:11:05.438  1803  1803 W ContextImpl: Calling a method in the system process without a qualified user: android.app.ContextImpl.startService:1609 android.content.ContextWrapper.startService:680 android.content.ContextWrapper.startService:680 com.coloros.securitypermission.permission.OppoPermissionReceiver.a:627 com.coloros.securitypermission.permission.OppoPermissionReceiver.onReceive:290 
07-22 10:11:05.493  1509  3159 V ActivityManager: Death received in com.android.server.am.ActivityManagerService$AppDeathRecipient@25f0110 for thread android.os.BinderProxy@7268409, mPid:19033,mApp:ProcessRecord{153b6ed 19033:com.android.chrome/u0a72}
07-22 10:11:05.504  1509  1555 W ActivityManager: Scheduling restart of crashed service com.android.chrome/org.chromium.chrome.browser.customtabs.CustomTabsConnectionService in 1000ms
07-22 10:11:05.506  1509  3159 W ActivityManager: Spurious death for ProcessRecord{153b6ed 0:com.android.chrome/u0a72}, curProc for 19033: null
07-22 10:11:05.534  1509  3886 V ActivityManager: Death received in com.android.server.am.ActivityManagerService$AppDeathRecipient@12960b8 for thread android.os.BinderProxy@666e91, mPid:21466,mApp:ProcessRecord{43756b5 21466:com.google.android.apps.maps/u0a115}
07-22 10:11:05.534  1509  2505 D MtkConnectivityService: ConnectivityService NetworkRequestInfo binderDied(NetworkRequest [ TRACK_DEFAULT id=1159, [ Capabilities: INTERNET&NOT_RESTRICTED&TRUSTED Uid: 10115] ], android.os.BinderProxy@8be622b)
07-22 10:11:05.535  1509  1679 D MtkConnectivityService: releasing NetworkRequest [ TRACK_DEFAULT id=1159, [ Capabilities: INTERNET&NOT_RESTRICTED&TRUSTED Uid: 10115] ] (release request)
07-22 10:11:05.556  1509  1551 I ActivityManager: Start proc 22481:com.android.chrome/u0a72 for broadcast {com.android.chrome/org.chromium.chrome.browser.browserservices.InstalledWebappBroadcastReceiver}
07-22 10:11:05.576  1509  3891 V ActivityManager: New death recipient com.android.server.am.ActivityManagerService$AppDeathRecipient@4af1334 for thread android.os.BinderProxy@49d355d, pid:22481,mApp:null
07-22 10:11:05.587  1509  3891 D DEBUG_VISIBILITY: mOccluded:false lastOccluded:false
07-22 10:11:05.597 22325 22474 W ContextImpl: Calling a method in the system process without a qualified user: android.app.ContextImpl.bindService:1708 android.content.ContextWrapper.bindService:716 com.google.android.gms.common.stats.ConnectionTracker.zze:17 com.google.android.gms.common.stats.ConnectionTracker.zzc:96 com.google.android.gms.common.stats.ConnectionTracker.zza:10 
07-22 10:11:05.603  2039  2039 D ColorViewRootUtil: nav gesture mode swipeFromBottom ignore false downY 627 mScreenHeight 2340 mScreenWidth 1080 mStatusBarHeight 54 globalScale 1.125 nav mode 3 event MotionEvent { action=ACTION_DOWN, actionButton=0, id[0]=0, x[0]=754.0, y[0]=627.0, toolType[0]=TOOL_TYPE_FINGER, buttonState=0, classification=NONE, metaState=0, flags=0x2, edgeFlags=0x0, pointerCount=1, historySize=0, eventTime=37612711, downTime=37612711, deviceId=3, source=0x1002, displayId=0 } rotation 0
07-22 10:11:05.609 22433 22433 W ContextImpl: Calling a method in the system process without a qualified user: android.app.ContextImpl.startService:1609 android.content.ContextWrapper.startService:680 android.content.ContextWrapper.startService:680 com.coloros.securepay.SecurePayReceiver.a:59 com.coloros.securepay.SecurePayReceiver.onReceive:43 
07-22 10:11:05.626  1509  1551 I ActivityManager: Start proc 22505:com.android.documentsui/u0a24 for broadcast {com.android.documentsui/com.android.documentsui.PackageReceiver}
07-22 10:11:05.644  1509  1547 I RoleUserState: Wrote roles.xml successfully
07-22 10:11:05.664  1509  2199 V ActivityManager: New death recipient com.android.server.am.ActivityManagerService$AppDeathRecipient@2d7fbc9 for thread android.os.BinderProxy@b23a2ce, pid:22505,mApp:null
07-22 10:11:05.668  1509  2199 D DEBUG_VISIBILITY: mOccluded:false lastOccluded:false
07-22 10:11:05.696  1509  3881 D ColorDisplayPolicyEx: isNavBarFollowScreenRotation mNavBarPositionFollowScreenRotation 1mNavigationBarMode 3
07-22 10:11:05.696  1509  3881 D WindowManager:  isNavBarFollowScreenRotation true displayRotation 0
07-22 10:11:05.717  1509  3159 I ActivityManager: Killing 21530:com.tencent.soter.soterserver/1000 (adj 999): empty #17
07-22 10:11:05.776  1509  1551 I ActivityManager: Start proc 22530:com.google.android.apps.maps/u0a115 for broadcast {com.google.android.apps.maps/com.google.android.libraries.social.peoplekit.thirdparty.viewcontrollers.ThirdPartyReceiver}
07-22 10:11:05.802  1509  3881 V ActivityManager: Death received in com.android.server.am.ActivityManagerService$AppDeathRecipient@3ffa48 for thread android.os.BinderProxy@52fb0e1, mPid:21530,mApp:ProcessRecord{f1a0d92 21530:com.tencent.soter.soterserver/1000}
07-22 10:11:05.822  1509  3159 V ActivityManager: New death recipient com.android.server.am.ActivityManagerService$AppDeathRecipient@982e2bf for thread android.os.BinderProxy@c8aed8c, pid:22530,mApp:null
07-22 10:11:05.825  1509  3159 D DEBUG_VISIBILITY: mOccluded:false lastOccluded:false
07-22 10:11:05.835  1509  1555 D AppOps  : checkOperation: uid reject #1 for code 87 uid 10166 package com.google.android.apps.wellbeing
07-22 10:11:05.852 22325 22495 W ContextImpl: Calling a method in the system process without a qualified user: android.app.ContextImpl.bindService:1716 android.content.ContextWrapper.bindService:722 m7.fa$$ExternalSyntheticApiModelOutline2.m:8 m7.iy.g:12 m7.iy.d:110 
07-22 10:11:05.863  1509  1551 I ActivityManager: Start proc 22555:com.google.android.apps.wellbeing/u0a166 for broadcast {com.google.android.apps.wellbeing/com.google.android.apps.wellbeing.common.receiver.coalescedreceivers.PackageFullyRemovedCoalescedBroadcast_Receiver}
07-22 10:11:05.902  1509  3893 V ActivityManager: New death recipient com.android.server.am.ActivityManagerService$AppDeathRecipient@fc52aee for thread android.os.BinderProxy@c1bfb8f, pid:22555,mApp:null
07-22 10:11:05.911  1509  3893 D DEBUG_VISIBILITY: mOccluded:false lastOccluded:false
07-22 10:11:05.977  1509  1551 I ActivityManager: Start proc 22576:com.tencent.soter.soterserver/1000 for broadcast {com.tencent.soter.soterserver/com.tencent.soter.soterserver.SoterService$UserAppUninstallReceiver}
07-22 10:11:06.026  1509  1663 V ActivityManager: New death recipient com.android.server.am.ActivityManagerService$AppDeathRecipient@933eb12 for thread android.os.BinderProxy@ea6c2e3, pid:22576,mApp:null
07-22 10:11:06.038  1509  1663 D DEBUG_VISIBILITY: mOccluded:false lastOccluded:false
07-22 10:11:06.052  1509  1663 I ActivityManager: Killing 21555:com.android.providers.downloads/u0a22 (adj 995): empty #17
07-22 10:11:06.084  1509  1551 I ActivityManager: Start proc 22597:com.android.providers.downloads/u0a22 for broadcast {com.android.providers.downloads/com.android.providers.downloads.DownloadReceiver}
07-22 10:11:06.127  1509  1663 V ActivityManager: New death recipient com.android.server.am.ActivityManagerService$AppDeathRecipient@3376ec3 for thread android.os.BinderProxy@2bc340, pid:22597,mApp:null
07-22 10:11:06.130  1509  1663 D DEBUG_VISIBILITY: mOccluded:false lastOccluded:false
07-22 10:11:06.212  1509  2199 I ActivityManager: Killing 22099:com.google.android.projection.gearhead:car/u0a253 (adj 995): empty #17
07-22 10:11:06.284  2039  2039 D ColorViewRootUtil: nav gesture mode swipeFromBottom ignore false downY 2126 mScreenHeight 2340 mScreenWidth 1080 mStatusBarHeight 54 globalScale 1.125 nav mode 3 event MotionEvent { action=ACTION_DOWN, actionButton=0, id[0]=0, x[0]=741.0, y[0]=2126.0, toolType[0]=TOOL_TYPE_FINGER, buttonState=0, classification=NONE, metaState=0, flags=0x2, edgeFlags=0x0, pointerCount=1, historySize=0, eventTime=37613392, downTime=37613392, deviceId=3, source=0x1002, displayId=0 } rotation 0
07-22 10:11:06.419  1509  1626 I ActivityManager: Killing 21723:com.google.android.googlequicksearchbox:googleapp/u0a46 (adj 995): empty #17
07-22 10:11:06.571  1509  1626 I ActivityManager: Killing 22239:com.android.mtp/u0a22 (adj 995): empty #17
07-22 10:11:06.572  1509  1626 I ActivityManager: Killing 28029:com.google.android.googlequicksearchbox:search/u0a46 (adj 999): empty #18
07-22 10:11:06.713  1509  1663 V ActivityManager: Death received in com.android.server.am.ActivityManagerService$AppDeathRecipient@33baac5 for thread android.os.BinderProxy@7cdec1a, mPid:22239,mApp:ProcessRecord{24c7e43 22239:com.android.mtp/u0a22}
07-22 10:11:06.714  1509  3881 I ActivityManager: Killing 22264:com.android.shell/2000 (adj 995): empty #17
07-22 10:11:06.722  1509  1509 V SettingsProvider: Notifying for 0: content://settings/secure/launcher_shortcut_permission_settings
07-22 10:11:06.726  1509  1509 V SettingsProvider: Notifying for 0: content://settings/secure/launcher_shortcut_permission_setting_count
07-22 10:11:06.787  1509  1663 V ActivityManager: Death received in com.android.server.am.ActivityManagerService$AppDeathRecipient@cbee121 for thread android.os.BinderProxy@6641946, mPid:22264,mApp:ProcessRecord{4af011c 22264:com.android.shell/2000}
07-22 10:11:06.796  1509  3893 W ActivityManager: Application dead when creating service ServiceRecord{63c80ab u0 com.google.android.projection.gearhead/com.google.android.apps.auto.carservice.service.impl.GearheadCarStartupService}
07-22 10:11:06.797  1509  3893 W ActivityManager: Scheduling restart of crashed service com.google.android.projection.gearhead/com.google.android.apps.auto.carservice.service.impl.GearheadCarStartupService in 1000ms
07-22 10:11:06.802  1509  3893 W ActivityManager: Scheduling restart of crashed service com.google.android.projection.gearhead/com.google.android.apps.auto.carservice.service.impl.GearheadCarStartupService in 4000ms
07-22 10:11:06.806  1509  3886 D MtkConnectivityService: ConnectivityService NetworkRequestInfo binderDied(NetworkRequest [ TRACK_DEFAULT id=1023, [ Capabilities: INTERNET&NOT_RESTRICTED&TRUSTED Uid: 10046] ], android.os.BinderProxy@a49baa1)
07-22 10:11:06.806  1509  3158 D MtkConnectivityService: ConnectivityService NetworkRequestInfo binderDied(NetworkRequest [ TRACK_DEFAULT id=1022, [ Capabilities: INTERNET&NOT_RESTRICTED&TRUSTED Uid: 10046] ], android.os.BinderProxy@6391308)
07-22 10:11:06.806  1509  3891 V ActivityManager: Death received in com.android.server.am.ActivityManagerService$AppDeathRecipient@59a50a7 for thread android.os.BinderProxy@f716954, mPid:28029,mApp:ProcessRecord{1c098aa 28029:com.google.android.googlequicksearchbox:search/u0a46}
07-22 10:11:06.806  1509  1679 D MtkConnectivityService: releasing NetworkRequest [ TRACK_DEFAULT id=1023, [ Capabilities: INTERNET&NOT_RESTRICTED&TRUSTED Uid: 10046] ] (release request)
07-22 10:11:06.808  1509  1679 D MtkConnectivityService: releasing NetworkRequest [ TRACK_DEFAULT id=1022, [ Capabilities: INTERNET&NOT_RESTRICTED&TRUSTED Uid: 10046] ] (release request)
07-22 10:11:06.810  1509  3893 W ActivityManager: Exception when starting service com.google.android.projection.gearhead/com.google.android.apps.auto.carservice.service.impl.GearheadCarStartupService
07-22 10:11:06.810  1509  3893 W ActivityManager: android.os.DeadObjectException
07-22 10:11:06.810  1509  3893 W ActivityManager: 	at android.os.BinderProxy.transactNative(Native Method)
07-22 10:11:06.810  1509  3893 W ActivityManager: 	at android.os.BinderProxy.transact(BinderProxy.java:523)
07-22 10:11:06.810  1509  3893 W ActivityManager: 	at android.app.IApplicationThread$Stub$Proxy.scheduleCreateService(IApplicationThread.java:1489)
07-22 10:11:06.810  1509  3893 W ActivityManager: 	at com.android.server.am.ActiveServices.realStartServiceLocked(ActiveServices.java:2970)
07-22 10:11:06.810  1509  3893 W ActivityManager: 	at com.android.server.am.ActiveServices.bringUpServiceLocked(ActiveServices.java:2826)
07-22 10:11:06.810  1509  3893 W ActivityManager: 	at com.android.server.am.ActiveServices.bindServiceLocked(ActiveServices.java:1939)
07-22 10:11:06.810  1509  3893 W ActivityManager: 	at com.android.server.am.ActivityManagerService.bindIsolatedService(ActivityManagerService.java:15333)
07-22 10:11:06.810  1509  3893 W ActivityManager: 	at android.app.IActivityManager$Stub.onTransact(IActivityManager.java:2394)
07-22 10:11:06.810  1509  3893 W ActivityManager: 	at com.android.server.am.ActivityManagerService.onTransact(ActivityManagerService.java:3094)
07-22 10:11:06.810  1509  3893 W ActivityManager: 	at com.android.server.am.OppoActivityManagerService.onTransact(OppoActivityManagerService.java:105)
07-22 10:11:06.810  1509  3893 W ActivityManager: 	at android.os.Binder.execTransactInternal(Binder.java:1021)
07-22 10:11:06.810  1509  3893 W ActivityManager: 	at android.os.Binder.execTransact(Binder.java:994)
07-22 10:11:06.912  1509  3884 D MtkConnectivityService: requestNetwork for uid/pid:10115/22530 NetworkRequest [ TRACK_DEFAULT id=1163, [ Capabilities: INTERNET&NOT_RESTRICTED&TRUSTED Uid: 10115] ]
07-22 10:11:07.018  1509  1509 V SettingsProvider: Notifying for 0: content://settings/secure/launcher_slid_slip_enable_state
07-22 10:11:07.038  1509  3160 D MtkConnectivityService: ConnectivityService NetworkRequestInfo binderDied(NetworkRequest [ LISTEN id=1162, [ Capabilities: INTERNET&NOT_RESTRICTED&TRUSTED Uid: 10046] ], android.os.BinderProxy@ae65a)
07-22 10:11:07.038  1509  3884 D MtkConnectivityService: ConnectivityService NetworkRequestInfo binderDied(NetworkRequest [ TRACK_DEFAULT id=1161, [ Capabilities: INTERNET&NOT_RESTRICTED&TRUSTED Uid: 10046] ], android.os.BinderProxy@5432605)
07-22 10:11:07.038  1509  3158 V ActivityManager: Death received in com.android.server.am.ActivityManagerService$AppDeathRecipient@edb6afc for thread android.os.BinderProxy@8ed8585, mPid:21723,mApp:ProcessRecord{b23a338 21723:com.google.android.googlequicksearchbox:googleapp/u0a46}
07-22 10:11:07.039  1509  1679 D MtkConnectivityService: releasing NetworkRequest [ TRACK_DEFAULT id=1161, [ Capabilities: INTERNET&NOT_RESTRICTED&TRUSTED Uid: 10046] ] (release request)
07-22 10:11:07.049  1509  1509 I RoleManagerService: Granting default permissions...
07-22 10:11:07.050  1509  1574 D PackageManager: reset oppo-freeze state for com.example.nfc_5 after uninstalled for user 0
07-22 10:11:07.111  1509  1550 I ActivityManager: Force stopping com.example.nfc_5 appid=10028 user=0: deletePackageX
07-22 10:11:07.112  1509  1985 D OppoPhoneWindowManager: onKeyLockModeNormal: processName=com.example.nfc_5
07-22 10:11:07.117  1509  1534 D DEBUG_VISIBILITY: mOccluded:false lastOccluded:false
07-22 10:11:07.155  1803  2280 W ContextImpl: Calling a method in the system process without a qualified user: android.app.ContextImpl.sendBroadcast:1088 android.content.ContextWrapper.sendBroadcast:464 android.content.ContextWrapper.sendBroadcast:464 com.coloros.notificationmanager.AppModificationReceiver.notifyAppModified:9 com.coloros.notificationmanager.receiver.DataReceiver.processBroadcast:139 
07-22 10:11:07.158  1509  3117 D AppOps  : checkOperation: reject #3 for code 43 uid 10045 package com.android.vending
07-22 10:11:07.201  1509  1574 W PackageManager: com.android.server.pm.Installer$InstallerException: android.os.ServiceSpecificException: Failed to delete /data/user_de/999/com.example.nfc_5 (code 2)
07-22 10:11:07.204  1509  1574 D PackageManager: updatePermissions, packageName: com.example.nfc_5, pkg: null, replaceGrant: false
07-22 10:11:07.204  1509  1574 I PackageManager: Removing old permission tree: com.example.nfc_5.DYNAMIC_RECEIVER_NOT_EXPORTED_PERMISSION from package com.example.nfc_5
07-22 10:11:07.216  1509  1574 I PackageManager: Un-granting permission android.permission.MANAGE_DOCUMENTS from package com.google.android.youtube (protectionLevel=262146 flags=0x20dbbec5)
07-22 10:11:07.216  1509  1574 D ColorSensitivePermGrantPolicyManager: allow refined permission oppo.permission.OPPO_COMPONENT_SAFE for com.coloros.phonenoareainquire
07-22 10:11:07.243  1509  1574 I PackageManager: Un-granting permission android.permission.MANAGE_SOUND_TRIGGER from package com.google.android.googlequicksearchbox (protectionLevel=18 flags=0xa0d83ec5)
07-22 10:11:07.243  1509  1574 I PackageManager: Un-granting permission android.permission.CAPTURE_AUDIO_OUTPUT from package com.google.android.googlequicksearchbox (protectionLevel=18 flags=0xa0d83ec5)
07-22 10:11:07.243  1509  1574 I PackageManager: Un-granting permission android.permission.CONTROL_INCALL_EXPERIENCE from package com.google.android.googlequicksearchbox (protectionLevel=18 flags=0xa0d83ec5)
07-22 10:11:07.243  1509  1574 I PackageManager: Un-granting permission android.permission.WRITE_APN_SETTINGS from package com.google.android.googlequicksearchbox (protectionLevel=18 flags=0xa0d83ec5)
07-22 10:11:07.243  1509  1574 I PackageManager: Un-granting permission android.permission.SUBSTITUTE_SHARE_TARGET_APP_NAME_AND_ICON from package com.google.android.googlequicksearchbox (protectionLevel=18 flags=0xa0d83ec5)
07-22 10:11:07.244  1509  1574 I PackageManager: Un-granting permission android.permission.CAPTURE_MEDIA_OUTPUT from package com.google.android.googlequicksearchbox (protectionLevel=18 flags=0xa0d83ec5)
07-22 10:11:07.244  1509  1574 I PackageManager: Un-granting permission android.permission.MODIFY_AUDIO_ROUTING from package com.google.android.googlequicksearchbox (protectionLevel=18 flags=0xa0d83ec5)
07-22 10:11:07.244  1509  1574 I PackageManager: Un-granting permission android.permission.CONTROL_KEYGUARD from package com.heytap.pictorial (protectionLevel=2 flags=0x20c83e85)
07-22 10:11:07.244  1509  1574 I PackageManager: Un-granting permission android.permission.ACCESS_KEYGUARD_SECURE_STORAGE from package com.heytap.pictorial (protectionLevel=2 flags=0x20c83e85)
07-22 10:11:07.244  1509  1574 D ColorSensitivePermGrantPolicyManager: allow refined permission oppo.permission.OPPO_COMPONENT_SAFE for com.heytap.pictorial
07-22 10:11:07.244  1509  1574 I PackageManager: Un-granting permission android.permission.GET_INTENT_SENDER_INTENT from package com.heytap.pictorial (protectionLevel=2 flags=0x20c83e85)
07-22 10:11:07.244  1509  1574 I PackageManager: Un-granting permission com.heytap.mcs.permission.SEND_PUSH_MESSAGE from package com.heytap.pictorial (protectionLevel=18 flags=0x20c83e85)
07-22 10:11:07.253  1509  1574 D ColorSensitivePermGrantPolicyManager: allow refined permission com.oppo.permission.safe.SECURITY for com.heytap.pictorial
07-22 10:11:07.253  1509  1574 D ColorSensitivePermGrantPolicyManager: allow refined permission com.oppo.permission.safe.SETTINGS for com.heytap.pictorial
07-22 10:11:07.254  1509  1574 I PackageManager: Un-granting permission android.permission.INTERACT_ACROSS_USERS from package com.heytap.pictorial (protectionLevel=50 flags=0x20c83e85)
07-22 10:11:07.255  1509  1574 I PackageManager: Un-granting permission android.permission.MANAGE_USERS from package com.heytap.pictorial (protectionLevel=18 flags=0x20c83e85)
07-22 10:11:07.255  1509  1574 D ColorSensitivePermGrantPolicyManager: allow refined permission com.oppo.permission.safe.SAU for com.heytap.pictorial
07-22 10:11:07.258  1509  1574 I PackageManager: Un-granting permission android.permission.SYSTEM_ALERT_WINDOW from package org.telegram.messenger (protectionLevel=1250 flags=0x289bbe44)
07-22 10:11:07.259  1509  1574 I PackageManager: Un-granting permission android.permission.REQUEST_INSTALL_PACKAGES from package org.telegram.messenger (protectionLevel=66 flags=0x289bbe44)
07-22 10:11:07.259  1509  1574 I PackageManager: Un-granting permission android.permission.READ_APP_BADGE from package org.telegram.messenger (protectionLevel=18 flags=0x289bbe44)
07-22 10:11:07.259  1509  1574 I PackageManager: Un-granting permission com.oppo.launcher.permission.WRITE_SETTINGS from package org.telegram.messenger (protectionLevel=18 flags=0x289bbe44)
07-22 10:11:07.260  1509  1574 D ColorSensitivePermGrantPolicyManager: allow refined permission oppo.permission.OPPO_COMPONENT_SAFE for com.android.providers.media
07-22 10:11:07.260  1509  1574 I PackageManager: Un-granting permission android.permission.GRANT_RUNTIME_PERMISSIONS from package com.oppo.locationpicker (protectionLevel=770 flags=0x38c83e45)
07-22 10:11:07.260  1509  1574 I PackageManager: Un-granting permission android.permission.INTERACT_ACROSS_USERS from package com.oppo.locationpicker (protectionLevel=50 flags=0x38c83e45)
07-22 10:11:07.260  1509  1574 D ColorSensitivePermGrantPolicyManager: allow refined permission oppo.permission.OPPO_COMPONENT_SAFE for com.oppo.locationpicker
07-22 10:11:07.261  1509  1574 I PackageManager: Un-granting permission android.permission.STATUS_BAR_SERVICE from package com.heytap.cloud (protectionLevel=2 flags=0x20d83ec5)
07-22 10:11:07.261  1509  1574 D ColorSensitivePermGrantPolicyManager: allow refined permission oppo.permission.OPPO_COMPONENT_SAFE for com.heytap.cloud
07-22 10:11:07.261  1509  1574 I PackageManager: Un-granting permission com.heytap.usercenter.permission.RECIEVE_MESSAGE_HEYTAP from package com.heytap.cloud (protectionLevel=18 flags=0x20d83ec5)
07-22 10:11:07.261  1509  1574 I PackageManager: Un-granting permission android.permission.INSTALL_PACKAGES from package com.heytap.cloud (protectionLevel=18 flags=0x20d83ec5)
07-22 10:11:07.264  1509  1574 D ColorSensitivePermGrantPolicyManager: allow refined permission com.oppo.permission.safe.BACKUP for com.heytap.cloud
07-22 10:11:07.265  1509  1574 I PackageManager: Un-granting permission android.permission.REQUEST_INSTALL_PACKAGES from package com.heytap.cloud (protectionLevel=66 flags=0x20d83ec5)
07-22 10:11:07.265  1509  1574 D ColorSensitivePermGrantPolicyManager: allow refined permission com.oppo.permission.safe.CLOUD for com.heytap.cloud
07-22 10:11:07.266  1509  1574 I PackageManager: Un-granting permission com.heytap.mcs.permission.SEND_PUSH_MESSAGE from package com.heytap.cloud (protectionLevel=18 flags=0x20d83ec5)
07-22 10:11:07.267  1509  1574 D ColorSensitivePermGrantPolicyManager: allow refined permission com.oppo.permission.safe.PRIVATE for com.heytap.cloud
07-22 10:11:07.268  1509  1574 D ColorSensitivePermGrantPolicyManager: allow refined permission com.oppo.permission.safe.SECURITY for com.heytap.cloud
07-22 10:11:07.276  1509  1574 I PackageManager: Un-granting permission android.permission.REQUEST_INSTALL_PACKAGES from package com.whatsapp (protectionLevel=66 flags=0x20cbbe44)
07-22 10:11:07.276  1509  1574 I PackageManager: Un-granting permission android.permission.HIDE_NON_SYSTEM_OVERLAY_WINDOWS from package com.android.companiondevicemanager (protectionLevel=258 flags=0x30c83e45)
07-22 10:11:07.277  1509  1574 D ColorSensitivePermGrantPolicyManager: allow refined permission oppo.permission.OPPO_COMPONENT_SAFE for com.coloros.weather.service
07-22 10:11:07.283  1509  1574 D ColorSensitivePermGrantPolicyManager: allow refined permission oppo.permission.OPPO_COMPONENT_SAFE for com.android.providers.downloads
07-22 10:11:07.284  1509  1574 D ColorSensitivePermGrantPolicyManager: allow refined permission oppo.permission.OPPO_COMPONENT_SAFE for com.coloros.providers.downloads.ui
07-22 10:11:07.284  1509  1574 I PackageManager: Un-granting permission android.permission.REQUEST_INSTALL_PACKAGES from package com.coloros.providers.downloads.ui (protectionLevel=66 flags=0x30c83e45)
07-22 10:11:07.289  1509  1574 D ColorSensitivePermGrantPolicyManager: allow refined permission oppo.permission.OPPO_COMPONENT_SAFE for com.coloros.blacklistapp
07-22 10:11:07.289  1509  1574 I PackageManager: Un-granting permission android.permission.WRITE_BLOCKED_NUMBERS from package com.coloros.blacklistapp (protectionLevel=2 flags=0x38c83e05)
07-22 10:11:07.289  1509  1574 I PackageManager: Un-granting permission android.permission.READ_BLOCKED_NUMBERS from package com.coloros.blacklistapp (protectionLevel=2 flags=0x38c83e05)
07-22 10:11:07.294  1509  1574 D ColorSensitivePermGrantPolicyManager: allow refined permission com.oppo.permission.safe.SAU for com.coloros.blacklistapp
07-22 10:11:07.295  1509  1574 I PackageManager: Un-granting permission android.permission.READ_APP_BADGE from package com.parrot.downloader (protectionLevel=18 flags=0x38c8be44)
07-22 10:11:07.295  1509  1574 I PackageManager: Un-granting permission com.oppo.launcher.permission.WRITE_SETTINGS from package com.parrot.downloader (protectionLevel=18 flags=0x38c8be44)
07-22 10:11:07.297  1509  1574 I PackageManager: Un-granting permission android.permission.REQUEST_INSTALL_PACKAGES from package com.heytap.market (protectionLevel=66 flags=0x38c83ec5)
07-22 10:11:07.300  1509  1574 D ColorSensitivePermGrantPolicyManager: allow refined permission com.oppo.permission.safe.SAFE_MANAGER for com.heytap.market
07-22 10:11:07.300  1509  1574 I PackageManager: Un-granting permission android.permission.FORCE_STOP_PACKAGES from package com.heytap.market (protectionLevel=18 flags=0x38c83ec5)
07-22 10:11:07.300  1509  1574 D ColorSensitivePermGrantPolicyManager: allow refined permission oppo.permission.OPPO_COMPONENT_SAFE for com.heytap.market
07-22 10:11:07.301  1509  1574 D ColorSensitivePermGrantPolicyManager: allow refined permission com.oppo.permission.safe.SECURITY for com.heytap.market
07-22 10:11:07.301  1509  1574 D ColorSensitivePermGrantPolicyManager: allow refined permission com.oppo.permission.safe.SAU for com.heytap.market
07-22 10:11:07.304  1509  1574 I PackageManager: Un-granting permission android.permission.HIDE_NON_SYSTEM_OVERLAY_WINDOWS from package com.android.vending (protectionLevel=258 flags=0x20cabec5)
07-22 10:11:07.306  1509  1574 I PackageManager: Un-granting permission android.permission.SEND_DOWNLOAD_COMPLETED_INTENTS from package com.android.vending (protectionLevel=2 flags=0x20cabec5)
07-22 10:11:07.311  1509  1574 I PackageManager: Un-granting permission android.permission.WRITE_SETTINGS from package messenger.social.chat.apps (protectionLevel=1218 flags=0x30d8be44)
07-22 10:11:07.311  1509  1574 I PackageManager: Un-granting permission android.permission.SYSTEM_ALERT_WINDOW from package messenger.social.chat.apps (protectionLevel=1250 flags=0x30d8be44)
07-22 10:11:07.311  1509  1574 I PackageManager: Un-granting permission android.permission.MODIFY_PHONE_STATE from package messenger.social.chat.apps (protectionLevel=18 flags=0x30d8be44)
07-22 10:11:07.312  1509  1574 I PackageManager: Un-granting permission android.permission.PACKAGE_USAGE_STATS from package messenger.social.chat.apps (protectionLevel=114 flags=0x30d8be44)
07-22 10:11:07.312  1509  1574 I PackageManager: Un-granting permission com.oppo.launcher.permission.WRITE_SETTINGS from package messenger.social.chat.apps (protectionLevel=18 flags=0x30d8be44)
07-22 10:11:07.313  1509  1574 I PackageManager: Un-granting permission android.permission.REQUEST_INSTALL_PACKAGES from package com.brave.browser (protectionLevel=66 flags=0x20c83e44)
07-22 10:11:07.315  1509  1574 I PackageManager: Un-granting permission com.google.android.googleapps.permission.GOOGLE_AUTH.mail from package com.android.contacts (protectionLevel=2 flags=0x30c83e45)
07-22 10:11:07.315  1509  1574 I PackageManager: Un-granting permission android.permission.ACCESS_BLUETOOTH_SHARE from package com.android.contacts (protectionLevel=2 flags=0x30c83e45)
07-22 10:11:07.316  1509  1574 D ColorSensitivePermGrantPolicyManager: allow refined permission oppo.permission.OPPO_COMPONENT_SAFE for com.android.contacts
07-22 10:11:07.317  1509  1574 D ColorSensitivePermGrantPolicyManager: allow refined permission com.oppo.permission.safe.SAU for com.android.contacts
07-22 10:11:07.318  1509  1574 D ColorSensitivePermGrantPolicyManager: allow refined permission com.oppo.permission.safe.UPDATE for com.android.contacts
07-22 10:11:07.318  1509  1574 I PackageManager: Un-granting permission android.permission.SYSTEM_ALERT_WINDOW from package com.emoji.keyboard.touchpal.oppo (protectionLevel=1250 flags=0x18c8be44)
07-22 10:11:07.318  1509  1574 I PackageManager: Un-granting permission android.permission.MANAGE_ACTIVITY_STACKS from package com.emoji.keyboard.touchpal.oppo (protectionLevel=2 flags=0x18c8be44)
07-22 10:11:07.319  1509  1574 I PackageManager: Un-granting permission android.permission.BIND_ACCESSIBILITY_SERVICE from package com.emoji.keyboard.touchpal.oppo (protectionLevel=2 flags=0x18c8be44)
07-22 10:11:07.319  1509  1574 D ColorSensitivePermGrantPolicyManager: allow refined permission oppo.permission.OPPO_COMPONENT_SAFE for com.ted.number
07-22 10:11:07.320  1509  1574 I PackageManager: Un-granting permission android.permission.DEVICE_POWER from package com.android.mms (protectionLevel=2 flags=0x38c83e25)
07-22 10:11:07.321  1509  1574 D ColorSensitivePermGrantPolicyManager: allow refined permission oppo.permission.OPPO_COMPONENT_SAFE for com.android.mms
07-22 10:11:07.322  1509  1574 D ColorSensitivePermGrantPolicyManager: allow refined permission com.oppo.permission.safe.SECURITY for com.android.mms
07-22 10:11:07.322  1509  1574 I PackageManager: Un-granting permission android.permission.MANAGE_APP_OPS_MODES from package com.android.mms (protectionLevel=770 flags=0x38c83e25)
07-22 10:11:07.323  1509  1574 D ColorSensitivePermGrantPolicyManager: allow refined permission com.oppo.permission.safe.SAU for com.android.mms
07-22 10:11:07.324  1509  1574 I PackageManager: Un-granting permission android.permission.CAPTURE_VIDEO_OUTPUT from package com.instagram.android (protectionLevel=2 flags=0x34d9be64)
07-22 10:11:07.324  1509  1574 D ColorSensitivePermGrantPolicyManager: allow refined permission oppo.permission.OPPO_COMPONENT_SAFE for com.coloros.assistantscreen
07-22 10:11:07.326  1509  1574 D ColorSensitivePermGrantPolicyManager: allow refined permission com.oppo.permission.safe.SAU for com.coloros.assistantscreen
07-22 10:11:07.326  1509  1574 I PackageManager: Un-granting permission android.permission.REQUEST_INSTALL_PACKAGES from package org.localsend.localsend_app (protectionLevel=66 flags=0x28c8be44)
07-22 10:11:07.328  1509  1574 I PackageManager: Un-granting permission android.permission.REQUEST_INSTALL_PACKAGES from package com.google.android.gm (protectionLevel=66 flags=0x28dbbec5)
07-22 10:11:07.335  1509  1574 I PackageManager: Un-granting permission android.permission.REBOOT from package com.google.android.apps.wellbeing (protectionLevel=18 flags=0x20cbbec5)
07-22 10:11:07.335  1509  1574 I PackageManager: Un-granting permission android.permission.REAL_GET_TASKS from package com.google.android.apps.wellbeing (protectionLevel=18 flags=0x20cbbec5)
07-22 10:11:07.335  1509  1574 I PackageManager: Un-granting permission android.permission.START_TASKS_FROM_RECENTS from package com.google.android.apps.wellbeing (protectionLevel=18 flags=0x20cbbec5)
07-22 10:11:07.335  1509  1574 I PackageManager: Un-granting permission android.permission.MODIFY_DAY_NIGHT_MODE from package com.google.android.apps.wellbeing (protectionLevel=18 flags=0x20cbbec5)
07-22 10:11:07.336  1509  1574 D ColorSensitivePermGrantPolicyManager: allow refined permission oppo.permission.OPPO_COMPONENT_SAFE for com.coloros.smartdrive
07-22 10:11:07.336  1509  1574 I PackageManager: Un-granting permission android.permission.NETWORK_SETTINGS from package com.redteamobile.roaming (protectionLevel=2 flags=0x30c83e45)
07-22 10:11:07.336  1509  1574 I PackageManager: Un-granting permission android.permission.NETWORK_SETUP_WIZARD from package com.redteamobile.roaming (protectionLevel=2050 flags=0x30c83e45)
07-22 10:11:07.336  1509  1574 I PackageManager: Un-granting permission android.permission.NETWORK_MANAGED_PROVISIONING from package com.redteamobile.roaming (protectionLevel=2 flags=0x30c83e45)
07-22 10:11:07.336  1509  1574 I PackageManager: Un-granting permission android.permission.NETWORK_STACK from package com.redteamobile.roaming (protectionLevel=2 flags=0x30c83e45)
07-22 10:11:07.338  1509  1574 D ColorSensitivePermGrantPolicyManager: allow refined permission com.oppo.permission.safe.SAU for com.redteamobile.roaming
07-22 10:11:07.339  1509  1574 D ColorSensitivePermGrantPolicyManager: allow refined permission oppo.permission.OPPO_COMPONENT_SAFE for com.coloros.translate.engine
07-22 10:11:07.340  1509  1574 I PackageManager: Un-granting permission android.permission.SYSTEM_ALERT_WINDOW from package com.mxtech.videoplayer.ad (protectionLevel=1250 flags=0x38983e44)
07-22 10:11:07.341  1509  1574 I PackageManager: Un-granting permission android.permission.WRITE_SETTINGS from package com.mxtech.videoplayer.ad (protectionLevel=1218 flags=0x38983e44)
07-22 10:11:07.344  1509  1574 D ColorSensitivePermGrantPolicyManager: permission-key is not suitable for com.oppo.launcher: 834EC61E44D6D51F677AED07EB68D3A5F4426643F09F3F0B2D3CE8872803ECE3;07FB3E84B1F9A67519C4F15B97056D7D139EF52B416E2629374342F38B334DE9;07FB3E84B1F9A67519C4F15B97056D7D139EF52B416E2629374342F38B334DE9;07FB3E84B1F9A67519C4F15B97056D7D139EF52B416E2629374342F38B334DE9;07FB3E84B1F9A67519C4F15B97056D7D139EF52B416E2629374342F38B334DE9
07-22 10:11:07.344  1509  1574 I PackageManager: Un-granting permission com.oppo.permission.safe.PRIVATE from package com.oppo.launcher (protectionLevel=2 flags=0x38d83e45)
07-22 10:11:07.344  1509  1574 I PackageManager: Un-granting permission android.permission.MANAGE_ACTIVITY_STACKS from package com.oppo.launcher (protectionLevel=2 flags=0x38d83e45)
07-22 10:11:07.345  1509  1574 I PackageManager: Un-granting permission android.permission.INJECT_EVENTS from package com.oppo.launcher (protectionLevel=2 flags=0x38d83e45)
07-22 10:11:07.345  1509  1574 I PackageManager: Un-granting permission android.permission.MODIFY_APPWIDGET_BIND_PERMISSIONS from package com.oppo.launcher (protectionLevel=18 flags=0x38d83e45)
07-22 10:11:07.347  1509  1574 D ColorSensitivePermGrantPolicyManager: allow refined permission oppo.permission.OPPO_COMPONENT_SAFE for com.coloros.wallpapers
07-22 10:11:07.348  1509  1574 D ColorSensitivePermGrantPolicyManager: allow refined permission oppo.permission.OPPO_COMPONENT_SAFE for com.coloros.weather2
07-22 10:11:07.349  1509  1574 I PackageManager: Un-granting permission android.permission.GRANT_RUNTIME_PERMISSIONS from package com.coloros.weather2 (protectionLevel=770 flags=0x30c83e45)
07-22 10:11:07.349  1509  1574 I PackageManager: Un-granting permission android.permission.READ_LOGS from package com.coloros.weather2 (protectionLevel=50 flags=0x30c83e45)
07-22 10:11:07.351  1509  1574 D ColorSensitivePermGrantPolicyManager: allow refined permission com.oppo.permission.safe.SAU for com.coloros.weather2
07-22 10:11:07.351  1509  1574 I PackageManager: Un-granting permission android.permission.READ_PRIVILEGED_PHONE_STATE from package com.coloros.weather2 (protectionLevel=18 flags=0x30c83e45)
07-22 10:11:07.352  1509  1574 I PackageManager: Un-granting permission android.permission.WRITE_SETTINGS from package com.google.android.contacts (protectionLevel=1218 flags=0x20cbbe44)
07-22 10:11:07.353  1509  1574 I PackageManager: Un-granting permission android.permission.INTERACT_ACROSS_USERS from package com.google.android.syncadapters.contacts (protectionLevel=50 flags=0x20883e45)
07-22 10:11:07.355  1509  1574 I PackageManager: Un-granting permission android.permission.REQUEST_INSTALL_PACKAGES from package com.android.chrome (protectionLevel=66 flags=0xa0cbbec5)
07-22 10:11:07.356  1509  1574 D ColorSensitivePermGrantPolicyManager: allow refined permission oppo.permission.OPPO_COMPONENT_SAFE for com.coloros.compass2
07-22 10:11:07.357  1509  1574 D ColorSensitivePermGrantPolicyManager: allow refined permission com.oppo.permission.safe.SAU for com.coloros.compass2
07-22 10:11:07.359  1509  1574 D ColorSensitivePermGrantPolicyManager: allow refined permission com.oppo.permission.safe.SECURITY for com.nearme.gamecenter
07-22 10:11:07.360  1509  1574 D ColorSensitivePermGrantPolicyManager: allow refined permission com.oppo.permission.safe.ACCOUNTS for com.nearme.gamecenter
07-22 10:11:07.360  1509  1574 I PackageManager: Un-granting permission android.permission.WRITE_SECURE_SETTINGS from package com.nearme.gamecenter (protectionLevel=50 flags=0x30c83ec5)
07-22 10:11:07.360  1509  1574 I PackageManager: Un-granting permission android.permission.MOVE_PACKAGE from package com.nearme.gamecenter (protectionLevel=18 flags=0x30c83ec5)
07-22 10:11:07.360  1509  1574 I PackageManager: Un-granting permission android.permission.INTERACT_ACROSS_USERS from package com.nearme.gamecenter (protectionLevel=50 flags=0x30c83ec5)
07-22 10:11:07.360  1509  1574 D ColorSensitivePermGrantPolicyManager: allow refined permission oppo.permission.OPPO_COMPONENT_SAFE for com.nearme.gamecenter
07-22 10:11:07.360  1509  1574 I PackageManager: Un-granting permission com.heytap.mcs.permission.SEND_PUSH_MESSAGE from package com.nearme.gamecenter (protectionLevel=18 flags=0x30c83ec5)
07-22 10:11:07.361  1509  1574 I PackageManager: Un-granting permission com.coloros.mcs.permission.SEND_MCS_MESSAGE from package com.nearme.gamecenter (protectionLevel=18 flags=0x30c83ec5)
07-22 10:11:07.361  1509  1574 I PackageManager: Un-granting permission android.permission.MOUNT_UNMOUNT_FILESYSTEMS from package com.nearme.gamecenter (protectionLevel=18 flags=0x30c83ec5)
07-22 10:11:07.361  1509  1574 I PackageManager: Un-granting permission android.permission.PACKAGE_USAGE_STATS from package com.nearme.gamecenter (protectionLevel=114 flags=0x30c83ec5)
07-22 10:11:07.361  1509  1574 I PackageManager: Un-granting permission com.oppo.launcher.permission.WRITE_SETTINGS from package com.nearme.gamecenter (protectionLevel=18 flags=0x30c83ec5)
07-22 10:11:07.362  1509  1574 D ColorSensitivePermGrantPolicyManager: allow refined permission com.oppo.permission.safe.SAU for com.nearme.gamecenter
07-22 10:11:07.362  1509  1574 I PackageManager: Un-granting permission android.permission.REQUEST_INSTALL_PACKAGES from package com.nearme.gamecenter (protectionLevel=66 flags=0x30c83ec5)
07-22 10:11:07.364  1509  1574 I PackageManager: Un-granting permission android.permission.WRITE_EMBEDDED_SUBSCRIPTIONS from package com.google.android.gms (protectionLevel=50 flags=0xa0cabec5)
07-22 10:11:07.364  1509  1574 I PackageManager: Un-granting permission android.permission.CAPTURE_VIDEO_OUTPUT from package com.google.android.gms (protectionLevel=2 flags=0xa0cabec5)
07-22 10:11:07.364  1509  1574 I PackageManager: Un-granting permission android.permission.FORCE_STOP_PACKAGES from package com.google.android.gms (protectionLevel=18 flags=0xa0cabec5)
07-22 10:11:07.365  1509  1574 I PackageManager: Un-granting permission android.permission.OBSERVE_ROLE_HOLDERS from package com.google.android.gms (protectionLevel=258 flags=0xa0cabec5)
07-22 10:11:07.365  1509  1574 I PackageManager: Un-granting permission android.permission.MODIFY_DEFAULT_AUDIO_EFFECTS from package com.google.android.gms (protectionLevel=18 flags=0xa0cabec5)
07-22 10:11:07.366  1509  1574 I PackageManager: Un-granting permission android.permission.MANAGE_DEVICE_ADMINS from package com.google.android.gms (protectionLevel=2 flags=0xa0cabec5)
07-22 10:11:07.366  1509  1574 I PackageManager: Un-granting permission android.permission.MANAGE_ACTIVITY_STACKS from package com.google.android.gms (protectionLevel=2 flags=0xa0cabec5)
07-22 10:11:07.367  1509  1574 I PackageManager: Un-granting permission android.permission.CAPTURE_SECURE_VIDEO_OUTPUT from package com.google.android.gms (protectionLevel=2 flags=0xa0cabec5)
07-22 10:11:07.367  1509  1574 I PackageManager: Un-granting permission android.permission.PACKET_KEEPALIVE_OFFLOAD from package com.google.android.gms (protectionLevel=18 flags=0xa0cabec5)
07-22 10:11:07.367  1509  1574 I PackageManager: Un-granting permission android.permission.MANAGE_ROLLBACKS from package com.google.android.gms (protectionLevel=514 flags=0xa0cabec5)
07-22 10:11:07.367  1509  1574 I PackageManager: Un-granting permission android.permission.MEDIA_CONTENT_CONTROL from package com.google.android.gms (protectionLevel=18 flags=0xa0cabec5)
07-22 10:11:07.368  1509  1574 I PackageManager: Un-granting permission android.permission.HIDE_NON_SYSTEM_OVERLAY_WINDOWS from package com.google.android.gms (protectionLevel=258 flags=0xa0cabec5)
07-22 10:11:07.370  1509  1574 I PackageManager: Un-granting permission android.permission.UPDATE_APP_OPS_STATS from package com.google.android.tts (protectionLevel=274 flags=0x34cbbec5)
07-22 10:11:07.374  1509  1574 I PackageManager: Un-granting permission android.permission.START_ACTIVITIES_FROM_BACKGROUND from package com.google.android.tts (protectionLevel=49682 flags=0x34cbbec5)
07-22 10:11:07.378  1509  1574 I PackageManager: Un-granting permission android.permission.WRITE_SETTINGS from package org.videolan.vlc (protectionLevel=1218 flags=0x38d8be44)
07-22 10:11:07.378  1509  1574 I PackageManager: Un-granting permission android.permission.SYSTEM_ALERT_WINDOW from package org.videolan.vlc (protectionLevel=1250 flags=0x38d8be44)
