07-22 10:13:04.840  1509  3891 D ColorAppListInterceptManager: shouldFilterTask
07-22 10:13:04.840  1509  3891 D ColorAppListInterceptManager: shouldFilterTask::packageName = com.oppo.quicksearchbox
07-22 10:13:04.855  1509 23950 I ActivityManager: Collecting stacks for pid 3090
07-22 10:13:04.903  1509  3891 W ActivityManager: Missing app error report, app = com.example.drivetracker.drive_tracker crashing = false notResponding = true
07-22 10:13:04.931  1509 23950 D ActivityManager: Done with pid 3090 in 76ms
07-22 10:13:05.219 15782 18122 W ContextImpl: Calling a method in the system process without a qualified user: android.app.ContextImpl.startService:1609 android.content.ContextWrapper.startService:680 com.coloros.statistics.dcs.record.RecordHandler.startDcsService:206 com.coloros.statistics.dcs.record.RecordHandler.addTask:133 com.coloros.statistics.dcs.agent.CommonAgent.recordCommon:14 
07-22 10:13:05.320 23704 23704 D ColorViewRootUtil: nav gesture mode swipeFromBottom ignore false downY 2253 mScreenHeight 2340 mScreenWidth 1080 mStatusBarHeight 54 globalScale 1.125 nav mode 3 event MotionEvent { action=ACTION_DOWN, actionButton=0, id[0]=0, x[0]=190.0, y[0]=2253.0, toolType[0]=TOOL_TYPE_FINGER, buttonState=0, classification=NONE, metaState=0, flags=0x2, edgeFlags=0x0, pointerCount=1, historySize=0, eventTime=37732425, downTime=37732425, deviceId=3, source=0x1002, displayId=0 } rotation 0
07-22 10:13:05.404  1509  2082 W ActivityManager: Missing app error report, app = com.example.drivetracker.drive_tracker crashing = false notResponding = true
07-22 10:13:05.905  1509  2501 W ActivityManager: Missing app error report, app = com.example.drivetracker.drive_tracker crashing = false notResponding = true
07-22 10:13:05.932  1509 23950 I ActivityManager: Collecting stacks for pid 3001
07-22 10:13:06.045  1509 23950 D ActivityManager: Done with pid 3001 in 113ms
07-22 10:13:06.243 15782 18122 W ContextImpl: Calling a method in the system process without a qualified user: android.app.ContextImpl.startService:1609 android.content.ContextWrapper.startService:680 com.coloros.statistics.dcs.record.RecordHandler.startDcsService:206 com.coloros.statistics.dcs.record.RecordHandler.addTask:133 com.coloros.statistics.dcs.agent.CommonAgent.recordCommon:14 
07-22 10:13:06.407  1509  2502 W ActivityManager: Missing app error report, app = com.example.drivetracker.drive_tracker crashing = false notResponding = true
07-22 10:13:06.451  1509  1532 V WindowOrientationListener: Proposed rotation changed!  mDesiredRotation=1, newRotation=1
07-22 10:13:06.572 23704 23704 D ColorViewRootUtil: nav gesture mode swipeFromBottom ignore true downY 1190 mScreenHeight 2340 mScreenWidth 1080 mStatusBarHeight 54 globalScale 1.125 nav mode 3 event MotionEvent { action=ACTION_DOWN, actionButton=0, id[0]=0, x[0]=1068.0, y[0]=1190.0, toolType[0]=TOOL_TYPE_FINGER, buttonState=0, classification=NONE, metaState=0, flags=0x2, edgeFlags=0x0, pointerCount=1, historySize=0, eventTime=37733680, downTime=37733680, deviceId=3, source=0x1002, displayId=0 } rotation 0
07-22 10:13:06.751 23704 23704 D ColorViewRootUtil: do not ignore inject event MotionEvent:MotionEvent { action=ACTION_DOWN, actionButton=0, id[0]=0, x[0]=1068.0, y[0]=1190.0, toolType[0]=TOOL_TYPE_FINGER, buttonState=0, classification=NONE, metaState=0, flags=0x2, edgeFlags=0x0, pointerCount=1, historySize=0, eventTime=37733680, downTime=37733679, deviceId=3, source=0x1002, displayId=0 }
07-22 10:13:06.767  1509  2501 D ColorDisplayPolicyEx: isNavBarFollowScreenRotation mNavBarPositionFollowScreenRotation 1mNavigationBarMode 3
07-22 10:13:06.767  1509  2501 D WindowManager:  isNavBarFollowScreenRotation true displayRotation 0
07-22 10:13:06.908  1509  2082 W ActivityManager: Missing app error report, app = com.example.drivetracker.drive_tracker crashing = false notResponding = true
07-22 10:13:06.950 23704 23704 D ColorViewRootUtil: nav gesture mode swipeFromBottom ignore true downY 1186 mScreenHeight 2340 mScreenWidth 1080 mStatusBarHeight 54 globalScale 1.125 nav mode 3 event MotionEvent { action=ACTION_DOWN, actionButton=0, id[0]=0, x[0]=1068.0, y[0]=1186.0, toolType[0]=TOOL_TYPE_FINGER, buttonState=0, classification=NONE, metaState=0, flags=0x2, edgeFlags=0x0, pointerCount=1, historySize=0, eventTime=37734054, downTime=37734054, deviceId=3, source=0x1002, displayId=0 } rotation 0
07-22 10:13:06.963  1509  2082 I WindowManager: Relayout Window{a93fa51 u0 ColorSideGestureRight}: oldVis=8 newVis=0 focusMayChange = true
07-22 10:13:06.963  1509  2082 D ColorDisplayPolicyEx: isNavBarFollowScreenRotation mNavBarPositionFollowScreenRotation 1mNavigationBarMode 3
07-22 10:13:06.963  1509  2082 D WindowManager:  isNavBarFollowScreenRotation true displayRotation 0
07-22 10:13:06.991  1509  1535 D ColorDisplayPolicyEx: isNavBarFollowScreenRotation mNavBarPositionFollowScreenRotation 1mNavigationBarMode 3
07-22 10:13:06.991  1509  1535 D WindowManager:  isNavBarFollowScreenRotation true displayRotation 0
07-22 10:13:07.046  1509 23950 I ActivityManager: Collecting stacks for pid 2011
07-22 10:13:07.055 16188 16188 D ColorViewRootUtil: do not ignore inject event MotionEvent:MotionEvent { action=ACTION_DOWN, actionButton=0, id[0]=1, x[0]=315.0, y[0]=30.0, toolType[0]=TOOL_TYPE_FINGER, buttonState=0, classification=NONE, metaState=0, flags=0x0, edgeFlags=0x0, pointerCount=1, historySize=0, eventTime=37734164, downTime=37734054, deviceId=3, source=0x1002, displayId=0 }
07-22 10:13:07.061 23704 23704 D ColorViewRootUtil: do not ignore inject event MotionEvent:MotionEvent { action=ACTION_DOWN, actionButton=0, id[0]=0, x[0]=1068.0, y[0]=1186.0, toolType[0]=TOOL_TYPE_FINGER, buttonState=0, classification=NONE, metaState=0, flags=0x2, edgeFlags=0x0, pointerCount=1, historySize=0, eventTime=37734054, downTime=37734053, deviceId=3, source=0x1002, displayId=0 }
07-22 10:13:07.076 16188 16188 D ColorViewRootUtil: do not ignore inject event MotionEvent:MotionEvent { action=ACTION_DOWN, actionButton=0, id[0]=1, x[0]=315.0, y[0]=30.0, toolType[0]=TOOL_TYPE_FINGER, buttonState=0, classification=NONE, metaState=0, flags=0x0, edgeFlags=0x0, pointerCount=1, historySize=0, eventTime=37734164, downTime=37734053, deviceId=3, source=0x1002, displayId=0 }
07-22 10:13:07.100  1509  1509 V SettingsProvider: Notifying for 0: content://settings/secure/panel_bar_expandable
07-22 10:13:07.102  1509  2505 D ColorDisplayPolicyEx: isNavBarFollowScreenRotation mNavBarPositionFollowScreenRotation 1mNavigationBarMode 3
07-22 10:13:07.103  1509  2505 D WindowManager:  isNavBarFollowScreenRotation true displayRotation 0
07-22 10:13:07.106  1509  2505 V WindowManager: adjustNotShowWallpaperByOppo: false
07-22 10:13:07.106  1509  2505 D ColorDisplayPolicyEx: isNavBarFollowScreenRotation mNavBarPositionFollowScreenRotation 1mNavigationBarMode 3
07-22 10:13:07.106  1509  2505 D WindowManager:  isNavBarFollowScreenRotation true displayRotation 0
07-22 10:13:07.108  1509  2505 V WindowManager: Changing focus from Window{b46d6f8 u0 com.example.drivetracker.drive_tracker/com.example.drivetracker.drive_tracker.MainActivity} to Window{98e0ff0 u0 StatusBar}
07-22 10:13:07.116  1509  2505 D ColorDisplayPolicyEx: isNavBarFollowScreenRotation mNavBarPositionFollowScreenRotation 1mNavigationBarMode 3
07-22 10:13:07.116  1509  2505 D WindowManager:  isNavBarFollowScreenRotation true displayRotation 0
07-22 10:13:07.121  1509  2502 D ColorDisplayPolicyEx: isNavBarFollowScreenRotation mNavBarPositionFollowScreenRotation 1mNavigationBarMode 3
07-22 10:13:07.121  1509  2502 D WindowManager:  isNavBarFollowScreenRotation true displayRotation 0
07-22 10:13:07.300 16188 16188 D ColorViewRootUtil: nav gesture mode swipeFromBottom ignore true downY 144 mScreenHeight 2340 mScreenWidth 1080 mStatusBarHeight 54 globalScale 1.125 nav mode 3 event MotionEvent { action=ACTION_DOWN, actionButton=0, id[0]=0, x[0]=65.0, y[0]=144.0, toolType[0]=TOOL_TYPE_FINGER, buttonState=0, classification=NONE, metaState=0, flags=0x0, edgeFlags=0x0, pointerCount=1, historySize=0, eventTime=37734404, downTime=37734404, deviceId=3, source=0x1002, displayId=0 } rotation 0
07-22 10:13:07.301 16188 16188 D ColorViewRootUtil: do not ignore inject event MotionEvent:MotionEvent { action=ACTION_DOWN, actionButton=0, id[0]=0, x[0]=65.0, y[0]=144.0, toolType[0]=TOOL_TYPE_FINGER, buttonState=0, classification=NONE, metaState=0, flags=0x0, edgeFlags=0x0, pointerCount=1, historySize=0, eventTime=37734404, downTime=37734403, deviceId=3, source=0x1002, displayId=0 }
07-22 10:13:07.323  1509 23950 D ActivityManager: Done with pid 2011 in 277ms
07-22 10:13:07.360  1509  2502 I ActivityManager: Killing 21855:com.heytap.mcs:instant_provider/1000 (adj 999): empty #17
07-22 10:13:07.389 15782 18122 W ContextImpl: Calling a method in the system process without a qualified user: android.app.ContextImpl.startService:1609 android.content.ContextWrapper.startService:680 com.coloros.statistics.dcs.record.RecordHandler.startDcsService:206 com.coloros.statistics.dcs.record.RecordHandler.addTask:133 com.coloros.statistics.dcs.agent.CommonAgent.recordCommon:14 
07-22 10:13:07.409  1509  2501 W ActivityManager: Missing app error report, app = com.example.drivetracker.drive_tracker crashing = false notResponding = true
07-22 10:13:07.413  1509  1663 D MtkConnectivityService: ConnectivityService NetworkRequestInfo binderDied(NetworkRequest [ TRACK_DEFAULT id=1160, [ Capabilities: INTERNET&NOT_RESTRICTED&TRUSTED Uid: 1000] ], android.os.BinderProxy@de8bb72)
07-22 10:13:07.413  1509  3165 V ActivityManager: Death received in com.android.server.am.ActivityManagerService$AppDeathRecipient@60dc557 for thread android.os.BinderProxy@e47b844, mPid:21855,mApp:ProcessRecord{160bbc3 21855:com.heytap.mcs:instant_provider/1000}
07-22 10:13:07.413  1509  3165 I ActivityManager: Killing 21507:com.heytap.mcs:instant/1000 (adj 995): depends on provider com.heytap.mcs/com.nearme.instant.db.InstantProvider in dying proc com.heytap.mcs:instant_provider (adj 999)
07-22 10:13:07.414  1509  1679 D MtkConnectivityService: releasing NetworkRequest [ TRACK_DEFAULT id=1160, [ Capabilities: INTERNET&NOT_RESTRICTED&TRUSTED Uid: 1000] ] (release request)
07-22 10:13:07.422  1509  1551 I ActivityManager: Start proc 23974:com.coloros.floatassistant:float/1000 for service {com.coloros.floatassistant/com.coloros.floatassistant.FloatAssistantTileService}
07-22 10:13:07.445  1509  2082 D AppOps  : checkOperation: uid reject #1 for code 87 uid 10166 package com.google.android.apps.wellbeing
07-22 10:13:07.455  1509  2082 V ActivityManager: New death recipient com.android.server.am.ActivityManagerService$AppDeathRecipient@a5a9d04 for thread android.os.BinderProxy@98442ed, pid:23974,mApp:null
07-22 10:13:07.458  1509  2082 D DEBUG_VISIBILITY: mOccluded:false lastOccluded:false
07-22 10:13:07.466  1509  1551 I ActivityManager: Start proc 23993:com.android.settings/1000 for service {com.android.settings/com.coloros.settings.scenemode.SceneTileService}
07-22 10:13:07.492  1509  2082 V ActivityManager: Death received in com.android.server.am.ActivityManagerService$AppDeathRecipient@6badefb for thread android.os.BinderProxy@ea39b18, mPid:21507,mApp:ProcessRecord{c7fa33f 21507:com.heytap.mcs:instant/1000}
07-22 10:13:07.492  1509  1602 D MtkConnectivityService: ConnectivityService NetworkRequestInfo binderDied(NetworkRequest [ TRACK_DEFAULT id=1158, [ Capabilities: INTERNET&NOT_RESTRICTED&TRUSTED Uid: 1000] ], android.os.BinderProxy@ccb50cc)
07-22 10:13:07.493  1509  1679 D MtkConnectivityService: releasing NetworkRequest [ TRACK_DEFAULT id=1158, [ Capabilities: INTERNET&NOT_RESTRICTED&TRUSTED Uid: 1000] ] (release request)
07-22 10:13:07.504  1509  2082 V ActivityManager: New death recipient com.android.server.am.ActivityManagerService$AppDeathRecipient@ef7bf15 for thread android.os.BinderProxy@af2f22a, pid:23993,mApp:null
07-22 10:13:07.508  1509  2082 D DEBUG_VISIBILITY: mOccluded:false lastOccluded:false
07-22 10:13:07.514  1509  2501 D AppOps  : checkOperation: uid reject #1 for code 87 uid 10058 package com.coloros.screenrecorder
07-22 10:13:07.518  1509  1551 I ActivityManager: Start proc 24012:com.google.android.apps.wellbeing/u0a166 for service {com.google.android.apps.wellbeing/com.google.android.apps.wellbeing.screen.ui.GrayscaleTileService}
07-22 10:13:07.554  1509  1551 I ActivityManager: Start proc 24031:com.coloros.smartdrive/u0a35 for service {com.coloros.smartdrive/com.coloros.smartdrive.ui.SmartDriveTile}
07-22 10:13:07.555  1509  2501 V ActivityManager: New death recipient com.android.server.am.ActivityManagerService$AppDeathRecipient@1fc7794 for thread android.os.BinderProxy@566323d, pid:24012,mApp:null
07-22 10:13:07.559  1509  2501 D DEBUG_VISIBILITY: mOccluded:false lastOccluded:false
07-22 10:13:07.591  1509  1551 I ActivityManager: Start proc 24051:com.coloros.screenrecorder/u0a58 for service {com.coloros.screenrecorder/com.coloros.screenrecorder.services.QuickPanelService}
07-22 10:13:07.594  1509  2501 V ActivityManager: New death recipient com.android.server.am.ActivityManagerService$AppDeathRecipient@104b4df for thread android.os.BinderProxy@197252c, pid:24031,mApp:null
07-22 10:13:07.605  1509  2501 D DEBUG_VISIBILITY: mOccluded:false lastOccluded:false
07-22 10:13:07.635  1509  2501 V ActivityManager: New death recipient com.android.server.am.ActivityManagerService$AppDeathRecipient@dca60d7 for thread android.os.BinderProxy@5f6edc4, pid:24051,mApp:null
07-22 10:13:07.640  1509  2501 D DEBUG_VISIBILITY: mOccluded:false lastOccluded:false
07-22 10:13:07.889  1509  1532 V WindowOrientationListener: Proposed rotation changed!  mDesiredRotation=2, newRotation=2
07-22 10:13:07.911  1509  2082 W ActivityManager: Missing app error report, app = com.example.drivetracker.drive_tracker crashing = false notResponding = true
07-22 10:13:08.323  1509 23950 I ActivityManager: Collecting stacks for native pid 366
07-22 10:13:08.406   366   366 F libc    : crash_dump helper failed to exec
07-22 10:13:08.408  1509 23950 D ActivityManager: Done with native pid 366 in 85ms
07-22 10:13:08.409  1509 23950 I ActivityManager: Collecting stacks for native pid 563
07-22 10:13:08.413  1509  4751 W ActivityManager: Missing app error report, app = com.example.drivetracker.drive_tracker crashing = false notResponding = true
07-22 10:13:08.472  1509 23950 D ActivityManager: Done with native pid 563 in 63ms
07-22 10:13:08.472  1509 23950 I ActivityManager: Collecting stacks for native pid 572
07-22 10:13:08.583  1509 23950 D ActivityManager: Done with native pid 572 in 111ms
07-22 10:13:08.583  1509 23950 I ActivityManager: Collecting stacks for native pid 1106
07-22 10:13:08.642  1106  1106 F libc    : failed to wait for crash_dump helper: No child processes
07-22 10:13:08.668 15782 18122 W ContextImpl: Calling a method in the system process without a qualified user: android.app.ContextImpl.startService:1609 android.content.ContextWrapper.startService:680 com.coloros.statistics.dcs.record.RecordHandler.startDcsService:206 com.coloros.statistics.dcs.record.RecordHandler.addTask:133 com.coloros.statistics.dcs.agent.CommonAgent.recordCommon:14 
07-22 10:13:08.913  1509  2082 W ActivityManager: Missing app error report, app = com.example.drivetracker.drive_tracker crashing = false notResponding = true
07-22 10:13:08.981  1509 23950 D ActivityManager: Done with native pid 1106 in 398ms
07-22 10:13:08.981  1509 23950 I ActivityManager: Collecting stacks for native pid 1108
07-22 10:13:09.088  1108  1108 F libc    : failed to wait for crash_dump helper: No child processes
07-22 10:13:09.414  1509  2501 W ActivityManager: Missing app error report, app = com.example.drivetracker.drive_tracker crashing = false notResponding = true
07-22 10:13:09.875 15782 18122 W ContextImpl: Calling a method in the system process without a qualified user: android.app.ContextImpl.startService:1609 android.content.ContextWrapper.startService:680 com.coloros.statistics.dcs.record.RecordHandler.startDcsService:206 com.coloros.statistics.dcs.record.RecordHandler.addTask:133 com.coloros.statistics.dcs.agent.CommonAgent.recordCommon:14 
07-22 10:13:09.915  1509  2199 W ActivityManager: Missing app error report, app = com.example.drivetracker.drive_tracker crashing = false notResponding = true
07-22 10:13:10.299  1509 23950 D ActivityManager: Done with native pid 1108 in 1318ms
07-22 10:13:10.299  1509 23950 I ActivityManager: Collecting stacks for native pid 1111
07-22 10:13:10.416  1509  1626 W ActivityManager: Missing app error report, app = com.example.drivetracker.drive_tracker crashing = false notResponding = true
07-22 10:13:10.572  1509 23950 D ActivityManager: Done with native pid 1111 in 273ms
07-22 10:13:10.572  1509 23950 I ActivityManager: Collecting stacks for native pid 1113
07-22 10:13:10.857  1509 23950 D ActivityManager: Done with native pid 1113 in 285ms
07-22 10:13:10.857  1509 23950 I ActivityManager: Collecting stacks for native pid 1121
07-22 10:13:10.859  1509 23950 D ActivityManager: Done with native pid 1121 in 2ms
07-22 10:13:10.859  1509 23950 I ActivityManager: Collecting stacks for native pid 1124
07-22 10:13:10.917  1509  3893 W ActivityManager: Missing app error report, app = com.example.drivetracker.drive_tracker crashing = false notResponding = true
07-22 10:13:10.943  1509 23950 D ActivityManager: Done with native pid 1124 in 85ms
07-22 10:13:10.944  1509 23950 I ActivityManager: Collecting stacks for native pid 1125
07-22 10:13:11.012  1509 23950 D ActivityManager: Done with native pid 1125 in 68ms
07-22 10:13:11.012  1509 23950 I ActivityManager: Collecting stacks for native pid 1126
07-22 10:13:11.051  1509 23950 D ActivityManager: Done with native pid 1126 in 38ms
07-22 10:13:11.051  1509 23950 I ActivityManager: Collecting stacks for native pid 1127
07-22 10:13:11.057 15782 18122 W ContextImpl: Calling a method in the system process without a qualified user: android.app.ContextImpl.startService:1609 android.content.ContextWrapper.startService:680 com.coloros.statistics.dcs.record.RecordHandler.startDcsService:206 com.coloros.statistics.dcs.record.RecordHandler.addTask:133 com.coloros.statistics.dcs.agent.CommonAgent.recordCommon:14 
07-22 10:13:11.418  1509  3884 W ActivityManager: Missing app error report, app = com.example.drivetracker.drive_tracker crashing = false notResponding = true
07-22 10:13:11.622  1509 23950 D ActivityManager: Done with native pid 1127 in 571ms
07-22 10:13:11.622  1509 23950 I ActivityManager: Collecting stacks for native pid 1134
07-22 10:13:11.669  1509 23950 D ActivityManager: Done with native pid 1134 in 47ms
07-22 10:13:11.669  1509 23950 I ActivityManager: Collecting stacks for native pid 1137
07-22 10:13:11.919  1509  1626 W ActivityManager: Missing app error report, app = com.example.drivetracker.drive_tracker crashing = false notResponding = true
07-22 10:13:12.228  1509 23950 D ActivityManager: Done with native pid 1137 in 559ms
07-22 10:13:12.228  1509 23950 I ActivityManager: Collecting stacks for native pid 1152
07-22 10:13:12.284 15782 18122 W ContextImpl: Calling a method in the system process without a qualified user: android.app.ContextImpl.startService:1609 android.content.ContextWrapper.startService:680 com.coloros.statistics.dcs.record.RecordHandler.startDcsService:206 com.coloros.statistics.dcs.record.RecordHandler.addTask:133 com.coloros.statistics.dcs.agent.CommonAgent.recordCommon:14 
07-22 10:13:12.393  1509 23950 D ActivityManager: Done with native pid 1152 in 165ms
07-22 10:13:12.394  1509 23950 I ActivityManager: Done dumping
07-22 10:13:12.420  1509  3883 W ActivityManager: Missing app error report, app = com.example.drivetracker.drive_tracker crashing = false notResponding = true
07-22 10:13:12.475  1509 23950 D OppoThermalStats: reset mHaveCaptured:false
07-22 10:13:12.477  1509 23950 E ActivityManager: ANR in com.example.drivetracker.drive_tracker (com.example.drivetracker.drive_tracker/.MainActivity)
07-22 10:13:12.477  1509 23950 E ActivityManager: PID: 23704
07-22 10:13:12.477  1509 23950 E ActivityManager: Reason: Input dispatching timed out (Waiting to send non-key event because the touched window has not finished processing certain input events that were delivered to it over 500.0ms ago.  Wait queue length: 36.  Wait queue head age: 5508.5ms.)
07-22 10:13:12.477  1509 23950 E ActivityManager: Parent: com.example.drivetracker.drive_tracker/.MainActivity
07-22 10:13:12.477  1509 23950 E ActivityManager: Load: 33.89 / 33.01 / 32.01
07-22 10:13:12.477  1509 23950 E ActivityManager: CPU usage from 0ms to 9901ms later (2026-07-22 10:13:02.492 to 2026-07-22 10:13:12.394):
07-22 10:13:12.477  1509 23950 E ActivityManager:   84% 16141/com.nearme.statistics.rom: 66% user + 18% kernel / faults: 14952 minor
07-22 10:13:12.477  1509 23950 E ActivityManager:   71% 23704/com.example.drivetracker.drive_tracker: 53% user + 17% kernel / faults: 34057 minor 5 major
07-22 10:13:12.477  1509 23950 E ActivityManager:   33% 1509/system_server: 19% user + 14% kernel / faults: 3677 minor
07-22 10:13:12.477  1509 23950 E ActivityManager:   20% 572/surfaceflinger: 11% user + 8.3% kernel / faults: 519 minor
07-22 10:13:12.477  1509 23950 E ActivityManager:   18% 16188/com.android.systemui: 14% user + 4% kernel / faults: 9039 minor
07-22 10:13:12.477  1509 23950 E ActivityManager:   16% 533/android.hardware.graphics.composer@2.1-service: 5.7% user + 10% kernel / faults: 6911 minor
07-22 10:13:12.477  1509 23950 E ActivityManager:   7.3% 232/present_fence_w: 0% user + 7.3% kernel
07-22 10:13:12.477  1509 23950 E ActivityManager:   4.6% 292/exe_cq/0: 0% user + 4.6% kernel
07-22 10:13:12.477  1509 23950 E ActivityManager:   0.4% 1137/media.codec: 0.2% user + 0.1% kernel / faults: 8569 minor 6 major
07-22 10:13:12.477  1509 23950 E ActivityManager:   3% 138/kswapd0:0: 0% user + 3% kernel
07-22 10:13:12.477  1509 23950 E ActivityManager:   2.3% 1147/vendor.mediatek.hardware.pq@2.2-service: 0.3% user + 2% kernel
07-22 10:13:12.477  1509 23950 E ActivityManager:   2.3% 14582/kworker/u16:2: 0% user + 2.3% kernel
07-22 10:13:12.477  1509 23950 E ActivityManager:   2.2% 21190/kworker/u16:10: 0% user + 2.2% kernel
07-22 10:13:12.477  1509 23950 E ActivityManager:   2.1% 3259/kworker/u16:3: 0% user + 2.1% kernel
07-22 10:13:12.477  1509 23950 E ActivityManager:   2% 999/disp_queue_P0: 0% user + 2% kernel
07-22 10:13:12.477  1509 23950 E ActivityManager:   2% 2011/com.android.phone: 1.2% user + 0.8% kernel / faults: 3611 minor 22 major
07-22 10:13:12.477  1509 23950 E ActivityManager:   1.8% 15782/com.heytap.openid: 1.3% user + 0.5% kernel / faults: 536 minor
07-22 10:13:12.477  1509 23950 E ActivityManager:   1.8% 18629/kworker/u16:1: 0% user + 1.8% kernel
07-22 10:13:12.477  1509 23950 E ActivityManager:   1.7% 293/mmcqd/0: 0% user + 1.7% kernel
07-22 10:13:12.477  1509 23950 E ActivityManager:   1.7% 20151/kworker/u17:2: 0% user + 1.7% kernel
07-22 10:13:12.477  1509 23950 E ActivityManager:   1.3% 1106/zygote64: 0.1% user + 1.2% kernel / faults: 1005 minor
07-22 10:13:12.477  1509 23950 E ActivityManager:   1.3% 16495/kworker/u16:0: 0% user + 1.3% kernel
07-22 10:13:12.477  1509 23950 E ActivityManager:   1.3% 16869/kworker/u17:3: 0% user + 1.3% kernel
07-22 10:13:12.477  1509 23950 E ActivityManager:   1.3% 20069/kworker/u17:1: 0% user + 1.3% kernel
07-22 10:13:12.477  1509 23950 E ActivityManager:   1.1% 359/logd: 0.5% user + 0.6% kernel / faults: 47 minor
07-22 10:13:12.477  1509 23950 E ActivityManager:   0% 1152/media.swcodec: 0% user + 0% kernel / faults: 3071 minor 14 major
07-22 10:13:12.477  1509 23950 E ActivityManager:   1% 1803/com.coloros.persist.system: 0.7% user + 0.3% kernel / faults: 434 minor
07-22 10:13:12.477  1509 23950 E ActivityManager:   0.9% 181/pbm: 0% user + 0.9% kernel
07-22 10:13:12.477  1509 23950 E ActivityManager:   0% 3001/com.oppo.multimedia.dirac: 0% user + 0% kernel / faults: 3211 minor 12 major
07-22 10:13:12.477  1509 23950 E ActivityManager:   0.9% 14592/kworker/u16:12: 0% user + 0.9% kernel
07-22 10:13:12.477  1509 23950 E ActivityManager:   0.8% 14587/kworker/u16:8: 0% user + 0.8% kernel
07-22 10:13:12.477  1509 23950 E ActivityManager:   0% 3090/com.android.se: 0% user + 0% kernel / faults: 3247 minor 13 major
07-22 10:13:12.477  1509 23950 E ActivityManager:   0.6% 224/disp_idlemgr: 0% user + 0.6% kernel
07-22 10:13:12.477  1509 23950 E ActivityManager:   0% 1125/media.extractor: 0% user + 0% kernel / faults: 1783 minor 4 major
07-22 10:13:12.477  1509 23950 E ActivityManager:   0.5% 549/vendor.mediatek.hardware.mtkpower@1.0-service: 0.2% user + 0.3% kernel
07-22 10:13:12.477  1509 23950 E ActivityManager:   0.5% 1003/jbd2/dm-2-8: 0% user + 0.5% kernel
07-22 10:13:12.477  1509 23950 E ActivityManager:   0.5% 19871/com.google.android.ext.services: 0.5% user + 0% kernel / faults: 274 minor
07-22 10:13:12.477  1509 23950 E ActivityManager:   0.5% 20338/kworker/u16:5: 0% user + 0.5% kernel
07-22 10:13:12.477  1509 23950 E ActivityManager:   0.4% 104/dlpt_notify_thr: 0% user + 0.4% kernel
07-22 10:13:12.477  1509 23950 E ActivityManager:   0.4% 1130/netd: 0% user + 0.4% kernel / faults: 194 minor
07-22 10:13:12.477  1509 23950 E ActivityManager:   0.4% 2648/com.google.android.gms.persistent: 0.2% user + 0.2% kernel / faults: 415 minor
07-22 10:13:12.477  1509 23950 E ActivityManager:   0.4% 18963/com.instagram.android: 0.3% user + 0.1% kernel / faults: 61 minor
07-22 10:13:12.477  1509 23950 E ActivityManager:   0.3% 1/init: 0.3% user + 0% kernel / faults: 1 minor
07-22 10:13:12.477  1509 23950 E ActivityManager:   0.3% 8/rcu_preempt: 0% user + 0.3% kernel
07-22 10:13:12.477  1509 23950 E ActivityManager:   0.3% 282/ipi_cpu_dvfs_rt: 0% user + 0.3% kernel
07-22 10:13:12.477  1509 23950 E ActivityManager:   0.3% 569/lmkd: 0% user + 0.3% kernel
07-22 10:13:12.477  1509 23950 E ActivityManager:   0.3% 1134/statsd: 0.2% user + 0.1% kernel / faults: 165 minor 3 major
07-22 10:13:12.477  1509 23950 E ActivityManager:   0.3% 2039/com.oppo.launcher: 0.2% user + 0.1% kernel / faults: 220 minor
07-22 10:13:12.477  1509 23950 E ActivityManager:   0.3% 3486/com.coloros.floatassistant:edgepanel: 0.2% user + 0.1% kernel / faults: 405 minor
07-22 10:13:12.477  1509 23950 E ActivityManager:   0.3% 8535/com.dubox.drive: 0.2% user + 0.1% kernel / faults: 223 minor
07-22 10:13:12.477  1509 23950 E ActivityManager:   0.2% 11/migration/0: 0% user + 0.2% kernel
07-22 10:13:12.477  1509 23950 E ActivityManager:   0.2% 360/servicemanager: 0.1% user + 0.1% kernel
07-22 10:13:12.477  1509 23950 E ActivityManager:   0.2% 440/android.system.suspend@1.0-service: 0% user + 0.2% kernel
07-22 10:13:12.477  1509 23950 E ActivityManager:   0.2% 534/android.hardware.health@2.0-service: 0.1% user + 0.1% kernel
07-22 10:13:12.477  1509 23950 E ActivityManager:   0% 536/android.hardware.memtrack@1.0-service: 0% user + 0% kernel / faults: 39 minor
07-22 10:13:12.480  1509  1985 D OppoPhoneWindowManager: onKeyLockModeNormal: processName=com.example.drivetracker.drive_tracker
07-22 10:13:12.481  1509  1532 W ActivityTaskManager:   Force finishing activity com.example.drivetracker.drive_tracker/.MainActivity
07-22 10:13:12.482  1509  1532 D ActivityTaskManager: hypnusSetScene: 2039 :com.oppo.launcher
07-22 10:13:12.486  1509  1532 V ColorZoomWindowManagerService: prepareZoomTransition: curStack=ActivityStack{4168249 stackId=12 type=standard mode=fullscreen visible=false translucent=true, 1 tasks}   nextStackActivityStack{69d744c stackId=0 type=home mode=fullscreen visible=true translucent=true, 1 tasks}
07-22 10:13:12.486  1509  1532 D ColorDisplayPolicyEx: isNavBarFollowScreenRotation mNavBarPositionFollowScreenRotation 1mNavigationBarMode 3
07-22 10:13:12.487  1509  1532 D WindowManager:  isNavBarFollowScreenRotation true displayRotation 0
07-22 10:13:12.489  1509  1532 D ColorDisplayPolicyEx: isNavBarFollowScreenRotation mNavBarPositionFollowScreenRotation 1mNavigationBarMode 3
07-22 10:13:12.489  1509  1532 D WindowManager:  isNavBarFollowScreenRotation true displayRotation 0
07-22 10:13:12.494  1509  1532 I ActivityManager: Killing 23704:com.example.drivetracker.drive_tracker/u0a680 (adj 0): user request after error
07-22 10:13:12.511  1509  1626 D OomAdjuster: zjm TOP_APP is ProcessRecord{18e35ad 2039:com.oppo.launcher/u0a29} uid is 10029
07-22 10:13:12.533  1803  4520 W ContextImpl: Calling a method in the system process without a qualified user: android.app.ContextImpl.startService:1609 android.content.ContextWrapper.startService:680 com.coloros.performance.service.FrameCollectService.a:418 com.coloros.performance.service.FrameCollectService.a:533 com.coloros.performance.service.FrameCollectService.a:60 
07-22 10:13:12.543  1803  3217 W ContextImpl: Calling a method in the system process without a qualified user: android.app.ContextImpl.startService:1609 android.content.ContextWrapper.startService:680 com.oppo.statistics.record.RecordHandler.startDcsService:210 com.oppo.statistics.record.RecordHandler.addTask:137 com.oppo.statistics.agent.CommonAgent.recordCommon:23 
07-22 10:13:12.553  1509  3117 I WindowManager: WIN DEATH: Window{b46d6f8 u0 com.example.drivetracker.drive_tracker/com.example.drivetracker.drive_tracker.MainActivity}
07-22 10:13:12.553  1509  3161 V ActivityManager: Death received in com.android.server.am.ActivityManagerService$AppDeathRecipient@afe7cf1 for thread android.os.BinderProxy@bd2d0d6, mPid:23704,mApp:ProcessRecord{2607a44 23704:com.example.drivetracker.drive_tracker/u0a680}
07-22 10:13:12.554  1509  3117 D ColorDisplayPolicyEx: isNavBarFollowScreenRotation mNavBarPositionFollowScreenRotation 1mNavigationBarMode 3
07-22 10:13:12.554  1509  3117 D WindowManager:  isNavBarFollowScreenRotation true displayRotation 0
07-22 10:13:12.559  1509  3161 W ActivityManager: Scheduling restart of crashed service com.example.drivetracker.drive_tracker/.TrackingService in 1000ms
07-22 10:13:12.561  1509  3161 D ColorDisplayPolicyEx: isNavBarFollowScreenRotation mNavBarPositionFollowScreenRotation 1mNavigationBarMode 3
07-22 10:13:12.561  1509  3161 D WindowManager:  isNavBarFollowScreenRotation true displayRotation 0
07-22 10:13:12.565  1509  3161 V ColorZoomWindowManagerService: onAnimationFinished:  r=ActivityRecord{d38fd02 u0 com.example.drivetracker.drive_tracker/.MainActivity t1901 f}
07-22 10:13:12.566  1509  3161 D ColorDisplayPolicyEx: isNavBarFollowScreenRotation mNavBarPositionFollowScreenRotation 1mNavigationBarMode 3
07-22 10:13:12.566  1509  3161 D WindowManager:  isNavBarFollowScreenRotation true displayRotation 0
07-22 10:13:12.568  1509  3161 D ColorDisplayPolicyEx: isNavBarFollowScreenRotation mNavBarPositionFollowScreenRotation 1mNavigationBarMode 3
07-22 10:13:12.568  1509  3161 D WindowManager:  isNavBarFollowScreenRotation true displayRotation 0
07-22 10:13:12.584  1509  3161 D DEBUG_VISIBILITY: mOccluded:false lastOccluded:false
07-22 10:13:12.584  1509  3161 D ColorDisplayPolicyEx: isNavBarFollowScreenRotation mNavBarPositionFollowScreenRotation 1mNavigationBarMode 3
07-22 10:13:12.584  1509  3161 D WindowManager:  isNavBarFollowScreenRotation true displayRotation 0
07-22 10:13:12.585  1509  2180 D DisplayPowerController: OnAppSwitchObserver: onAppExit , info = ColorAppExitInfo = {  targetName = com.example.drivetracker.drive_tracker hasResumingActivity = true resumingPackageName = com.oppo.launcher resumingActivityName = com.oppo.launcher.Launcher resumingWindowMode = 1 isResumingMultiApp = false isResumingFirstStart = false extension = Bundle[{taskId=1, uid=10029}]}
07-22 10:13:12.585  1509  3161 D DEBUG_VISIBILITY: mOccluded:false lastOccluded:false
07-22 10:13:12.585  1509  3161 I chatty  : uid=1000(system) Binder:1509_10 identical 1 line
07-22 10:13:12.587  1509  3161 D DEBUG_VISIBILITY: mOccluded:false lastOccluded:false
07-22 10:13:12.587  1509  3161 V WindowManager: adjustNotShowWallpaperByOppo: false
07-22 10:13:12.587  1509  3161 V WindowManager: adjustNotShowWallpaperByOppo: false
07-22 10:13:12.587  1509  3161 D ColorDisplayPolicyEx: isNavBarFollowScreenRotation mNavBarPositionFollowScreenRotation 1mNavigationBarMode 3
07-22 10:13:12.587  1509  3161 D WindowManager:  isNavBarFollowScreenRotation true displayRotation 0
07-22 10:13:12.588  1509  2180 D DisplayPowerController: OnAppSwitchObserver: onAppEnter , info = ColorAppEnterInfo = {  windowMode = 1 targetName = com.oppo.launcher multiApp = false firstStart = false launchedFromPackage = null intent = Intent { act=android.intent.action.MAIN cat=[android.intent.category.HOME] flg=0x10000100 cmp=com.oppo.launcher/.Launcher } extension = Bundle[{taskId=1, uid=10029}]}
07-22 10:13:12.591  1509  3884 D ColorDisplayPolicyEx: isNavBarFollowScreenRotation mNavBarPositionFollowScreenRotation 1mNavigationBarMode 3
07-22 10:13:12.591  1509  3884 D WindowManager:  isNavBarFollowScreenRotation true displayRotation 0
07-22 10:13:12.597  1509  1535 V WindowManager: adjustNotShowWallpaperByOppo: false
07-22 10:13:12.597  1509  1535 V WindowManager: adjustNotShowWallpaperByOppo: false
07-22 10:13:12.601  1509  3885 D ColorDisplayPolicyEx: isNavBarFollowScreenRotation mNavBarPositionFollowScreenRotation 1mNavigationBarMode 3
07-22 10:13:12.602  1509  3885 D WindowManager:  isNavBarFollowScreenRotation true displayRotation 0
07-22 10:13:12.611  1509  1534 W ActivityManager: setHasOverlayUi called on unknown pid: 23704
07-22 10:13:12.615  1509  3117 I WindowManager: Relayout Window{5e0fce5 u0 com.oppo.launcher/com.oppo.launcher.Launcher}: oldVis=4 newVis=0 focusMayChange = true
07-22 10:13:12.616  1509  3117 D ColorDisplayPolicyEx: isNavBarFollowScreenRotation mNavBarPositionFollowScreenRotation 1mNavigationBarMode 3
07-22 10:13:12.616  1509  3117 D WindowManager:  isNavBarFollowScreenRotation true displayRotation 0
07-22 10:13:12.631  1509  1535 V WindowManager: adjustNotShowWallpaperByOppo: false
07-22 10:13:12.644  1509  1535 I chatty  : uid=1000(system) android.anim identical 2 lines
07-22 10:13:12.644  1509  1535 V WindowManager: adjustNotShowWallpaperByOppo: false
07-22 10:13:12.645  1509  1535 D ColorDisplayPolicyEx: isNavBarFollowScreenRotation mNavBarPositionFollowScreenRotation 1mNavigationBarMode 3
07-22 10:13:12.645  1509  1535 D WindowManager:  isNavBarFollowScreenRotation true displayRotation 0
07-22 10:13:12.648  1509  1535 V WindowManager: adjustNotShowWallpaperByOppo: false
07-22 10:13:12.648  1509  1535 V WindowManager: adjustNotShowWallpaperByOppo: false
07-22 10:13:12.649  1509  1535 I ColorAppSwitchManagerService:  handleAppVisible , r = ActivityRecord{d305bd9 u0 com.oppo.launcher/.Launcher t1}
07-22 10:13:12.649  1509  1535 V ColorZoomWindowManagerService: onAnimationFinished:  r=ActivityRecord{d305bd9 u0 com.oppo.launcher/.Launcher t1}
07-22 10:13:12.649  1509  1535 I ColorAppSwitchManagerService:  handleAppVisible , r = ActivityRecord{d305bd9 u0 com.oppo.launcher/.Launcher t1}
07-22 10:13:12.651  1509  1535 V WindowManager: adjustNotShowWallpaperByOppo: false
07-22 10:13:12.651  1509  1535 V WindowManager: adjustNotShowWallpaperByOppo: false
07-22 10:13:12.651  1509  1535 D ColorDisplayPolicyEx: isNavBarFollowScreenRotation mNavBarPositionFollowScreenRotation 1mNavigationBarMode 3
07-22 10:13:12.651  1509  1535 D WindowManager:  isNavBarFollowScreenRotation true displayRotation 0
07-22 10:13:12.656  1509  2505 D ColorDisplayPolicyEx: isNavBarFollowScreenRotation mNavBarPositionFollowScreenRotation 1mNavigationBarMode 3
07-22 10:13:12.656  1509  2505 D WindowManager:  isNavBarFollowScreenRotation true displayRotation 0
07-22 10:13:12.656  1509  2505 D ColorDisplayPolicyEx: isNavBarFollowScreenRotation mNavBarPositionFollowScreenRotation 1mNavigationBarMode 3
07-22 10:13:12.656  1509  2505 D WindowManager:  isNavBarFollowScreenRotation true displayRotation 0
07-22 10:13:12.657  1509  2505 D ColorDisplayPolicyEx: isNavBarFollowScreenRotation mNavBarPositionFollowScreenRotation 1mNavigationBarMode 3
07-22 10:13:12.657  1509  2505 D WindowManager:  isNavBarFollowScreenRotation true displayRotation 0
07-22 10:13:12.657  1509  2505 D ColorDisplayPolicyEx: isNavBarFollowScreenRotation mNavBarPositionFollowScreenRotation 1mNavigationBarMode 3
07-22 10:13:12.657  1509  2505 D WindowManager:  isNavBarFollowScreenRotation true displayRotation 0
07-22 10:13:12.659  1509  3117 D DEBUG_VISIBILITY: mOccluded:false lastOccluded:false
07-22 10:13:13.041  1509 24178 I DropBoxManagerService: add tag=data_app_anr isTagEnabled=true flags=0x2
07-22 10:13:13.582  1509  1551 I ActivityManager: Start proc 24188:com.example.drivetracker.drive_tracker/u0a680 for service {com.example.drivetracker.drive_tracker/com.example.drivetracker.drive_tracker.TrackingService}
07-22 10:13:13.587 15782 18122 W ContextImpl: Calling a method in the system process without a qualified user: android.app.ContextImpl.startService:1609 android.content.ContextWrapper.startService:680 com.coloros.statistics.dcs.record.RecordHandler.startDcsService:206 com.coloros.statistics.dcs.record.RecordHandler.addTask:133 com.coloros.statistics.dcs.agent.CommonAgent.recordCommon:14 
07-22 10:13:13.608  1509  3885 V ActivityManager: New death recipient com.android.server.am.ActivityManagerService$AppDeathRecipient@f40df99 for thread android.os.BinderProxy@c16025e, pid:24188,mApp:null
07-22 10:13:13.611  1509  3885 D DEBUG_VISIBILITY: mOccluded:false lastOccluded:false
07-22 10:13:14.230 16188 16188 D ColorViewRootUtil: nav gesture mode swipeFromBottom ignore false downY 2167 mScreenHeight 2340 mScreenWidth 1080 mStatusBarHeight 54 globalScale 1.125 nav mode 3 event MotionEvent { action=ACTION_DOWN, actionButton=0, id[0]=0, x[0]=80.0, y[0]=2167.0, toolType[0]=TOOL_TYPE_FINGER, buttonState=0, classification=NONE, metaState=0, flags=0x0, edgeFlags=0x0, pointerCount=1, historySize=0, eventTime=37741337, downTime=37741337, deviceId=3, source=0x1002, displayId=0 } rotation 0
07-22 10:13:14.503 16188 16188 D ColorViewRootUtil: nav gesture mode swipeFromBottom ignore true downY 2317 mScreenHeight 2340 mScreenWidth 1080 mStatusBarHeight 54 globalScale 1.125 nav mode 3 event MotionEvent { action=ACTION_DOWN, actionButton=0, id[0]=0, x[0]=269.0, y[0]=2317.0, toolType[0]=TOOL_TYPE_FINGER, buttonState=0, classification=NONE, metaState=0, flags=0x0, edgeFlags=0x0, pointerCount=1, historySize=0, eventTime=37741611, downTime=37741611, deviceId=3, source=0x1002, displayId=0 } rotation 0
07-22 10:13:14.772  1509  1983 D ColorDisplayPolicyEx: isNavBarFollowScreenRotation mNavBarPositionFollowScreenRotation 1mNavigationBarMode 3
07-22 10:13:14.773  1509  1983 D WindowManager:  isNavBarFollowScreenRotation true displayRotation 0
07-22 10:13:14.776  1509  1983 V WindowManager: Changing focus from Window{98e0ff0 u0 StatusBar} to Window{5e0fce5 u0 com.oppo.launcher/com.oppo.launcher.Launcher}
07-22 10:13:14.876  1509  3163 D ColorDisplayPolicyEx: isNavBarFollowScreenRotation mNavBarPositionFollowScreenRotation 1mNavigationBarMode 3
07-22 10:13:14.877  1509  3163 D WindowManager:  isNavBarFollowScreenRotation true displayRotation 0
07-22 10:13:14.945 16188 16188 D ColorViewRootUtil: nav gesture mode swipeFromBottom ignore true downY 2298 mScreenHeight 2340 mScreenWidth 1080 mStatusBarHeight 54 globalScale 1.125 nav mode 3 event MotionEvent { action=ACTION_DOWN, actionButton=0, id[0]=0, x[0]=369.0, y[0]=2298.0, toolType[0]=TOOL_TYPE_FINGER, buttonState=0, classification=NONE, metaState=0, flags=0x0, edgeFlags=0x0, pointerCount=1, historySize=0, eventTime=37742052, downTime=37742052, deviceId=3, source=0x1002, displayId=0 } rotation 0
07-22 10:13:14.953 15782 18122 W ContextImpl: Calling a method in the system process without a qualified user: android.app.ContextImpl.startService:1609 android.content.ContextWrapper.startService:680 com.coloros.statistics.dcs.record.RecordHandler.startDcsService:206 com.coloros.statistics.dcs.record.RecordHandler.addTask:133 com.coloros.statistics.dcs.agent.CommonAgent.recordCommon:14 
07-22 10:13:15.266  1509  1509 V SettingsProvider: Notifying for 0: content://settings/secure/launcher_state
07-22 10:13:15.270  1509  1663 D ColorAppListInterceptManager: shouldFilterTask
07-22 10:13:15.270  1509  1663 D ColorAppListInterceptManager: shouldFilterTask::packageName = com.example.drivetracker.drive_tracker
07-22 10:13:15.271  1509  1663 D ColorAppListInterceptManager: shouldFilterTask
07-22 10:13:15.271  1509  1663 D ColorAppListInterceptManager: shouldFilterTask::packageName = com.oppo.quicksearchbox
07-22 10:13:15.273  1509  1663 D ColorAppListInterceptManager: shouldFilterTask
07-22 10:13:15.273  1509  1663 D ColorAppListInterceptManager: shouldFilterTask::packageName = com.example.drivetracker.drive_tracker
07-22 10:13:15.273  1509  1663 D ColorAppListInterceptManager: shouldFilterTask
07-22 10:13:15.273  1509  1663 D ColorAppListInterceptManager: shouldFilterTask::packageName = com.oppo.quicksearchbox
07-22 10:13:15.276  1509  1509 V SettingsProvider: Notifying for 0: content://settings/secure/panel_bar_expandable
07-22 10:13:15.279  1509  1663 D ColorDisplayPolicyEx: isNavBarFollowScreenRotation mNavBarPositionFollowScreenRotation 1mNavigationBarMode 3
07-22 10:13:15.279  1509  1663 D WindowManager:  isNavBarFollowScreenRotation true displayRotation 0
07-22 10:13:15.283  1509  4033 D ColorDisplayPolicyEx: isNavBarFollowScreenRotation mNavBarPositionFollowScreenRotation 1mNavigationBarMode 3
07-22 10:13:15.283  1509  4033 D WindowManager:  isNavBarFollowScreenRotation true displayRotation 0
07-22 10:13:15.288  1509  1663 D ColorDisplayPolicyEx: isNavBarFollowScreenRotation mNavBarPositionFollowScreenRotation 1mNavigationBarMode 3
07-22 10:13:15.289  1509  1663 D WindowManager:  isNavBarFollowScreenRotation true displayRotation 0
07-22 10:13:15.309  1509  3163 D ColorDisplayPolicyEx: isNavBarFollowScreenRotation mNavBarPositionFollowScreenRotation 1mNavigationBarMode 3
07-22 10:13:15.309  1509  3163 D WindowManager:  isNavBarFollowScreenRotation true displayRotation 0
07-22 10:13:15.314  1509  3163 V WindowManager: adjustNotShowWallpaperByOppo: false
07-22 10:13:15.314  1509  3163 V WindowManager: adjustNotShowWallpaperByOppo: false
07-22 10:13:15.315  1509  3163 D ColorDisplayPolicyEx: isNavBarFollowScreenRotation mNavBarPositionFollowScreenRotation 1mNavigationBarMode 3
07-22 10:13:15.315  1509  3163 D WindowManager:  isNavBarFollowScreenRotation true displayRotation 0
07-22 10:13:15.551  1509  2199 D ColorDisplayPolicyEx: isNavBarFollowScreenRotation mNavBarPositionFollowScreenRotation 1mNavigationBarMode 3
07-22 10:13:15.551  1509  2199 D WindowManager:  isNavBarFollowScreenRotation true displayRotation 0
07-22 10:13:15.552  1509  1509 V SettingsProvider: Notifying for 0: content://settings/secure/launcher_slid_slip_enable_state
07-22 10:13:15.944  1509  1771 W ContextImpl: Calling a method in the system process without a qualified user: android.app.ContextImpl.startService:1609 oppo.util.OppoStatistics.startDcsService:436 oppo.util.OppoStatistics.access$100:41 oppo.util.OppoStatistics$1.run:159 java.util.concurrent.ThreadPoolExecutor.runWorker:1167 
07-22 10:13:15.944  1509 24178 D DropBoxManagerService: file :: /data/system/dropbox/data_app_anr@1784695393395.txt.gz
07-22 10:13:15.945  1509  1555 W BroadcastQueue: Background execution not allowed: receiving Intent { act=android.intent.action.DROPBOX_ENTRY_ADDED flg=0x10 (has extras) } to com.google.android.gms/.stats.service.DropBoxEntryAddedReceiver
07-22 10:13:15.947  1509  1771 W ContextImpl: Calling a method in the system process without a qualified user: android.app.ContextImpl.startService:1609 oppo.util.OppoStatistics.startDcsService:436 oppo.util.OppoStatistics.access$100:41 oppo.util.OppoStatistics$1.run:159 java.util.concurrent.ThreadPoolExecutor.runWorker:1167 
07-22 10:13:16.145 15782 18122 W ContextImpl: Calling a method in the system process without a qualified user: android.app.ContextImpl.startService:1609 android.content.ContextWrapper.startService:680 com.coloros.statistics.dcs.record.RecordHandler.startDcsService:206 com.coloros.statistics.dcs.record.RecordHandler.addTask:133 com.coloros.statistics.dcs.agent.CommonAgent.recordCommon:14 
07-22 10:13:16.625  2039  2039 D ColorViewRootUtil: nav gesture mode swipeFromBottom ignore false downY 1285 mScreenHeight 2340 mScreenWidth 1080 mStatusBarHeight 54 globalScale 1.125 nav mode 3 event MotionEvent { action=ACTION_DOWN, actionButton=0, id[0]=0, x[0]=590.0, y[0]=1285.0, toolType[0]=TOOL_TYPE_FINGER, buttonState=0, classification=NONE, metaState=0, flags=0x2, edgeFlags=0x0, pointerCount=1, historySize=0, eventTime=37743732, downTime=37743732, deviceId=3, source=0x1002, displayId=0 } rotation 0
07-22 10:13:16.704  1509  2501 I OppoActivityStack: create OppoActivityStack
07-22 10:13:16.706  1509  2501 I ActivityTaskManager: START u0 {act=android.intent.action.MAIN cat=[android.intent.category.LAUNCHER] flg=0x10300000 cmp=com.example.drivetracker.drive_tracker/.MainActivity mCallingUid=1000} from uid 10029 and from pid -1
07-22 10:13:16.707  1509  2501 W ColorAccessControlManagerService: getCheckAccessControlIntent: aInfo=ActivityInfo{bcb6615 com.example.drivetracker.drive_tracker.MainActivity} has pass   intent=Intent { act=android.intent.action.MAIN cat=[android.intent.category.LAUNCHER] flg=0x10300000 cmp=com.example.drivetracker.drive_tracker/.MainActivity mCallingUid=1000 }
07-22 10:13:16.707  1509  2501 I OppoActivityRecord: create OppoActivityRecord
07-22 10:13:16.710  1509  2501 V ColorZoomWindowManagerService: windowMode: 0=stack=ActivityStack{1094e91 stackId=13 type=standard mode=fullscreen visible=false translucent=true, 1 tasks}
07-22 10:13:16.712  1509  2501 D ColorDisplayPolicyEx: isNavBarFollowScreenRotation mNavBarPositionFollowScreenRotation 1mNavigationBarMode 3
07-22 10:13:16.712  1509  2501 D WindowManager:  isNavBarFollowScreenRotation true displayRotation 0
07-22 10:13:16.716  1509  2199 D ColorDisplayPolicyEx: isNavBarFollowScreenRotation mNavBarPositionFollowScreenRotation 1mNavigationBarMode 3
07-22 10:13:16.716  1509  2199 D WindowManager:  isNavBarFollowScreenRotation true displayRotation 0
07-22 10:13:16.716  1509  2199 D ColorDisplayPolicyEx: isNavBarFollowScreenRotation mNavBarPositionFollowScreenRotation 1mNavigationBarMode 3
07-22 10:13:16.716  1509  2199 D WindowManager:  isNavBarFollowScreenRotation true displayRotation 0
07-22 10:13:16.716  1509  2199 D DEBUG_VISIBILITY: mOccluded:false lastOccluded:false
07-22 10:13:16.717  1509  2199 D ColorDisplayPolicyEx: isNavBarFollowScreenRotation mNavBarPositionFollowScreenRotation 1mNavigationBarMode 3
07-22 10:13:16.717  1509  2199 D WindowManager:  isNavBarFollowScreenRotation true displayRotation 0
07-22 10:13:16.717  1509  2199 D DEBUG_VISIBILITY: mOccluded:false lastOccluded:false
07-22 10:13:16.717  1509  2199 D ColorDisplayPolicyEx: isNavBarFollowScreenRotation mNavBarPositionFollowScreenRotation 1mNavigationBarMode 3
07-22 10:13:16.717  1509  2199 D WindowManager:  isNavBarFollowScreenRotation true displayRotation 0
07-22 10:13:16.720  1509  2199 I ColorZoomWindowManagerService: topResumedActivityChanged start r = ActivityRecord{7f30d2a u0 com.example.drivetracker.drive_tracker/.MainActivity t1901}
07-22 10:13:16.720  1509  2199 I ColorZoomWindowManagerService: WINDOWING_MODE_FULLSCREEN : will notifyZoomWindowHide
07-22 10:13:16.720  1509  2199 I ColorZoomWindowManagerService: the current keyboard is a floating keyboard and the floating window is not raised, so set to false to notify the app to prevent the two buttons from being hidden on the app side
07-22 10:13:16.720  1509  2199 I ColorZoomWindowDebugConfig: disableDebugLifeCycle before: DEBUG_LIFE_CYCLE = false
07-22 10:13:16.720  1509  2199 I ColorZoomWindowDebugConfig: disableDebugLifeCycle after: DEBUG_LIFE_CYCLE = false
07-22 10:13:16.720  1509  2199 W ColorAccessControlManagerService: notifyZoomWindowExit: stack=ActivityStack{1094e91 stackId=13 type=standard mode=fullscreen visible=true translucent=false, 1 tasks}  windowMode=1  topActivity=ActivityRecord{7f30d2a u0 com.example.drivetracker.drive_tracker/.MainActivity t1901}  toFullScreen = true
07-22 10:13:16.720  1509  2199 V ColorZoomWindowManagerService: notifyZoomWindowHide: 
07-22 10:13:16.721  1509  2199 I chatty  : uid=1000(system) Binder:1509_8 identical 1 line
07-22 10:13:16.721  1509  2199 V ColorZoomWindowManagerService: notifyZoomWindowHide: 
07-22 10:13:16.721  1509  2199 I ColorZoomWindowManagerService: topResumedActivityChanged end
07-22 10:13:16.721  1509  2180 D DisplayPowerController: OnAppSwitchObserver: onAppExit , info = ColorAppExitInfo = {  targetName = com.oppo.launcher hasResumingActivity = true resumingPackageName = com.example.drivetracker.drive_tracker resumingActivityName = com.example.drivetracker.drive_tracker.MainActivity resumingWindowMode = 1 isResumingMultiApp = false isResumingFirstStart = false extension = Bundle[{taskId=1901, uid=10680}]}
07-22 10:13:16.722  1509  2199 V WindowManager: Changing focus from Window{5e0fce5 u0 com.oppo.launcher/com.oppo.launcher.Launcher} to null
07-22 10:13:16.722  1509  2180 D DisplayPowerController: OnAppSwitchObserver: onAppEnter , info = ColorAppEnterInfo = {  windowMode = 1 targetName = com.example.drivetracker.drive_tracker multiApp = false firstStart = false launchedFromPackage = com.oppo.launcher intent = Intent { act=android.intent.action.MAIN cat=[android.intent.category.LAUNCHER] flg=0x10300000 cmp=com.example.drivetracker.drive_tracker/.MainActivity mCallingUid=1000 } extension = Bundle[{taskId=1901, uid=10680}]}
07-22 10:13:16.723  1509  2199 W WindowManager: CHECK_FOCUS_WINDOW_ERROR_MSG start check
07-22 10:13:16.723  1509  2199 D ColorDisplayPolicyEx: isNavBarFollowScreenRotation mNavBarPositionFollowScreenRotation 1mNavigationBarMode 3
07-22 10:13:16.723  1509  2199 D WindowManager:  isNavBarFollowScreenRotation true displayRotation 0
