07-22 10:13:16.724  1509  2199 D DEBUG_VISIBILITY: mOccluded:false lastOccluded:false
07-22 10:13:16.726  1509  2199 D DEBUG_VISIBILITY: mOccluded:false lastOccluded:false
07-22 10:13:16.728  1509  2501 D ColorDisplayPolicyEx: isNavBarFollowScreenRotation mNavBarPositionFollowScreenRotation 1mNavigationBarMode 3
07-22 10:13:16.728  1509  2501 D WindowManager:  isNavBarFollowScreenRotation true displayRotation 0
07-22 10:13:16.728  1509  2501 D ColorDisplayPolicyEx: isNavBarFollowScreenRotation mNavBarPositionFollowScreenRotation 1mNavigationBarMode 3
07-22 10:13:16.728  1509  2501 D WindowManager:  isNavBarFollowScreenRotation true displayRotation 0
07-22 10:13:16.728  1509  2501 D ColorDisplayPolicyEx: isNavBarFollowScreenRotation mNavBarPositionFollowScreenRotation 1mNavigationBarMode 3
07-22 10:13:16.728  1509  2501 D WindowManager:  isNavBarFollowScreenRotation true displayRotation 0
07-22 10:13:16.728  1509  2501 D ColorDisplayPolicyEx: isNavBarFollowScreenRotation mNavBarPositionFollowScreenRotation 1mNavigationBarMode 3
07-22 10:13:16.728  1509  2501 D WindowManager:  isNavBarFollowScreenRotation true displayRotation 0
07-22 10:13:16.729  1509  2199 D ColorDisplayPolicyEx: isNavBarFollowScreenRotation mNavBarPositionFollowScreenRotation 1mNavigationBarMode 3
07-22 10:13:16.729  1509  2199 D WindowManager:  isNavBarFollowScreenRotation true displayRotation 0
07-22 10:13:16.730  1509  1535 D OppoPhoneWindowManager: handleStartingWindow spend time =: 0
07-22 10:13:16.730  1509  1534 D OomAdjuster: zjm TOP_APP is ProcessRecord{6b1975b 24188:com.example.drivetracker.drive_tracker/u0a680} uid is 10680
07-22 10:13:16.751  1509  1535 D ColorDisplayPolicyEx: isNavBarFollowScreenRotation mNavBarPositionFollowScreenRotation 1mNavigationBarMode 3
07-22 10:13:16.751  1509  1535 D WindowManager:  isNavBarFollowScreenRotation true displayRotation 0
07-22 10:13:16.773  1509  1535 D ColorDisplayPolicyEx: isNavBarFollowScreenRotation mNavBarPositionFollowScreenRotation 1mNavigationBarMode 3
07-22 10:13:16.773  1509  1535 D WindowManager:  isNavBarFollowScreenRotation true displayRotation 0
07-22 10:13:16.776  1509  1535 D ColorDisplayPolicyEx: isNavBarFollowScreenRotation mNavBarPositionFollowScreenRotation 1mNavigationBarMode 3
07-22 10:13:16.776  1509  1535 D WindowManager:  isNavBarFollowScreenRotation true displayRotation 0
07-22 10:13:16.778  1509  1535 D ColorDisplayPolicyEx: isNavBarFollowScreenRotation mNavBarPositionFollowScreenRotation 1mNavigationBarMode 3
07-22 10:13:16.778  1509  1535 D WindowManager:  isNavBarFollowScreenRotation true displayRotation 0
07-22 10:13:16.809 24188 24188 D AppResolutionTuner: loadTunerAppList + 
07-22 10:13:16.810 24188 24188 D AppResolutionTuner: loadTunerAppList - 
07-22 10:13:16.827  1509  1527 D ColorAppListInterceptManager: shouldFilterTask
07-22 10:13:16.827  1509  1527 D ColorAppListInterceptManager: shouldFilterTask::packageName = com.example.drivetracker.drive_tracker
07-22 10:13:16.827  1509  1527 D ColorAppListInterceptManager: shouldFilterTask
07-22 10:13:16.827  1509  1527 D ColorAppListInterceptManager: shouldFilterTask::packageName = com.oppo.quicksearchbox
07-22 10:13:16.846  1509  1527 E WindowManager: App trying to use insecure INPUT_FEATURE_NO_INPUT_CHANNEL flag. Ignoring
07-22 10:13:16.860  1509  1527 D ColorDisplayPolicyEx: isNavBarFollowScreenRotation mNavBarPositionFollowScreenRotation 1mNavigationBarMode 3
07-22 10:13:16.860  1509  1527 D WindowManager:  isNavBarFollowScreenRotation true displayRotation 0
07-22 10:13:16.876  1509  2501 I WindowManager: Relayout Window{e38688a u0 com.example.drivetracker.drive_tracker/com.example.drivetracker.drive_tracker.MainActivity}: oldVis=4 newVis=0 focusMayChange = true
07-22 10:13:16.876  1509  2501 D ColorDisplayPolicyEx: isNavBarFollowScreenRotation mNavBarPositionFollowScreenRotation 1mNavigationBarMode 3
07-22 10:13:16.876  1509  2501 D WindowManager:  isNavBarFollowScreenRotation true displayRotation 0
07-22 10:13:16.881  1509  2501 V WindowManager: Changing focus from null to Window{e38688a u0 com.example.drivetracker.drive_tracker/com.example.drivetracker.drive_tracker.MainActivity}
07-22 10:13:16.956  1509  2199 D ColorDisplayPolicyEx: isNavBarFollowScreenRotation mNavBarPositionFollowScreenRotation 1mNavigationBarMode 3
07-22 10:13:16.956  1509  2199 D WindowManager:  isNavBarFollowScreenRotation true displayRotation 0
07-22 10:13:16.992  1509  1527 D ColorDisplayPolicyEx: isNavBarFollowScreenRotation mNavBarPositionFollowScreenRotation 1mNavigationBarMode 3
07-22 10:13:16.992  1509  1527 D WindowManager:  isNavBarFollowScreenRotation true displayRotation 0
07-22 10:13:17.024  1509  1535 D ColorDisplayPolicyEx: isNavBarFollowScreenRotation mNavBarPositionFollowScreenRotation 1mNavigationBarMode 3
07-22 10:13:17.024  1509  1535 D WindowManager:  isNavBarFollowScreenRotation true displayRotation 0
07-22 10:13:17.027  1509  1535 D ColorDisplayPolicyEx: isNavBarFollowScreenRotation mNavBarPositionFollowScreenRotation 1mNavigationBarMode 3
07-22 10:13:17.028  1509  1535 D WindowManager:  isNavBarFollowScreenRotation true displayRotation 0
07-22 10:13:17.034  1509  1527 D DEBUG_VISIBILITY: mOccluded:false lastOccluded:false
07-22 10:13:17.040  1509  1535 D ColorDisplayPolicyEx: isNavBarFollowScreenRotation mNavBarPositionFollowScreenRotation 1mNavigationBarMode 3
07-22 10:13:17.040  1509  1535 D WindowManager:  isNavBarFollowScreenRotation true displayRotation 0
07-22 10:13:17.126  1509  1509 V SettingsProvider: Notifying for 0: content://settings/secure/launcher_state
07-22 10:13:17.129  1509  1509 V SettingsProvider: Notifying for 0: content://settings/secure/launcher_slid_slip_enable_state
07-22 10:13:17.138  1509  3163 I ColorAppSwitchManagerService:  handleAppVisible , r = ActivityRecord{7f30d2a u0 com.example.drivetracker.drive_tracker/.MainActivity t1901}
07-22 10:13:17.138  1509  3163 V ColorZoomWindowManagerService: onAnimationFinished:  r=ActivityRecord{7f30d2a u0 com.example.drivetracker.drive_tracker/.MainActivity t1901}
07-22 10:13:17.139  1509  3163 V ColorZoomWindowManagerService: onAnimationFinished:  r=ActivityRecord{d305bd9 u0 com.oppo.launcher/.Launcher t1}
07-22 10:13:17.139  1509  1535 V WindowManager: adjustNotShowWallpaperByOppo: false
07-22 10:13:17.139  1509  1535 V WindowManager: adjustNotShowWallpaperByOppo: false
07-22 10:13:17.140  1509  1535 D ColorDisplayPolicyEx: isNavBarFollowScreenRotation mNavBarPositionFollowScreenRotation 1mNavigationBarMode 3
07-22 10:13:17.140  1509  1535 D WindowManager:  isNavBarFollowScreenRotation true displayRotation 0
07-22 10:13:17.144  1509  1535 V WindowManager: adjustNotShowWallpaperByOppo: false
07-22 10:13:17.144  1509  1535 V WindowManager: adjustNotShowWallpaperByOppo: false
07-22 10:13:17.144  1509  1535 D ColorDisplayPolicyEx: isNavBarFollowScreenRotation mNavBarPositionFollowScreenRotation 1mNavigationBarMode 3
07-22 10:13:17.144  1509  1535 D WindowManager:  isNavBarFollowScreenRotation true displayRotation 0
07-22 10:13:17.148  1509  3163 D ColorDisplayPolicyEx: isNavBarFollowScreenRotation mNavBarPositionFollowScreenRotation 1mNavigationBarMode 3
07-22 10:13:17.148  1509  3163 D WindowManager:  isNavBarFollowScreenRotation true displayRotation 0
07-22 10:13:17.156  1509  3163 D ColorDisplayPolicyEx: isNavBarFollowScreenRotation mNavBarPositionFollowScreenRotation 1mNavigationBarMode 3
07-22 10:13:17.156  1509  3163 D WindowManager:  isNavBarFollowScreenRotation true displayRotation 0
07-22 10:13:17.160  1509  1534 D DEBUG_VISIBILITY: mOccluded:false lastOccluded:false
07-22 10:13:17.165  1509  1535 V WindowManager: adjustNotShowWallpaperByOppo: false
07-22 10:13:17.165  1509  1535 V WindowManager: adjustNotShowWallpaperByOppo: false
07-22 10:13:17.189  1509  1532 V WindowOrientationListener: Proposed rotation changed!  newRotation=0
07-22 10:13:17.193  1509  1535 D ColorDisplayPolicyEx: isNavBarFollowScreenRotation mNavBarPositionFollowScreenRotation 1mNavigationBarMode 3
07-22 10:13:17.193  1509  1535 D WindowManager:  isNavBarFollowScreenRotation true displayRotation 0
07-22 10:13:17.211  1509  1535 D ColorDisplayPolicyEx: isNavBarFollowScreenRotation mNavBarPositionFollowScreenRotation 1mNavigationBarMode 3
07-22 10:13:17.211  1509  1535 D WindowManager:  isNavBarFollowScreenRotation true displayRotation 0
07-22 10:13:17.356 15782 18122 W ContextImpl: Calling a method in the system process without a qualified user: android.app.ContextImpl.startService:1609 android.content.ContextWrapper.startService:680 com.coloros.statistics.dcs.record.RecordHandler.startDcsService:206 com.coloros.statistics.dcs.record.RecordHandler.addTask:133 com.coloros.statistics.dcs.agent.CommonAgent.recordCommon:14 
07-22 10:13:17.831 24188 24188 D ColorViewRootUtil: nav gesture mode swipeFromBottom ignore false downY 1452 mScreenHeight 2340 mScreenWidth 1080 mStatusBarHeight 54 globalScale 1.125 nav mode 3 event MotionEvent { action=ACTION_DOWN, actionButton=0, id[0]=0, x[0]=637.0, y[0]=1452.0, toolType[0]=TOOL_TYPE_FINGER, buttonState=0, classification=NONE, metaState=0, flags=0x2, edgeFlags=0x0, pointerCount=1, historySize=0, eventTime=37744939, downTime=37744939, deviceId=3, source=0x1002, displayId=0 } rotation 0
07-22 10:13:18.690 15782 18122 W ContextImpl: Calling a method in the system process without a qualified user: android.app.ContextImpl.startService:1609 android.content.ContextWrapper.startService:680 com.coloros.statistics.dcs.record.RecordHandler.startDcsService:206 com.coloros.statistics.dcs.record.RecordHandler.addTask:133 com.coloros.statistics.dcs.agent.CommonAgent.recordCommon:14 
07-22 10:13:20.072 24188 24188 D ColorViewRootUtil: nav gesture mode swipeFromBottom ignore false downY 1702 mScreenHeight 2340 mScreenWidth 1080 mStatusBarHeight 54 globalScale 1.125 nav mode 3 event MotionEvent { action=ACTION_DOWN, actionButton=0, id[0]=0, x[0]=719.0, y[0]=1702.0, toolType[0]=TOOL_TYPE_FINGER, buttonState=0, classification=NONE, metaState=0, flags=0x2, edgeFlags=0x0, pointerCount=1, historySize=0, eventTime=37747180, downTime=37747180, deviceId=3, source=0x1002, displayId=0 } rotation 0
07-22 10:13:20.127 15782 18122 W ContextImpl: Calling a method in the system process without a qualified user: android.app.ContextImpl.startService:1609 android.content.ContextWrapper.startService:680 com.coloros.statistics.dcs.record.RecordHandler.startDcsService:206 com.coloros.statistics.dcs.record.RecordHandler.addTask:133 com.coloros.statistics.dcs.agent.CommonAgent.recordCommon:14 
07-22 10:13:21.235 15782 18122 W ContextImpl: Calling a method in the system process without a qualified user: android.app.ContextImpl.startService:1609 android.content.ContextWrapper.startService:680 com.coloros.statistics.dcs.record.RecordHandler.startDcsService:206 com.coloros.statistics.dcs.record.RecordHandler.addTask:133 com.coloros.statistics.dcs.agent.CommonAgent.recordCommon:14 
07-22 10:13:21.663  1509  1538 W Watchdog: **Get SF Time **0
07-22 10:13:22.286 15782 18122 W ContextImpl: Calling a method in the system process without a qualified user: android.app.ContextImpl.startService:1609 android.content.ContextWrapper.startService:680 com.coloros.statistics.dcs.record.RecordHandler.startDcsService:206 com.coloros.statistics.dcs.record.RecordHandler.addTask:133 com.coloros.statistics.dcs.agent.CommonAgent.recordCommon:14 
07-22 10:13:23.335 15782 18122 W ContextImpl: Calling a method in the system process without a qualified user: android.app.ContextImpl.startService:1609 android.content.ContextWrapper.startService:680 com.coloros.statistics.dcs.record.RecordHandler.startDcsService:206 com.coloros.statistics.dcs.record.RecordHandler.addTask:133 com.coloros.statistics.dcs.agent.CommonAgent.recordCommon:14 
07-22 10:13:23.439 24188 24188 D ColorViewRootUtil: nav gesture mode swipeFromBottom ignore false downY 1148 mScreenHeight 2340 mScreenWidth 1080 mStatusBarHeight 54 globalScale 1.125 nav mode 3 event MotionEvent { action=ACTION_DOWN, actionButton=0, id[0]=0, x[0]=733.0, y[0]=1148.0, toolType[0]=TOOL_TYPE_FINGER, buttonState=0, classification=NONE, metaState=0, flags=0x2, edgeFlags=0x0, pointerCount=1, historySize=0, eventTime=37750547, downTime=37750547, deviceId=3, source=0x1002, displayId=0 } rotation 0
07-22 10:13:23.995 24188 24188 D ColorViewRootUtil: nav gesture mode swipeFromBottom ignore false downY 1644 mScreenHeight 2340 mScreenWidth 1080 mStatusBarHeight 54 globalScale 1.125 nav mode 3 event MotionEvent { action=ACTION_DOWN, actionButton=0, id[0]=0, x[0]=654.0, y[0]=1644.0, toolType[0]=TOOL_TYPE_FINGER, buttonState=0, classification=NONE, metaState=0, flags=0x2, edgeFlags=0x0, pointerCount=1, historySize=0, eventTime=37751103, downTime=37751103, deviceId=3, source=0x1002, displayId=0 } rotation 0
07-22 10:13:24.380 15782 18122 W ContextImpl: Calling a method in the system process without a qualified user: android.app.ContextImpl.startService:1609 android.content.ContextWrapper.startService:680 com.coloros.statistics.dcs.record.RecordHandler.startDcsService:206 com.coloros.statistics.dcs.record.RecordHandler.addTask:133 com.coloros.statistics.dcs.agent.CommonAgent.recordCommon:14 
07-22 10:13:24.679  1509  1557 D OppoThermalStats: REPORT_UPDATE_CPU  ->  phoneTemp:258  preHeatThreshold:400
07-22 10:13:24.741  1509 24291 D OppoThermalStats: reset mHaveCaptured:false
07-22 10:13:24.767 24188 24188 D ColorViewRootUtil: nav gesture mode swipeFromBottom ignore false downY 1088 mScreenHeight 2340 mScreenWidth 1080 mStatusBarHeight 54 globalScale 1.125 nav mode 3 event MotionEvent { action=ACTION_DOWN, actionButton=0, id[0]=0, x[0]=862.0, y[0]=1088.0, toolType[0]=TOOL_TYPE_FINGER, buttonState=0, classification=NONE, metaState=0, flags=0x2, edgeFlags=0x0, pointerCount=1, historySize=0, eventTime=37751868, downTime=37751868, deviceId=3, source=0x1002, displayId=0 } rotation 0
07-22 10:13:25.440 15782 18122 W ContextImpl: Calling a method in the system process without a qualified user: android.app.ContextImpl.startService:1609 android.content.ContextWrapper.startService:680 com.coloros.statistics.dcs.record.RecordHandler.startDcsService:206 com.coloros.statistics.dcs.record.RecordHandler.addTask:133 com.coloros.statistics.dcs.agent.CommonAgent.recordCommon:14 
07-22 10:13:25.476  1509  1509 V SettingsProvider: Notifying for 0: content://settings/system/rssi_level
07-22 10:13:26.477 15782 18122 W ContextImpl: Calling a method in the system process without a qualified user: android.app.ContextImpl.startService:1609 android.content.ContextWrapper.startService:680 com.coloros.statistics.dcs.record.RecordHandler.startDcsService:206 com.coloros.statistics.dcs.record.RecordHandler.addTask:133 com.coloros.statistics.dcs.agent.CommonAgent.recordCommon:14 
07-22 10:13:27.191 24188 24188 D ColorViewRootUtil: nav gesture mode swipeFromBottom ignore true downY 1046 mScreenHeight 2340 mScreenWidth 1080 mStatusBarHeight 54 globalScale 1.125 nav mode 3 event MotionEvent { action=ACTION_DOWN, actionButton=0, id[0]=0, x[0]=1068.0, y[0]=1046.0, toolType[0]=TOOL_TYPE_FINGER, buttonState=0, classification=NONE, metaState=0, flags=0x2, edgeFlags=0x0, pointerCount=1, historySize=0, eventTime=37754295, downTime=37754295, deviceId=3, source=0x1002, displayId=0 } rotation 0
07-22 10:13:27.202  1509  3883 D ColorAppListInterceptManager: shouldFilterTask
07-22 10:13:27.202  1509  3883 D ColorAppListInterceptManager: shouldFilterTask::packageName = com.example.drivetracker.drive_tracker
07-22 10:13:27.202  1509  3883 D ColorAppListInterceptManager: shouldFilterTask
07-22 10:13:27.202  1509  3883 D ColorAppListInterceptManager: shouldFilterTask::packageName = com.oppo.quicksearchbox
07-22 10:13:27.204  1509  3883 I WindowManager: Relayout Window{a93fa51 u0 ColorSideGestureRight}: oldVis=8 newVis=0 focusMayChange = true
07-22 10:13:27.205  1509  3883 D ColorDisplayPolicyEx: isNavBarFollowScreenRotation mNavBarPositionFollowScreenRotation 1mNavigationBarMode 3
07-22 10:13:27.205  1509  3883 D WindowManager:  isNavBarFollowScreenRotation true displayRotation 0
07-22 10:13:27.226  1509  1535 D ColorDisplayPolicyEx: isNavBarFollowScreenRotation mNavBarPositionFollowScreenRotation 1mNavigationBarMode 3
07-22 10:13:27.226  1509  1535 D WindowManager:  isNavBarFollowScreenRotation true displayRotation 0
07-22 10:13:27.280 24188 24188 D ColorViewRootUtil: do not ignore inject event MotionEvent:MotionEvent { action=ACTION_DOWN, actionButton=0, id[0]=0, x[0]=1068.0, y[0]=1046.0, toolType[0]=TOOL_TYPE_FINGER, buttonState=0, classification=NONE, metaState=0, flags=0x2, edgeFlags=0x0, pointerCount=1, historySize=0, eventTime=37754295, downTime=37754294, deviceId=3, source=0x1002, displayId=0 }
07-22 10:13:27.289  1509  3891 D ColorDisplayPolicyEx: isNavBarFollowScreenRotation mNavBarPositionFollowScreenRotation 1mNavigationBarMode 3
07-22 10:13:27.289  1509  3891 D WindowManager:  isNavBarFollowScreenRotation true displayRotation 0
07-22 10:13:27.558 15782 18122 W ContextImpl: Calling a method in the system process without a qualified user: android.app.ContextImpl.startService:1609 android.content.ContextWrapper.startService:680 com.coloros.statistics.dcs.record.RecordHandler.startDcsService:206 com.coloros.statistics.dcs.record.RecordHandler.addTask:133 com.coloros.statistics.dcs.agent.CommonAgent.recordCommon:14 
07-22 10:13:27.727  1509  3888 W AppOps  : Noting op not finished: uid 10014 pkg com.google.android.gms code 79 time=1784695396736 duration=-1
07-22 10:13:27.732  1509  3888 W AppOps  : Noting op not finished: uid 10014 pkg com.google.android.gms code 79 time=1784695407727 duration=0
07-22 10:13:27.737  1509  3888 W AppOps  : Noting op not finished: uid 10014 pkg com.google.android.gms code 79 time=1784695407732 duration=0
07-22 10:13:27.742  1509  3883 W AppOps  : Noting op not finished: uid 10014 pkg com.google.android.gms code 79 time=1784695407737 duration=0
07-22 10:13:28.671 15782 18122 W ContextImpl: Calling a method in the system process without a qualified user: android.app.ContextImpl.startService:1609 android.content.ContextWrapper.startService:680 com.coloros.statistics.dcs.record.RecordHandler.startDcsService:206 com.coloros.statistics.dcs.record.RecordHandler.addTask:133 com.coloros.statistics.dcs.agent.CommonAgent.recordCommon:14 
07-22 10:13:31.014 15782 18122 I chatty  : uid=1000(system) pool-2-thread-1 identical 2 lines
07-22 10:13:32.031 15782 18122 W ContextImpl: Calling a method in the system process without a qualified user: android.app.ContextImpl.startService:1609 android.content.ContextWrapper.startService:680 com.coloros.statistics.dcs.record.RecordHandler.startDcsService:206 com.coloros.statistics.dcs.record.RecordHandler.addTask:133 com.coloros.statistics.dcs.agent.CommonAgent.recordCommon:14 
07-22 10:13:32.806  1509  1639 I WindowManager: Input event dispatching timed out sending to com.example.drivetracker.drive_tracker/com.example.drivetracker.drive_tracker.MainActivity.  Reason: Waiting to send non-key event because the touched window has not finished processing certain input events that were delivered to it over 500.0ms ago.  Wait queue length: 30.  Wait queue head age: 5519.2ms.
07-22 10:13:32.852  1509  1639 D ColorDisplayPolicyEx: isNavBarFollowScreenRotation mNavBarPositionFollowScreenRotation 1mNavigationBarMode 3
07-22 10:13:32.852  1509  1639 D WindowManager:  isNavBarFollowScreenRotation true displayRotation 0
07-22 10:13:32.852  1509  1639 D ColorDisplayPolicyEx: isNavBarFollowScreenRotation mNavBarPositionFollowScreenRotation 1mNavigationBarMode 3
07-22 10:13:32.852  1509  1639 D WindowManager:  isNavBarFollowScreenRotation true displayRotation 0
07-22 10:13:32.857  1509  1639 D ActivityManager:  ANR post Runnable for ProcessRecord{6b1975b 24188:com.example.drivetracker.drive_tracker/u0a680} to deal with anr happend at 37759967@#@24188
07-22 10:13:32.857  1509  1639 D ActivityManager:  ANR caller(2) = com.android.server.am.ActivityManagerService$LocalService.inputDispatchingTimedOut:19954 com.android.server.wm.ActivityRecord.keyDispatchingTimedOut:2647 com.android.server.wm.AppWindowToken.keyDispatchingTimedOut:2026 com.android.server.wm.InputManagerCallback.notifyANR:111 com.android.server.input.InputManagerService.notifyANR:1822 <bottom of call stack> <bottom of call stack> <bottom of call stack> 
07-22 10:13:32.867  1509  1532 W Looper  : Slow delivery took 3728ms android.ui h=android.view.GestureDetector$GestureHandler c=null m=1
07-22 10:13:32.867 24188 24188 D ColorViewRootUtil: nav gesture mode swipeFromBottom ignore true downY 1063 mScreenHeight 2340 mScreenWidth 1080 mStatusBarHeight 54 globalScale 1.125 nav mode 3 event MotionEvent { action=ACTION_DOWN, actionButton=0, id[0]=0, x[0]=1068.0, y[0]=1063.0, toolType[0]=TOOL_TYPE_FINGER, buttonState=0, classification=NONE, metaState=0, flags=0x2, edgeFlags=0x0, pointerCount=1, historySize=0, eventTime=37756149, downTime=37756149, deviceId=3, source=0x1002, displayId=0 } rotation 0
07-22 10:13:32.870 24188 24188 D ColorViewRootUtil: nav gesture mode swipeFromBottom ignore true downY 1074 mScreenHeight 2340 mScreenWidth 1080 mStatusBarHeight 54 globalScale 1.125 nav mode 3 event MotionEvent { action=ACTION_DOWN, actionButton=0, id[0]=0, x[0]=1068.0, y[0]=1074.0, toolType[0]=TOOL_TYPE_FINGER, buttonState=0, classification=NONE, metaState=0, flags=0x2, edgeFlags=0x0, pointerCount=1, historySize=0, eventTime=37756847, downTime=37756847, deviceId=3, source=0x1002, displayId=0 } rotation 0
07-22 10:13:32.871 24188 24188 D ColorViewRootUtil: nav gesture mode swipeFromBottom ignore true downY 1064 mScreenHeight 2340 mScreenWidth 1080 mStatusBarHeight 54 globalScale 1.125 nav mode 3 event MotionEvent { action=ACTION_DOWN, actionButton=0, id[0]=0, x[0]=1068.0, y[0]=1064.0, toolType[0]=TOOL_TYPE_FINGER, buttonState=0, classification=NONE, metaState=0, flags=0x2, edgeFlags=0x0, pointerCount=1, historySize=0, eventTime=37756988, downTime=37756988, deviceId=3, source=0x1002, displayId=0 } rotation 0
07-22 10:13:32.880 24188 24188 D ColorViewRootUtil: nav gesture mode swipeFromBottom ignore false downY 1771 mScreenHeight 2340 mScreenWidth 1080 mStatusBarHeight 54 globalScale 1.125 nav mode 3 event MotionEvent { action=ACTION_DOWN, actionButton=0, id[0]=0, x[0]=712.0, y[0]=1771.0, toolType[0]=TOOL_TYPE_FINGER, buttonState=0, classification=NONE, metaState=0, flags=0x2, edgeFlags=0x0, pointerCount=1, historySize=0, eventTime=37759423, downTime=37759423, deviceId=3, source=0x1002, displayId=0 } rotation 0
07-22 10:13:32.883 24188 24188 D ColorViewRootUtil: nav gesture mode swipeFromBottom ignore false downY 1804 mScreenHeight 2340 mScreenWidth 1080 mStatusBarHeight 54 globalScale 1.125 nav mode 3 event MotionEvent { action=ACTION_DOWN, actionButton=0, id[0]=0, x[0]=724.0, y[0]=1804.0, toolType[0]=TOOL_TYPE_FINGER, buttonState=0, classification=NONE, metaState=0, flags=0x2, edgeFlags=0x0, pointerCount=1, historySize=0, eventTime=37759955, downTime=37759955, deviceId=3, source=0x1002, displayId=0 } rotation 0
07-22 10:13:32.895 24188 24188 D ColorViewRootUtil: do not ignore inject event MotionEvent:MotionEvent { action=ACTION_DOWN, actionButton=0, id[0]=0, x[0]=1068.0, y[0]=1063.0, toolType[0]=TOOL_TYPE_FINGER, buttonState=0, classification=NONE, metaState=0, flags=0x2, edgeFlags=0x0, pointerCount=1, historySize=0, eventTime=37756149, downTime=37756148, deviceId=3, source=0x1002, displayId=0 }
07-22 10:13:32.903 24188 24188 D ColorViewRootUtil: do not ignore inject event MotionEvent:MotionEvent { action=ACTION_DOWN, actionButton=0, id[0]=0, x[0]=1068.0, y[0]=1074.0, toolType[0]=TOOL_TYPE_FINGER, buttonState=0, classification=NONE, metaState=0, flags=0x2, edgeFlags=0x0, pointerCount=1, historySize=0, eventTime=37756847, downTime=37756846, deviceId=3, source=0x1002, displayId=0 }
07-22 10:13:32.908  1509  4751 I WindowManager: Relayout Window{a93fa51 u0 ColorSideGestureRight}: oldVis=8 newVis=0 focusMayChange = true
07-22 10:13:32.909  1509  4751 D ColorDisplayPolicyEx: isNavBarFollowScreenRotation mNavBarPositionFollowScreenRotation 1mNavigationBarMode 3
07-22 10:13:32.909  1509  4751 D WindowManager:  isNavBarFollowScreenRotation true displayRotation 0
07-22 10:13:32.937  1509  1535 D ColorDisplayPolicyEx: isNavBarFollowScreenRotation mNavBarPositionFollowScreenRotation 1mNavigationBarMode 3
07-22 10:13:32.937  1509  1535 D WindowManager:  isNavBarFollowScreenRotation true displayRotation 0
07-22 10:13:32.938  1509 24327 D OppoThermalStats: reset mHaveCaptured:false
07-22 10:13:32.948 24188 24188 D ColorViewRootUtil: do not ignore inject event MotionEvent:MotionEvent { action=ACTION_DOWN, actionButton=0, id[0]=0, x[0]=1068.0, y[0]=1064.0, toolType[0]=TOOL_TYPE_FINGER, buttonState=0, classification=NONE, metaState=0, flags=0x2, edgeFlags=0x0, pointerCount=1, historySize=0, eventTime=37756988, downTime=37756987, deviceId=3, source=0x1002, displayId=0 }
07-22 10:13:32.951  1509 24327 I ActivityManager: Adding ANR proc: ProcessRecord{18e35ad 2039:com.oppo.launcher/u0a29}
07-22 10:13:32.951  1509 24327 I ActivityManager: Adding ANR proc: ProcessRecord{ecc1a35 1803:com.coloros.persist.system/1000}
07-22 10:13:32.951  1509 24327 I ActivityManager: Adding ANR proc: ProcessRecord{60520b5 12389:android.process.media/u0a22}
07-22 10:13:32.951  1509 24327 I ActivityManager: Adding persistent proc: ProcessRecord{124434a 3090:com.android.se/1068}
07-22 10:13:32.951  1509 24327 I ActivityManager: Adding persistent proc: ProcessRecord{6f71ea4 3001:com.oppo.multimedia.dirac/u0a91}
07-22 10:13:32.951  1509 24327 I ActivityManager: Adding persistent proc: ProcessRecord{dded600 2011:com.android.phone/1001}
07-22 10:13:32.951  1509 24327 W ActivityManager: TheiaAnr theia record!  com.example.drivetracker.drive_tracker
07-22 10:13:32.952  1509 24327 I AnrManager: startAnrDump
07-22 10:13:32.952  1509  1771 W ContextImpl: Calling a method in the system process without a qualified user: android.app.ContextImpl.startService:1609 oppo.util.OppoStatistics.startDcsService:436 oppo.util.OppoStatistics.access$100:41 oppo.util.OppoStatistics$1.run:159 java.util.concurrent.ThreadPoolExecutor.runWorker:1167 
07-22 10:13:32.960  1509  4751 D ColorDisplayPolicyEx: isNavBarFollowScreenRotation mNavBarPositionFollowScreenRotation 1mNavigationBarMode 3
07-22 10:13:32.961  1509  4751 D WindowManager:  isNavBarFollowScreenRotation true displayRotation 0
07-22 10:13:32.976 24188 24188 D ColorViewRootUtil: do not ignore inject event MotionEvent:MotionEvent { action=ACTION_DOWN, actionButton=0, id[0]=0, x[0]=1068.0, y[0]=1064.0, toolType[0]=TOOL_TYPE_FINGER, buttonState=0, classification=NONE, metaState=0, flags=0x2, edgeFlags=0x0, pointerCount=1, historySize=0, eventTime=37756988, downTime=37756986, deviceId=3, source=0x1002, displayId=0 }
07-22 10:13:32.978  1509  1626 I WindowManager: Relayout Window{a93fa51 u0 ColorSideGestureRight}: oldVis=8 newVis=0 focusMayChange = true
07-22 10:13:32.978  1509  1626 D ColorDisplayPolicyEx: isNavBarFollowScreenRotation mNavBarPositionFollowScreenRotation 1mNavigationBarMode 3
07-22 10:13:32.979  1509  1626 D WindowManager:  isNavBarFollowScreenRotation true displayRotation 0
07-22 10:13:32.987  1509 24327 I ActivityManager: dumpStackTraces pids={1803=true, 2039=true, 12389=true} nativepids=[366, 563, 572, 1106, 1108, 1111, 1113, 1121, 1124, 1125, 1126, 1127, 1134, 1137, 1152]
07-22 10:13:32.994  1509  3890 W ActivityManager: Missing app error report, app = com.example.drivetracker.drive_tracker crashing = false notResponding = true
07-22 10:13:33.005  1509  1535 D ColorDisplayPolicyEx: isNavBarFollowScreenRotation mNavBarPositionFollowScreenRotation 1mNavigationBarMode 3
07-22 10:13:33.005  1509  1535 D WindowManager:  isNavBarFollowScreenRotation true displayRotation 0
07-22 10:13:33.138 15782 18122 W ContextImpl: Calling a method in the system process without a qualified user: android.app.ContextImpl.startService:1609 android.content.ContextWrapper.startService:680 com.coloros.statistics.dcs.record.RecordHandler.startDcsService:206 com.coloros.statistics.dcs.record.RecordHandler.addTask:133 com.coloros.statistics.dcs.agent.CommonAgent.recordCommon:14 
07-22 10:13:33.446 24188 24188 D ColorViewRootUtil: nav gesture mode swipeFromBottom ignore false downY 1713 mScreenHeight 2340 mScreenWidth 1080 mStatusBarHeight 54 globalScale 1.125 nav mode 3 event MotionEvent { action=ACTION_DOWN, actionButton=0, id[0]=0, x[0]=756.0, y[0]=1713.0, toolType[0]=TOOL_TYPE_FINGER, buttonState=0, classification=NONE, metaState=0, flags=0x2, edgeFlags=0x0, pointerCount=1, historySize=0, eventTime=37760554, downTime=37760554, deviceId=3, source=0x1002, displayId=0 } rotation 0
07-22 10:13:33.496  1509  1626 W ActivityManager: Missing app error report, app = com.example.drivetracker.drive_tracker crashing = false notResponding = true
07-22 10:13:33.730  1509 24327 I ActivityManager: Skipping next CPU consuming process, not a java proc: 1509
07-22 10:13:33.731  1509 24327 I ActivityManager: Skipping next CPU consuming process, not a java proc: 16141
07-22 10:13:33.731  1509 24327 I ActivityManager: Skipping next CPU consuming process, not a java proc: 24188
07-22 10:13:33.731  1509 24327 I ActivityManager: Skipping next CPU consuming process, not a java proc: 572
07-22 10:13:33.731  1509 24327 I ActivityManager: Skipping next CPU consuming process, not a java proc: 533
07-22 10:13:33.731  1509 24327 I ActivityManager: Skipping next CPU consuming process, not a java proc: 232
07-22 10:13:33.731  1509 24327 I ActivityManager: Skipping next CPU consuming process, not a java proc: 138
07-22 10:13:33.731  1509 24327 D ActivityManager: Collecting stacks for extra pid 2039
07-22 10:13:33.731  1509 24327 I ActivityManager: Skipping next CPU consuming process, not a java proc: 20069
07-22 10:13:33.731  1509 24327 I ActivityManager: Skipping next CPU consuming process, not a java proc: 30
07-22 10:13:33.731  1509 24327 I ActivityManager: Skipping next CPU consuming process, not a java proc: 224
07-22 10:13:33.731  1509 24327 I ActivityManager: Skipping next CPU consuming process, not a java proc: 292
07-22 10:13:33.731  1509 24327 I ActivityManager: Skipping next CPU consuming process, not a java proc: 359
07-22 10:13:33.731  1509 24327 I ActivityManager: Skipping next CPU consuming process, not a java proc: 549
07-22 10:13:33.731  1509 24327 I ActivityManager: Skipping next CPU consuming process, not a java proc: 999
07-22 10:13:33.731  1509 24327 I ActivityManager: Skipping next CPU consuming process, not a java proc: 1003
07-22 10:13:33.731  1509 24327 I ActivityManager: Skipping next CPU consuming process, not a java proc: 3259
07-22 10:13:33.731  1509 24327 I ActivityManager: Skipping next CPU consuming process, not a java proc: 14582
07-22 10:13:33.731  1509 24327 I ActivityManager: Skipping next CPU consuming process, not a java proc: 14587
07-22 10:13:33.731  1509 24327 I ActivityManager: Skipping next CPU consuming process, not a java proc: 17451
07-22 10:13:33.731  1509 24327 I ActivityManager: Skipping next CPU consuming process, not a java proc: 20094
07-22 10:13:33.731  1509 24327 I ActivityManager: Skipping next CPU consuming process, not a java proc: 21190
07-22 10:13:33.731  1509 24327 W ActivityManager: Unable to prune stale trace file: /data/anr/SF_RTT
07-22 10:13:33.732  1509 24327 I ActivityManager: Dumping to /data/anr/anr_2026-07-22-10-13-33-731
07-22 10:13:33.732  1509 24327 I ActivityManager: Collecting stacks for pid 24188
07-22 10:13:33.998  1509  4033 W ActivityManager: Missing app error report, app = com.example.drivetracker.drive_tracker crashing = false notResponding = true
07-22 10:13:34.036  1509 24327 D ActivityManager: Done with pid 24188 in 304ms
07-22 10:13:34.127 24188 24188 D ColorViewRootUtil: nav gesture mode swipeFromBottom ignore false downY 1858 mScreenHeight 2340 mScreenWidth 1080 mStatusBarHeight 54 globalScale 1.125 nav mode 3 event MotionEvent { action=ACTION_DOWN, actionButton=0, id[0]=0, x[0]=541.0, y[0]=1858.0, toolType[0]=TOOL_TYPE_FINGER, buttonState=0, classification=NONE, metaState=0, flags=0x2, edgeFlags=0x0, pointerCount=1, historySize=0, eventTime=37761235, downTime=37761235, deviceId=3, source=0x1002, displayId=0 } rotation 0
07-22 10:13:34.208  1509  1532 W Looper  : Drained
07-22 10:13:34.264 15782 18122 W ContextImpl: Calling a method in the system process without a qualified user: android.app.ContextImpl.startService:1609 android.content.ContextWrapper.startService:680 com.coloros.statistics.dcs.record.RecordHandler.startDcsService:206 com.coloros.statistics.dcs.record.RecordHandler.addTask:133 com.coloros.statistics.dcs.agent.CommonAgent.recordCommon:14 
07-22 10:13:34.499  1509  3890 W ActivityManager: Missing app error report, app = com.example.drivetracker.drive_tracker crashing = false notResponding = true
07-22 10:13:35.001  1509  4033 W ActivityManager: Missing app error report, app = com.example.drivetracker.drive_tracker crashing = false notResponding = true
07-22 10:13:35.037  1509 24327 I ActivityManager: Collecting stacks for pid 3090
07-22 10:13:35.149  1509 24327 D ActivityManager: Done with pid 3090 in 112ms
07-22 10:13:35.438 24188 24188 D ColorViewRootUtil: nav gesture mode swipeFromBottom ignore false downY 2216 mScreenHeight 2340 mScreenWidth 1080 mStatusBarHeight 54 globalScale 1.125 nav mode 3 event MotionEvent { action=ACTION_DOWN, actionButton=0, id[0]=0, x[0]=532.0, y[0]=2216.0, toolType[0]=TOOL_TYPE_FINGER, buttonState=0, classification=NONE, metaState=0, flags=0x2, edgeFlags=0x0, pointerCount=1, historySize=0, eventTime=37762545, downTime=37762545, deviceId=3, source=0x1002, displayId=0 } rotation 0
07-22 10:13:35.502  1509  1663 W ActivityManager: Missing app error report, app = com.example.drivetracker.drive_tracker crashing = false notResponding = true
07-22 10:13:35.519 15782 18122 W ContextImpl: Calling a method in the system process without a qualified user: android.app.ContextImpl.startService:1609 android.content.ContextWrapper.startService:680 com.coloros.statistics.dcs.record.RecordHandler.startDcsService:206 com.coloros.statistics.dcs.record.RecordHandler.addTask:133 com.coloros.statistics.dcs.agent.CommonAgent.recordCommon:14 
07-22 10:13:35.591  1509  3166 D ColorDisplayPolicyEx: isNavBarFollowScreenRotation mNavBarPositionFollowScreenRotation 1mNavigationBarMode 3
07-22 10:13:35.591  1509  3166 D WindowManager:  isNavBarFollowScreenRotation true displayRotation 0
07-22 10:13:36.003  1509  3166 W ActivityManager: Missing app error report, app = com.example.drivetracker.drive_tracker crashing = false notResponding = true
07-22 10:13:36.150  1509 24327 I ActivityManager: Collecting stacks for pid 3001
07-22 10:13:36.240  1509 24327 D ActivityManager: Done with pid 3001 in 90ms
07-22 10:13:36.504  1509  3166 W ActivityManager: Missing app error report, app = com.example.drivetracker.drive_tracker crashing = false notResponding = true
07-22 10:13:36.551 24188 24188 D ColorViewRootUtil: nav gesture mode swipeFromBottom ignore true downY 2320 mScreenHeight 2340 mScreenWidth 1080 mStatusBarHeight 54 globalScale 1.125 nav mode 3 event MotionEvent { action=ACTION_DOWN, actionButton=0, id[0]=0, x[0]=626.0, y[0]=2320.0, toolType[0]=TOOL_TYPE_FINGER, buttonState=0, classification=NONE, metaState=0, flags=0x2, edgeFlags=0x0, pointerCount=1, historySize=0, eventTime=37763657, downTime=37763657, deviceId=3, source=0x1002, displayId=0 } rotation 0
07-22 10:13:36.560  1509  3890 D ColorDisplayPolicyEx: isNavBarFollowScreenRotation mNavBarPositionFollowScreenRotation 1mNavigationBarMode 3
07-22 10:13:36.560  1509  3890 D WindowManager:  isNavBarFollowScreenRotation true displayRotation 0
07-22 10:13:36.561  1509  3890 V ColorZoomWindowManagerService: onAnimationFinished:  r=ActivityRecord{d305bd9 u0 com.oppo.launcher/.Launcher t1}
07-22 10:13:36.561  1509  3890 D DEBUG_VISIBILITY: mOccluded:false lastOccluded:false
07-22 10:13:36.562  1509  3890 V WindowManager: adjustNotShowWallpaperByOppo: false
07-22 10:13:36.562  1509  3890 V WindowManager: adjustNotShowWallpaperByOppo: false
07-22 10:13:36.562  1509  3890 D ColorDisplayPolicyEx: isNavBarFollowScreenRotation mNavBarPositionFollowScreenRotation 1mNavigationBarMode 3
07-22 10:13:36.562  1509  3890 D WindowManager:  isNavBarFollowScreenRotation true displayRotation 0
07-22 10:13:36.573  1509  3890 D ColorDisplayPolicyEx: isNavBarFollowScreenRotation mNavBarPositionFollowScreenRotation 1mNavigationBarMode 3
07-22 10:13:36.573  1509  3890 D WindowManager:  isNavBarFollowScreenRotation true displayRotation 0
07-22 10:13:36.578  1509  1509 V SettingsProvider: Notifying for 0: content://settings/secure/launcher_state
07-22 10:13:36.581  1509  1509 V SettingsProvider: Notifying for 0: content://settings/secure/launcher_slid_slip_enable_state
07-22 10:13:36.590  1509  3166 I WindowManager: Relayout Window{5e0fce5 u0 com.oppo.launcher/com.oppo.launcher.Launcher}: oldVis=8 newVis=0 focusMayChange = true
07-22 10:13:36.590  1509  3166 D ColorDisplayPolicyEx: isNavBarFollowScreenRotation mNavBarPositionFollowScreenRotation 1mNavigationBarMode 3
07-22 10:13:36.590  1509  3166 D WindowManager:  isNavBarFollowScreenRotation true displayRotation 0
07-22 10:13:36.600 15782 18122 W ContextImpl: Calling a method in the system process without a qualified user: android.app.ContextImpl.startService:1609 android.content.ContextWrapper.startService:680 com.coloros.statistics.dcs.record.RecordHandler.startDcsService:206 com.coloros.statistics.dcs.record.RecordHandler.addTask:133 com.coloros.statistics.dcs.agent.CommonAgent.recordCommon:14 
07-22 10:13:36.605  1509  1663 V WindowManager: adjustNotShowWallpaperByOppo: false
07-22 10:13:36.605  1509  1663 V WindowManager: adjustNotShowWallpaperByOppo: false
07-22 10:13:36.606  1509  1663 D ColorDisplayPolicyEx: isNavBarFollowScreenRotation mNavBarPositionFollowScreenRotation 1mNavigationBarMode 3
07-22 10:13:36.606  1509  1663 D WindowManager:  isNavBarFollowScreenRotation true displayRotation 0
07-22 10:13:36.613  1509  1535 V WindowManager: adjustNotShowWallpaperByOppo: false
07-22 10:13:36.613  1509  1535 V WindowManager: adjustNotShowWallpaperByOppo: false
07-22 10:13:36.613  1509  1535 D ColorDisplayPolicyEx: isNavBarFollowScreenRotation mNavBarPositionFollowScreenRotation 1mNavigationBarMode 3
07-22 10:13:36.613  1509  1535 D WindowManager:  isNavBarFollowScreenRotation true displayRotation 0
07-22 10:13:36.617  1509  1535 D ColorDisplayPolicyEx: isNavBarFollowScreenRotation mNavBarPositionFollowScreenRotation 1mNavigationBarMode 3
07-22 10:13:36.617  1509  1535 D WindowManager:  isNavBarFollowScreenRotation true displayRotation 0
07-22 10:13:36.620  1509  1535 V WindowManager: adjustNotShowWallpaperByOppo: false
07-22 10:13:36.620  1509  1535 V WindowManager: adjustNotShowWallpaperByOppo: false
07-22 10:13:36.620  1509  1535 D ColorDisplayPolicyEx: isNavBarFollowScreenRotation mNavBarPositionFollowScreenRotation 1mNavigationBarMode 3
07-22 10:13:36.620  1509  1535 D WindowManager:  isNavBarFollowScreenRotation true displayRotation 0
07-22 10:13:36.639  1509  3891 D ColorDisplayPolicyEx: isNavBarFollowScreenRotation mNavBarPositionFollowScreenRotation 1mNavigationBarMode 3
07-22 10:13:36.639  1509  3891 D WindowManager:  isNavBarFollowScreenRotation true displayRotation 0
07-22 10:13:37.006  1509  3166 W ActivityManager: Missing app error report, app = com.example.drivetracker.drive_tracker crashing = false notResponding = true
07-22 10:13:37.167  1509  1509 V SettingsProvider: Notifying for 0: content://settings/secure/launcher_slid_slip_enable_state
07-22 10:13:37.169  1509  1509 V SettingsProvider: Notifying for 0: content://settings/secure/launcher_state
07-22 10:13:37.189  1509  1626 I ColorAppSwitchManagerService:  handleAppVisible , r = ActivityRecord{d305bd9 u0 com.oppo.launcher/.Launcher t1}
07-22 10:13:37.190  1509  1626 V WindowManager: Changing focus from Window{e38688a u0 com.example.drivetracker.drive_tracker/com.example.drivetracker.drive_tracker.MainActivity} to Window{5e0fce5 u0 com.oppo.launcher/com.oppo.launcher.Launcher}
07-22 10:13:37.190  1509  1626 D ActivityTaskManager: hypnusSetScene: 2039 :com.oppo.launcher
07-22 10:13:37.197  1509  1626 D ColorDisplayPolicyEx: isNavBarFollowScreenRotation mNavBarPositionFollowScreenRotation 1mNavigationBarMode 3
07-22 10:13:37.197  1509  1626 D WindowManager:  isNavBarFollowScreenRotation true displayRotation 0
07-22 10:13:37.198  1509  1626 D DEBUG_VISIBILITY: mOccluded:false lastOccluded:false
07-22 10:13:37.198  1509  1626 D ColorDisplayPolicyEx: isNavBarFollowScreenRotation mNavBarPositionFollowScreenRotation 1mNavigationBarMode 3
07-22 10:13:37.198  1509  1626 D WindowManager:  isNavBarFollowScreenRotation true displayRotation 0
07-22 10:13:37.198  1509  1626 D DEBUG_VISIBILITY: mOccluded:false lastOccluded:false
07-22 10:13:37.199  1509  1626 I chatty  : uid=1000(system) Binder:1509_4 identical 1 line
07-22 10:13:37.200  1509  1626 D DEBUG_VISIBILITY: mOccluded:false lastOccluded:false
07-22 10:13:37.201  1509  1626 V WindowManager: adjustNotShowWallpaperByOppo: false
07-22 10:13:37.201  1509  1626 V WindowManager: adjustNotShowWallpaperByOppo: false
07-22 10:13:37.201  1509  1626 D ColorDisplayPolicyEx: isNavBarFollowScreenRotation mNavBarPositionFollowScreenRotation 1mNavigationBarMode 3
07-22 10:13:37.201  1509  1626 D WindowManager:  isNavBarFollowScreenRotation true displayRotation 0
07-22 10:13:37.203  1509  1626 V WindowManager: adjustNotShowWallpaperByOppo: false
07-22 10:13:37.203  1509  1626 V WindowManager: adjustNotShowWallpaperByOppo: false
07-22 10:13:37.204  1509  1626 V ColorZoomWindowManagerService: onAnimationFinished:  r=ActivityRecord{7f30d2a u0 com.example.drivetracker.drive_tracker/.MainActivity t1901}
07-22 10:13:37.204  1509  1626 D ColorDisplayPolicyEx: isNavBarFollowScreenRotation mNavBarPositionFollowScreenRotation 1mNavigationBarMode 3
07-22 10:13:37.204  1509  1626 D WindowManager:  isNavBarFollowScreenRotation true displayRotation 0
07-22 10:13:37.205  1509  1626 I ColorAppSwitchManagerService:  handleAppVisible , r = ActivityRecord{d305bd9 u0 com.oppo.launcher/.Launcher t1}
07-22 10:13:37.205  1509  1626 V ColorZoomWindowManagerService: onAnimationFinished:  r=ActivityRecord{d305bd9 u0 com.oppo.launcher/.Launcher t1}
07-22 10:13:37.205  1509  1626 V WindowManager: adjustNotShowWallpaperByOppo: false
07-22 10:13:37.205  1509  1626 V WindowManager: adjustNotShowWallpaperByOppo: false
07-22 10:13:37.206  1509  1626 D ColorDisplayPolicyEx: isNavBarFollowScreenRotation mNavBarPositionFollowScreenRotation 1mNavigationBarMode 3
07-22 10:13:37.206  1509  1626 D WindowManager:  isNavBarFollowScreenRotation true displayRotation 0
07-22 10:13:37.209  1509  3166 I ColorZoomWindowManagerService: topResumedActivityChanged start r = ActivityRecord{d305bd9 u0 com.oppo.launcher/.Launcher t1}
07-22 10:13:37.209  1509  3166 I ColorZoomWindowManagerService: WINDOWING_MODE_FULLSCREEN : will notifyZoomWindowHide
07-22 10:13:37.210  1509  3166 I ColorZoomWindowManagerService: the current keyboard is a floating keyboard and the floating window is not raised, so set to false to notify the app to prevent the two buttons from being hidden on the app side
07-22 10:13:37.210  1509  3166 I ColorZoomWindowDebugConfig: disableDebugLifeCycle before: DEBUG_LIFE_CYCLE = false
07-22 10:13:37.210  1509  3166 I ColorZoomWindowDebugConfig: disableDebugLifeCycle after: DEBUG_LIFE_CYCLE = false
07-22 10:13:37.210  1509  3166 W ColorAccessControlManagerService: notifyZoomWindowExit: stack=ActivityStack{69d744c stackId=0 type=home mode=fullscreen visible=true translucent=false, 1 tasks}  windowMode=1  topActivity=ActivityRecord{d305bd9 u0 com.oppo.launcher/.Launcher t1}  toFullScreen = true
07-22 10:13:37.210  1509  3166 V ColorZoomWindowManagerService: notifyZoomWindowHide: 
07-22 10:13:37.210  1509  3166 I chatty  : uid=1000(system) Binder:1509_13 identical 1 line
07-22 10:13:37.210  1509  3166 V ColorZoomWindowManagerService: notifyZoomWindowHide: 
07-22 10:13:37.210  1509  3166 I ColorZoomWindowManagerService: topResumedActivityChanged end
07-22 10:13:37.210  1509  2180 D DisplayPowerController: OnAppSwitchObserver: onAppExit , info = ColorAppExitInfo = {  targetName = com.example.drivetracker.drive_tracker hasResumingActivity = true resumingPackageName = com.oppo.launcher resumingActivityName = com.oppo.launcher.Launcher resumingWindowMode = 1 isResumingMultiApp = false isResumingFirstStart = false extension = Bundle[{taskId=1, uid=10029}]}
07-22 10:13:37.213  1509  4751 D DEBUG_VISIBILITY: mOccluded:false lastOccluded:false
07-22 10:13:37.216  1509  3888 D ColorDisplayPolicyEx: isNavBarFollowScreenRotation mNavBarPositionFollowScreenRotation 1mNavigationBarMode 3
07-22 10:13:37.217  1509  3888 D WindowManager:  isNavBarFollowScreenRotation true displayRotation 0
07-22 10:13:37.217  1509  3888 D ColorDisplayPolicyEx: isNavBarFollowScreenRotation mNavBarPositionFollowScreenRotation 1mNavigationBarMode 3
07-22 10:13:37.217  1509  3888 D WindowManager:  isNavBarFollowScreenRotation true displayRotation 0
07-22 10:13:37.217  1509  3888 D ColorDisplayPolicyEx: isNavBarFollowScreenRotation mNavBarPositionFollowScreenRotation 1mNavigationBarMode 3
07-22 10:13:37.217  1509  3888 D WindowManager:  isNavBarFollowScreenRotation true displayRotation 0
07-22 10:13:37.217  1509  3888 D ColorDisplayPolicyEx: isNavBarFollowScreenRotation mNavBarPositionFollowScreenRotation 1mNavigationBarMode 3
07-22 10:13:37.217  1509  3888 D WindowManager:  isNavBarFollowScreenRotation true displayRotation 0
07-22 10:13:37.217  1509  2180 D DisplayPowerController: OnAppSwitchObserver: onAppEnter , info = ColorAppEnterInfo = {  windowMode = 1 targetName = com.oppo.launcher multiApp = false firstStart = false launchedFromPackage = null intent = Intent { act=android.intent.action.MAIN cat=[android.intent.category.HOME] flg=0x10000100 cmp=com.oppo.launcher/.Launcher } extension = Bundle[{taskId=1, uid=10029}]}
07-22 10:13:37.218  1509  1626 D DEBUG_VISIBILITY: mOccluded:false lastOccluded:false
07-22 10:13:37.225  1509  1534 D OomAdjuster: zjm TOP_APP is ProcessRecord{18e35ad 2039:com.oppo.launcher/u0a29} uid is 10029
07-22 10:13:37.228  1509  3166 D ColorDisplayPolicyEx: isNavBarFollowScreenRotation mNavBarPositionFollowScreenRotation 1mNavigationBarMode 3
07-22 10:13:37.228  1509  3166 D WindowManager:  isNavBarFollowScreenRotation true displayRotation 0
07-22 10:13:37.232  1509  1534 D DEBUG_VISIBILITY: mOccluded:false lastOccluded:false
07-22 10:13:37.235  1509  1534 D DEBUG_VISIBILITY: mOccluded:false lastOccluded:false
07-22 10:13:37.241  1509  1509 V SettingsProvider: Notifying for 0: content://settings/secure/reminder_exp_learning_time_elapsed
07-22 10:13:37.241  1509 24327 I ActivityManager: Collecting stacks for pid 2011
07-22 10:13:37.267  1509  1663 D ColorDisplayPolicyEx: isNavBarFollowScreenRotation mNavBarPositionFollowScreenRotation 1mNavigationBarMode 3
07-22 10:13:37.268  1509  1663 D WindowManager:  isNavBarFollowScreenRotation true displayRotation 0
07-22 10:13:37.317  1509  3890 D ColorAppListInterceptManager: shouldFilterTask
07-22 10:13:37.317  1509  3890 D ColorAppListInterceptManager: shouldFilterTask::packageName = com.example.drivetracker.drive_tracker
07-22 10:13:37.317  1509  3890 D ColorAppListInterceptManager: shouldFilterTask
07-22 10:13:37.317  1509  3890 D ColorAppListInterceptManager: shouldFilterTask::packageName = com.oppo.quicksearchbox
07-22 10:13:37.453  1509 24327 D ActivityManager: Done with pid 2011 in 212ms
07-22 10:13:37.506  1509  3891 W ActivityManager: Missing app error report, app = com.example.drivetracker.drive_tracker crashing = false notResponding = true
07-22 10:13:37.516  1509  1509 V SettingsProvider: Notifying for 0: content://settings/system/rssi_level
07-22 10:13:37.562  1509  1532 V WindowOrientationListener: Proposed rotation changed!  mDesiredRotation=1, newRotation=1
07-22 10:13:37.562  1509  1532 D ColorDisplayPolicyEx: isNavBarFollowScreenRotation mNavBarPositionFollowScreenRotation 1mNavigationBarMode 3
07-22 10:13:37.562  1509  1532 D WindowManager:  isNavBarFollowScreenRotation true displayRotation 0
07-22 10:13:37.622 15782 18122 W ContextImpl: Calling a method in the system process without a qualified user: android.app.ContextImpl.startService:1609 android.content.ContextWrapper.startService:680 com.coloros.statistics.dcs.record.RecordHandler.startDcsService:206 com.coloros.statistics.dcs.record.RecordHandler.addTask:133 com.coloros.statistics.dcs.agent.CommonAgent.recordCommon:14 
07-22 10:13:37.836  1509  1527 I ActivityManager: Killing 22576:com.tencent.soter.soterserver/1000 (adj 999): empty #17
07-22 10:13:37.845  1509  3890 I ActivityManager: Killing 22597:com.android.providers.downloads/u0a22 (adj 999): empty #17
07-22 10:13:37.847  1509  3890 V ActivityManager: Death received in com.android.server.am.ActivityManagerService$AppDeathRecipient@a5a9d04 for thread android.os.BinderProxy@98442ed, mPid:23974,mApp:ProcessRecord{48ae8b1 23974:com.coloros.floatassistant:float/1000}
07-22 10:13:37.848  1509  3890 I ActivityManager: Process com.coloros.floatassistant:float (pid 23974) has died: cch+15 CEM 
07-22 10:13:37.848  1509  1985 D OppoPhoneWindowManager: onKeyLockModeNormal: processName=com.coloros.floatassistant:float
07-22 10:13:37.857  1509  3166 V ActivityManager: Death received in com.android.server.am.ActivityManagerService$AppDeathRecipient@933eb12 for thread android.os.BinderProxy@ea6c2e3, mPid:22576,mApp:ProcessRecord{2d20117 22576:com.tencent.soter.soterserver/1000}
07-22 10:13:37.864  1509  3166 V ActivityManager: Death received in com.android.server.am.ActivityManagerService$AppDeathRecipient@3376ec3 for thread android.os.BinderProxy@2bc340, mPid:22597,mApp:ProcessRecord{e89a904 22597:com.android.providers.downloads/u0a22}
