07-22 10:11:07.378  1509  1574 D ColorSensitivePermGrantPolicyManager: allow refined permission oppo.permission.OPPO_COMPONENT_SAFE for com.coloros.sceneservice
07-22 10:11:07.378  1509  1574 I PackageManager: Un-granting permission android.permission.CHANGE_CONFIGURATION from package com.coloros.calculator (protectionLevel=50 flags=0x30c83e45)
07-22 10:11:07.380  1509  1574 D ColorSensitivePermGrantPolicyManager: allow refined permission com.oppo.permission.safe.SAU for com.coloros.calculator
07-22 10:11:07.380  1509  1574 D ColorSensitivePermGrantPolicyManager: allow refined permission oppo.permission.OPPO_COMPONENT_SAFE for com.coloros.calculator
07-22 10:11:07.380  1509  1574 I PackageManager: Un-granting permission android.permission.SYSTEM_ALERT_WINDOW from package com.google.android.apps.photos (protectionLevel=1250 flags=0x38dbbe44)
07-22 10:11:07.381  1509  1574 I PackageManager: Un-granting permission android.permission.WRITE_SETTINGS from package com.google.android.apps.photos (protectionLevel=1218 flags=0x38dbbe44)
07-22 10:11:07.381  1509  1574 I PackageManager: Un-granting permission android.permission.WRITE_MEDIA_STORAGE from package com.google.android.apps.photos (protectionLevel=18 flags=0x38dbbe44)
07-22 10:11:07.381  1509  1574 I PackageManager: Un-granting permission android.permission.INTERACT_ACROSS_PROFILES from package com.google.android.calendar (protectionLevel=18 flags=0x20cbbec5)
07-22 10:11:07.385  1509  1574 D ColorSensitivePermGrantPolicyManager: allow refined permission com.oppo.permission.safe.SAU for com.coloros.operationtips
07-22 10:11:07.385  1509  1574 D ColorSensitivePermGrantPolicyManager: allow refined permission oppo.permission.OPPO_COMPONENT_SAFE for com.coloros.operationtips
07-22 10:11:07.385  1509  1574 I PackageManager: Un-granting permission android.permission.MOUNT_UNMOUNT_FILESYSTEMS from package com.coloros.operationtips (protectionLevel=18 flags=0x30c83e45)
07-22 10:11:07.385  1509  1574 I PackageManager: Un-granting permission android.permission.READ_PRIVILEGED_PHONE_STATE from package com.coloros.operationtips (protectionLevel=18 flags=0x30c83e45)
07-22 10:11:07.385  1509  1574 I PackageManager: Un-granting permission android.permission.SYSTEM_ALERT_WINDOW from package com.nitin.volumnbutton (protectionLevel=1250 flags=0x20c83e44)
07-22 10:11:07.385  1509  1574 I PackageManager: Un-granting permission android.permission.WRITE_SETTINGS from package com.nitin.volumnbutton (protectionLevel=1218 flags=0x20c83e44)
07-22 10:11:07.385  1509  1574 D ColorSensitivePermGrantPolicyManager: no OppoPermissionKey in com.nitin.volumnbutton
07-22 10:11:07.385  1509  1574 I PackageManager: Un-granting permission oppo.permission.OPPO_COMPONENT_SAFE from package com.nitin.volumnbutton (protectionLevel=2 flags=0x20c83e44)
07-22 10:11:07.387  1509  1574 D ColorSensitivePermGrantPolicyManager: allow refined permission oppo.permission.OPPO_COMPONENT_SAFE for com.coloros.oppopods
07-22 10:11:07.387  1509  1574 I PackageManager: Un-granting permission android.permission.BLUETOOTH_PRIVILEGED from package com.coloros.oppopods (protectionLevel=18 flags=0x30c83e44)
07-22 10:11:07.387  1509  1574 I PackageManager: Un-granting permission android.permission.GRANT_RUNTIME_PERMISSIONS from package com.coloros.oppopods (protectionLevel=770 flags=0x30c83e44)
07-22 10:11:07.387  1509  1574 I PackageManager: Un-granting permission android.permission.ACCESS_DOWNLOAD_MANAGER from package com.coloros.oppopods (protectionLevel=18 flags=0x30c83e44)
07-22 10:11:07.387  1509  1574 I PackageManager: Un-granting permission android.permission.REAL_GET_TASKS from package com.coloros.oppopods (protectionLevel=18 flags=0x30c83e44)
07-22 10:11:07.387  1509  1574 I PackageManager: Un-granting permission android.permission.START_ACTIVITIES_FROM_BACKGROUND from package com.coloros.oppopods (protectionLevel=49682 flags=0x30c83e44)
07-22 10:11:07.388  1509  1574 D ColorSensitivePermGrantPolicyManager: allow refined permission com.oppo.permission.safe.SAU for com.coloros.oppopods
07-22 10:11:07.390  1509  1574 D ColorSensitivePermGrantPolicyManager: allow refined permission oppo.permission.OPPO_COMPONENT_SAFE for com.coloros.gamespaceui
07-22 10:11:07.390  1509  1574 I PackageManager: Un-granting permission android.permission.SYSTEM_ALERT_WINDOW from package com.coloros.gamespaceui (protectionLevel=1250 flags=0x38c83e44)
07-22 10:11:07.390  1509  1574 D ColorSensitivePermGrantPolicyManager: allow refined permission com.oppo.permission.safe.PICTURE for com.coloros.gamespaceui
07-22 10:11:07.390  1509  1574 I PackageManager: Un-granting permission android.permission.INTERACT_ACROSS_USERS_FULL from package com.coloros.gamespaceui (protectionLevel=258 flags=0x38c83e44)
07-22 10:11:07.390  1509  1574 I PackageManager: Un-granting permission android.permission.INTERACT_ACROSS_USERS from package com.coloros.gamespaceui (protectionLevel=50 flags=0x38c83e44)
07-22 10:11:07.390  1509  1574 D ColorSensitivePermGrantPolicyManager: allow refined permission com.oppo.permission.safe.SAU for com.coloros.gamespaceui
07-22 10:11:07.391  1509  1574 D ColorSensitivePermGrantPolicyManager: allow refined permission com.oppo.permission.safe.SECURITY for com.coloros.gamespaceui
07-22 10:11:07.391  1509  1574 I PackageManager: Un-granting permission android.permission.FORCE_STOP_PACKAGES from package com.coloros.gamespaceui (protectionLevel=18 flags=0x38c83e44)
07-22 10:11:07.391  1509  1574 I PackageManager: Un-granting permission android.permission.NETWORK_STACK from package com.coloros.gamespaceui (protectionLevel=2 flags=0x38c83e44)
07-22 10:11:07.391  1509  1574 I PackageManager: Un-granting permission android.permission.PACKAGE_USAGE_STATS from package com.coloros.gamespaceui (protectionLevel=114 flags=0x38c83e44)
07-22 10:11:07.392  1509  1574 I PackageManager: Un-granting permission android.permission.BATTERY_STATS from package com.facebook.lite (protectionLevel=50 flags=0x30dbbe44)
07-22 10:11:07.393  1509  1574 I PackageManager: Un-granting permission com.oppo.launcher.permission.WRITE_SETTINGS from package com.facebook.lite (protectionLevel=18 flags=0x30dbbe44)
07-22 10:11:07.394  1509  1574 I PackageManager: Un-granting permission android.permission.BIND_NOTIFICATION_LISTENER_SERVICE from package com.facebook.lite (protectionLevel=2 flags=0x30dbbe44)
07-22 10:11:07.399  1509  1574 D ColorSensitivePermGrantPolicyManager: allow refined permission oppo.permission.OPPO_COMPONENT_SAFE for com.heytap.colorfulengine
07-22 10:11:07.404  1509  1574 I PackageManager: Un-granting permission android.permission.REQUEST_INSTALL_PACKAGES from package com.heytap.browser (protectionLevel=66 flags=0x30d83ec5)
07-22 10:11:07.405  1509  1574 D ColorSensitivePermGrantPolicyManager: allow refined permission oppo.permission.OPPO_COMPONENT_SAFE for com.heytap.browser
07-22 10:11:07.406  1509  1574 D ColorSensitivePermGrantPolicyManager: allow refined permission com.oppo.permission.safe.SAFE_MANAGER for com.heytap.browser
07-22 10:11:07.406  1509  1574 D ColorSensitivePermGrantPolicyManager: allow refined permission com.oppo.permission.safe.SETTINGS for com.heytap.browser
07-22 10:11:07.407  1509  1574 D ColorSensitivePermGrantPolicyManager: allow refined permission com.oppo.permission.safe.PRIVATE for com.heytap.browser
07-22 10:11:07.407  1509  1574 D ColorSensitivePermGrantPolicyManager: allow refined permission com.oppo.permission.safe.SAU for com.heytap.browser
07-22 10:11:07.410  1509  1574 D ColorSensitivePermGrantPolicyManager: allow refined permission com.oppo.permission.safe.SAU for com.nearme.atlas
07-22 10:11:07.410  1509  1574 I PackageManager: Un-granting permission android.permission.REQUEST_INSTALL_PACKAGES from package com.nearme.atlas (protectionLevel=66 flags=0x30c83ec5)
07-22 10:11:07.412  1509  1574 I PackageManager: Un-granting permission com.google.android.finsky.permission.GEARHEAD_SERVICE from package com.google.android.projection.gearhead (protectionLevel=18 flags=0x208bbec5)
07-22 10:11:07.413  1509  1574 I PackageManager: Un-granting permission android.permission.CHANGE_COMPONENT_ENABLED_STATE from package com.google.android.projection.gearhead (protectionLevel=18 flags=0x208bbec5)
07-22 10:11:07.413  1509  1574 I PackageManager: Un-granting permission android.permission.UPDATE_APP_OPS_STATS from package com.google.android.projection.gearhead (protectionLevel=274 flags=0x208bbec5)
07-22 10:11:07.414  1509  1574 I PackageManager: Un-granting permission android.permission.POWER_SAVER from package com.google.android.projection.gearhead (protectionLevel=18 flags=0x208bbec5)
07-22 10:11:07.414  1509  1574 I PackageManager: Un-granting permission android.permission.TETHER_PRIVILEGED from package com.google.android.projection.gearhead (protectionLevel=18 flags=0x208bbec5)
07-22 10:11:07.414  1509  1574 I PackageManager: Un-granting permission android.permission.MANAGE_USERS from package com.google.android.projection.gearhead (protectionLevel=18 flags=0x208bbec5)
07-22 10:11:07.414  1509  1574 I PackageManager: Un-granting permission android.permission.BIND_APPWIDGET from package com.google.android.projection.gearhead (protectionLevel=18 flags=0x208bbec5)
07-22 10:11:07.414  1509  1574 I PackageManager: Un-granting permission android.permission.CAPTURE_SECURE_VIDEO_OUTPUT from package com.google.android.projection.gearhead (protectionLevel=2 flags=0x208bbec5)
07-22 10:11:07.414  1509  1574 I PackageManager: Un-granting permission android.permission.GET_INTENT_SENDER_INTENT from package com.google.android.projection.gearhead (protectionLevel=2 flags=0x208bbec5)
07-22 10:11:07.414  1509  1574 I PackageManager: Un-granting permission android.permission.INTERACT_ACROSS_PROFILES from package com.google.android.projection.gearhead (protectionLevel=18 flags=0x208bbec5)
07-22 10:11:07.416  1509  1574 I PackageManager: Un-granting permission android.permission.WRITE_APN_SETTINGS from package com.oppo.music (protectionLevel=18 flags=0x10c83e45)
07-22 10:11:07.416  1509  1574 I PackageManager: Un-granting permission android.permission.MOUNT_UNMOUNT_FILESYSTEMS from package com.oppo.music (protectionLevel=18 flags=0x10c83e45)
07-22 10:11:07.416  1509  1574 I PackageManager: Un-granting permission android.permission.WRITE_MEDIA_STORAGE from package com.oppo.music (protectionLevel=18 flags=0x10c83e45)
07-22 10:11:07.416  1509  1574 D ColorSensitivePermGrantPolicyManager: allow refined permission oppo.permission.OPPO_COMPONENT_SAFE for com.oppo.music
07-22 10:11:07.418  1509  1574 D ColorSensitivePermGrantPolicyManager: allow refined permission com.oppo.permission.safe.SECURITY for com.coloros.video
07-22 10:11:07.418  1509  1574 D ColorSensitivePermGrantPolicyManager: allow refined permission oppo.permission.OPPO_COMPONENT_SAFE for com.coloros.video
07-22 10:11:07.418  1509  1574 D ColorSensitivePermGrantPolicyManager: allow refined permission com.oppo.permission.safe.PRIVATE for com.coloros.video
07-22 10:11:07.418  1509  1574 D ColorSensitivePermGrantPolicyManager: allow refined permission com.oppo.permission.safe.SAU for com.coloros.video
07-22 10:11:07.420  1509  1574 D ColorSensitivePermGrantPolicyManager: allow refined permission oppo.permission.OPPO_COMPONENT_SAFE for com.oppo.usercenter
07-22 10:11:07.421  1509  1574 D ColorSensitivePermGrantPolicyManager: allow refined permission com.oppo.permission.safe.SAU for com.oppo.usercenter
07-22 10:11:07.422  1509  1574 I PackageManager: Un-granting permission android.permission.GET_ACCOUNTS_PRIVILEGED from package com.oppo.usercenter (protectionLevel=18 flags=0x30c83e85)
07-22 10:11:07.422  1509  1574 I PackageManager: Un-granting permission android.permission.PACKAGE_USAGE_STATS from package com.oppo.usercenter (protectionLevel=114 flags=0x30c83e85)
07-22 10:11:07.422  1509  1574 I PackageManager: Un-granting permission android.permission.REQUEST_INSTALL_PACKAGES from package com.oppo.usercenter (protectionLevel=66 flags=0x30c83e85)
07-22 10:11:07.422  1509  1574 I PackageManager: Un-granting permission android.permission.REQUEST_INSTALL_PACKAGES from package com.nemo.vidmate (protectionLevel=66 flags=0x38d83e44)
07-22 10:11:07.422  1509  1574 I PackageManager: Un-granting permission android.permission.REAL_GET_TASKS from package com.nemo.vidmate (protectionLevel=18 flags=0x38d83e44)
07-22 10:11:07.423  1509  1574 D ColorSensitivePermGrantPolicyManager: allow refined permission oppo.permission.OPPO_COMPONENT_SAFE for com.coloros.ocrscanner
07-22 10:11:07.424  1509  1574 D ColorSensitivePermGrantPolicyManager: allow refined permission com.oppo.permission.safe.SAU for com.coloros.ocrscanner
07-22 10:11:07.425  1509  1574 I PackageManager: Un-granting permission android.permission.REQUEST_INSTALL_PACKAGES from package com.coloros.ocrscanner (protectionLevel=66 flags=0x38c83e45)
07-22 10:11:07.425  1509  1574 I PackageManager: Un-granting permission android.permission.WRITE_SETTINGS from package com.dubox.drive (protectionLevel=1218 flags=0x38d83e44)
07-22 10:11:07.425  1509  1574 I PackageManager: Un-granting permission android.permission.SYSTEM_ALERT_WINDOW from package com.dubox.drive (protectionLevel=1250 flags=0x38d83e44)
07-22 10:11:07.425  1509  1574 I PackageManager: Un-granting permission android.permission.REQUEST_INSTALL_PACKAGES from package com.dubox.drive (protectionLevel=66 flags=0x38d83e44)
07-22 10:11:07.425  1509  1574 I PackageManager: Un-granting permission android.permission.READ_APP_BADGE from package com.dubox.drive (protectionLevel=18 flags=0x38d83e44)
07-22 10:11:07.425  1509  1574 I PackageManager: Un-granting permission com.oppo.launcher.permission.WRITE_SETTINGS from package com.dubox.drive (protectionLevel=18 flags=0x38d83e44)
07-22 10:11:07.426  1509  1574 D ColorSensitivePermGrantPolicyManager: allow refined permission oppo.permission.OPPO_COMPONENT_SAFE for com.coloros.soundrecorder
07-22 10:11:07.427  1509  1574 D ColorSensitivePermGrantPolicyManager: allow refined permission com.oppo.permission.safe.SAU for com.coloros.soundrecorder
07-22 10:11:07.432  1509  1574 D ColorSensitivePermGrantPolicyManager: allow refined permission oppo.permission.OPPO_COMPONENT_SAFE for com.coloros.ocrservice
07-22 10:11:07.434  1509  1574 D ColorSensitivePermGrantPolicyManager: allow refined permission com.oppo.permission.safe.APP_MANAGER for com.oppo.quicksearchbox
07-22 10:11:07.434  1509  1574 D ColorSensitivePermGrantPolicyManager: allow refined permission oppo.permission.OPPO_COMPONENT_SAFE for com.oppo.quicksearchbox
07-22 10:11:07.435  1509  1574 D ColorSensitivePermGrantPolicyManager: allow refined permission com.oppo.permission.safe.SECURITY for com.oppo.quicksearchbox
07-22 10:11:07.435  1509  1574 D ColorSensitivePermGrantPolicyManager: allow refined permission com.oppo.permission.safe.PRIVATE for com.oppo.quicksearchbox
07-22 10:11:07.435  1509  1574 D ColorSensitivePermGrantPolicyManager: allow refined permission com.oppo.permission.safe.PROTECT for com.oppo.quicksearchbox
07-22 10:11:07.435  1509  1574 D ColorSensitivePermGrantPolicyManager: allow refined permission com.oppo.permission.safe.SETTINGS for com.oppo.quicksearchbox
07-22 10:11:07.435  1509  1574 D ColorSensitivePermGrantPolicyManager: allow refined permission com.oppo.permission.safe.LOG for com.oppo.quicksearchbox
07-22 10:11:07.436  1509  1574 D ColorSensitivePermGrantPolicyManager: allow refined permission com.oppo.permission.safe.SAU for com.oppo.quicksearchbox
07-22 10:11:07.440  1509  1574 I PackageManager: Un-granting permission android.permission.REQUEST_INSTALL_PACKAGES from package com.heytap.themestore (protectionLevel=66 flags=0x30d83ec5)
07-22 10:11:07.440  1509  1574 I PackageManager: Un-granting permission android.permission.DELETE_PACKAGES from package com.heytap.themestore (protectionLevel=18 flags=0x30d83ec5)
07-22 10:11:07.441  1509  1574 I PackageManager: Un-granting permission android.permission.ACCESS_KEYGUARD_SECURE_STORAGE from package com.heytap.themestore (protectionLevel=2 flags=0x30d83ec5)
07-22 10:11:07.441  1509  1574 D ColorSensitivePermGrantPolicyManager: allow refined permission oppo.permission.OPPO_COMPONENT_SAFE for com.heytap.themestore
07-22 10:11:07.441  1509  1574 I PackageManager: Un-granting permission android.permission.GRANT_RUNTIME_PERMISSIONS from package com.heytap.themestore (protectionLevel=770 flags=0x30d83ec5)
07-22 10:11:07.441  1509  1574 I PackageManager: Un-granting permission android.permission.MANAGE_APP_OPS_MODES from package com.heytap.themestore (protectionLevel=770 flags=0x30d83ec5)
07-22 10:11:07.442  1509  1574 D ColorSensitivePermGrantPolicyManager: allow refined permission com.oppo.permission.safe.SECURITY for com.heytap.themestore
07-22 10:11:07.442  1509  1574 D ColorSensitivePermGrantPolicyManager: allow refined permission com.oppo.permission.safe.SAU for com.heytap.themestore
07-22 10:11:07.443  1509  1574 D ColorSensitivePermGrantPolicyManager: allow refined permission com.oppo.permission.safe.CONNECTIVITY for com.heytap.themestore
07-22 10:11:07.443  1509  1574 D ColorSensitivePermGrantPolicyManager: allow refined permission com.oppo.permission.safe.IOT for com.heytap.themestore
07-22 10:11:07.443  1509  1574 D ColorSensitivePermGrantPolicyManager: allow refined permission com.oppo.permission.safe.SETTINGS for com.heytap.themestore
07-22 10:11:07.443  1509  1574 I PackageManager: Un-granting permission android.permission.MODIFY_PHONE_STATE from package com.heytap.themestore (protectionLevel=18 flags=0x30d83ec5)
07-22 10:11:07.449  1509  1574 D ColorSensitivePermGrantPolicyManager: allow refined permission oppo.permission.OPPO_COMPONENT_SAFE for com.coloros.gallery3d
07-22 10:11:07.449  1509  1574 I PackageManager: Un-granting permission android.permission.GRANT_RUNTIME_PERMISSIONS from package com.coloros.gallery3d (protectionLevel=770 flags=0x30d83c45)
07-22 10:11:07.450  1509  1574 D ColorSensitivePermGrantPolicyManager: allow refined permission com.oppo.permission.safe.SAU for com.coloros.gallery3d
07-22 10:11:07.450  1509  1574 D ColorSensitivePermGrantPolicyManager: allow refined permission com.oppo.permission.safe.PRIVATE for com.coloros.gallery3d
07-22 10:11:07.452  1509  1574 I PackageManager: Un-granting permission android.permission.MANAGE_USERS from package com.coloros.musiclink (protectionLevel=18 flags=0x30c8be45)
07-22 10:11:07.452  1509  1574 I PackageManager: Un-granting permission android.permission.NETWORK_SETTINGS from package com.coloros.musiclink (protectionLevel=2 flags=0x30c8be45)
07-22 10:11:07.452  1509  1574 I PackageManager: Un-granting permission android.permission.MODIFY_PHONE_STATE from package com.coloros.musiclink (protectionLevel=18 flags=0x30c8be45)
07-22 10:11:07.452  1509  1574 I PackageManager: Un-granting permission android.permission.OVERRIDE_WIFI_CONFIG from package com.coloros.musiclink (protectionLevel=18 flags=0x30c8be45)
07-22 10:11:07.453  1509  1574 D ColorSensitivePermGrantPolicyManager: allow refined permission oppo.permission.OPPO_COMPONENT_SAFE for com.coloros.musiclink
07-22 10:11:07.454  1509  1574 D ColorSensitivePermGrantPolicyManager: allow refined permission com.oppo.permission.safe.SAU for com.coloros.musiclink
07-22 10:11:07.455  1509  1574 D ColorSensitivePermGrantPolicyManager: allow refined permission oppo.permission.OPPO_COMPONENT_SAFE for com.android.providers.contacts
07-22 10:11:07.456  1509  1574 D ColorSensitivePermGrantPolicyManager: allow refined permission com.oppo.permission.safe.SECURITY for com.android.providers.contacts
07-22 10:11:07.458  1509  1574 I PackageManager: Un-granting permission android.permission.INTERACT_ACROSS_PROFILES from package com.google.android.inputmethod.latin (protectionLevel=18 flags=0x20cabec5)
07-22 10:11:07.889  1509  1574 D PackageManagerCommonSoft: not support delete channel with apk removing!
07-22 10:11:07.941 15782 18122 W ContextImpl: Calling a method in the system process without a qualified user: android.app.ContextImpl.startService:1609 android.content.ContextWrapper.startService:680 com.coloros.statistics.dcs.record.RecordHandler.startDcsService:206 com.coloros.statistics.dcs.record.RecordHandler.addTask:133 com.coloros.statistics.dcs.agent.CommonAgent.recordCommon:14 
07-22 10:11:07.967  1509  1509 W Looper  : Slow dispatch took 870ms main h=android.app.ActivityThread$H c=android.app.-$$Lambda$LoadedApk$ReceiverDispatcher$Args$_BumDX2UKsnxLVrE6UJsJZkotuA@8c0b5df m=0
07-22 10:11:07.968  1509  1509 W Looper  : Slow delivery took 941ms main h=android.os.Handler c=android.app.-$$Lambda$LoadedApk$ReceiverDispatcher$Args$_BumDX2UKsnxLVrE6UJsJZkotuA@af1922c m=0
07-22 10:11:08.070  2039  2039 D ColorViewRootUtil: nav gesture mode swipeFromBottom ignore false downY 1657 mScreenHeight 2340 mScreenWidth 1080 mStatusBarHeight 54 globalScale 1.125 nav mode 3 event MotionEvent { action=ACTION_DOWN, actionButton=0, id[0]=0, x[0]=652.0, y[0]=1657.0, toolType[0]=TOOL_TYPE_FINGER, buttonState=0, classification=NONE, metaState=0, flags=0x2, edgeFlags=0x0, pointerCount=1, historySize=0, eventTime=37615177, downTime=37615177, deviceId=3, source=0x1002, displayId=0 } rotation 0
07-22 10:11:08.094  1509  1509 W Looper  : Slow dispatch took 127ms main h=android.app.ActivityThread$H c=android.app.-$$Lambda$LoadedApk$ReceiverDispatcher$Args$_BumDX2UKsnxLVrE6UJsJZkotuA@7437042 m=0
07-22 10:11:08.100  1509  1509 W Looper  : Drained
07-22 10:11:08.105  1509  3058 E BackupTransportManager: Trying to register transports from package not found com.example.nfc_5
07-22 10:11:08.270 22325 22532 W ContextImpl: Calling a method in the system process without a qualified user: android.app.ContextImpl.bindService:1708 android.content.ContextWrapper.bindService:716 m7.iy.g:17 m7.iy.d:110 m7.hj.a:211 
07-22 10:11:08.446  1509  1574 D ColorRemovableAppManager: isSystemApp = false
07-22 10:11:08.447  1509  1574 W ColorRemovableAppManager: tPs is null
07-22 10:11:08.447  1509  1574 D ColorRemovableAppManager: uninstalled by all users = true
07-22 10:11:08.508  1509  1547 I RoleUserState: Wrote roles.xml successfully
07-22 10:11:08.552  1509  1550 I ActivityManager: Waited long enough for: ServiceRecord{4a2ed2f u0 com.coloros.sau/.datares.DataResService}
07-22 10:11:08.736  1509  1574 I ActivityManager: Force stopping com.example.nfc_5 appid=10028 user=0: pkg removed
07-22 10:11:08.736  1509  1985 D OppoPhoneWindowManager: onKeyLockModeNormal: processName=com.example.nfc_5
07-22 10:11:08.739  1509  1534 D DEBUG_VISIBILITY: mOccluded:false lastOccluded:false
07-22 10:11:08.745  1509  1574 E HistoricalRegistry: Interaction before persistence initialized
07-22 10:11:08.748  1509  2431 D OppoStatsNotLaunchedAppUtils: notePackageRemove , isDcsSwitchEnable is false
07-22 10:11:08.766  1509  1509 I RoleManagerService: Granting default permissions...
07-22 10:11:08.772  1803  1803 W ContextImpl: Calling a method in the system process without a qualified user: android.app.ContextImpl.startService:1609 android.content.ContextWrapper.startService:680 com.coloros.gamespace.cosa.a.c.d.b:74 com.coloros.gamespace.cosa.service.COSAService$3.onReceive:138 android.app.LoadedApk$ReceiverDispatcher$Args.lambda$getRunnable$0$LoadedApk$ReceiverDispatcher$Args:1647 
07-22 10:11:08.783 15665 15694 W ContextImpl: Calling a method in the system process without a qualified user: android.app.ContextImpl.startService:1609 android.content.ContextWrapper.startService:680 com.heytap.mcs.receiver.McsReceiver.a:13 com.heytap.mcs.receiver.McsReceiver.a:1 com.heytap.mcs.receiver.McsReceiver$a.run:42 
07-22 10:11:08.791  1509  1555 W BroadcastQueue: Background execution not allowed: receiving Intent { act=android.intent.action.PACKAGE_REMOVED dat=package:com.example.nfc_5 flg=0x4000010 (has extras) } to com.android.vending/com.google.android.finsky.packagemonitor.impl.PackageMonitorReceiverImpl$RegisteredReceiver
07-22 10:11:08.792  1509  1555 W BroadcastQueue: Background execution not allowed: receiving Intent { act=android.intent.action.PACKAGE_REMOVED dat=package:com.example.nfc_5 flg=0x4000010 (has extras) } to com.android.vending/com.google.android.finsky.packagemonitor.backgroundimpl.BackgroundPackageMonitorReceiverImpl$RegisteredReceiver
07-22 10:11:08.813  1509  1555 W BroadcastQueue: Background execution not allowed: receiving Intent { act=android.intent.action.PACKAGE_REMOVED dat=package:com.example.nfc_5 flg=0x4000010 (has extras) } to com.coloros.notificationmanager/.receiver.DataReceiver
07-22 10:11:08.814 15782 15782 W ContextImpl: Calling a method in the system process without a qualified user: android.app.ContextImpl.startService:1609 android.content.ContextWrapper.startService:680 com.heytap.openid.receiver.UninstallReceiver.onReceive:34 android.app.LoadedApk$ReceiverDispatcher$Args.lambda$getRunnable$0$LoadedApk$ReceiverDispatcher$Args:1647 android.app.-$$Lambda$LoadedApk$ReceiverDispatcher$Args$_BumDX2UKsnxLVrE6UJsJZkotuA.run:2 
07-22 10:11:08.821  1509  1555 W BroadcastQueue: Background execution not allowed: receiving Intent { act=android.intent.action.PACKAGE_REMOVED dat=package:com.example.nfc_5 flg=0x4000010 (has extras) } to com.coloros.safecenter/.startupapp.StartupUpdateReceiver
07-22 10:11:08.822  1509  1555 W BroadcastQueue: Background execution not allowed: receiving Intent { act=android.intent.action.PACKAGE_REMOVED dat=package:com.example.nfc_5 flg=0x4000010 (has extras) } to com.facebook.services/com.facebook.oxygen.services.fbns.RegisteredMqttSystemBroadcastReceiver
07-22 10:11:08.822  1509  1555 W BroadcastQueue: Background execution not allowed: receiving Intent { act=android.intent.action.PACKAGE_REMOVED dat=package:com.example.nfc_5 flg=0x4000010 (has extras) } to com.google.android.apps.maps/com.google.android.libraries.social.peoplekit.thirdparty.viewcontrollers.ThirdPartyReceiver
07-22 10:11:08.822  1509  1555 W BroadcastQueue: Background execution not allowed: receiving Intent { act=android.intent.action.PACKAGE_REMOVED dat=package:com.example.nfc_5 flg=0x4000010 (has extras) } to com.google.android.gms/.chimera.GmsIntentOperationService$PersistentTrustedReceiver
07-22 10:11:08.823  1509  1555 W BroadcastQueue: Background execution not allowed: receiving Intent { act=android.intent.action.PACKAGE_REMOVED dat=package:com.example.nfc_5 flg=0x4000010 (has extras) } to com.heytap.cloud/.receiver.ColorCloudReceiver
07-22 10:11:08.825  1509  1555 W BroadcastQueue: Background execution not allowed: receiving Intent { act=android.intent.action.PACKAGE_REMOVED dat=package:com.example.nfc_5 flg=0x4000010 (has extras) } to com.heytap.habit.analysis/.receiver.SystemBcReceiver
07-22 10:11:08.825  1509  1555 W BroadcastQueue: Background execution not allowed: receiving Intent { act=android.intent.action.PACKAGE_REMOVED dat=package:com.example.nfc_5 flg=0x4000010 (has extras) } to com.heytap.market/com.heytap.cdo.client.domain.receiver.PackageReceiver
07-22 10:11:08.825  1509  1555 W BroadcastQueue: Background execution not allowed: receiving Intent { act=android.intent.action.PACKAGE_REMOVED dat=package:com.example.nfc_5 flg=0x4000010 (has extras) } to com.nearme.gamecenter/com.heytap.cdo.client.domain.receiver.PackageReceiver
07-22 10:11:08.826  1509  1555 W BroadcastQueue: Background execution not allowed: receiving Intent { act=android.intent.action.PACKAGE_REMOVED dat=package:com.example.nfc_5 flg=0x4000010 (has extras) } to com.nearme.statistics.rom/.receiver.Receiver
07-22 10:11:08.846  1509  1771 W ContextImpl: Calling a method in the system process without a qualified user: android.app.ContextImpl.startService:1609 oppo.util.OppoStatistics.startDcsService:436 oppo.util.OppoStatistics.access$100:41 oppo.util.OppoStatistics$1.run:159 java.util.concurrent.ThreadPoolExecutor.runWorker:1167 
07-22 10:11:08.857  1509  1555 W BroadcastQueue: Background execution not allowed: receiving Intent { act=android.intent.action.PACKAGE_REMOVED dat=package:com.example.nfc_5 flg=0x4000010 (has extras) } to com.emoji.keyboard.touchpal.oppo/com.cootek.smartinput5.func.ExternalPackageReceiver
07-22 10:11:08.858  1509  1555 W BroadcastQueue: Background execution not allowed: receiving Intent { act=android.intent.action.PACKAGE_REMOVED dat=package:com.example.nfc_5 flg=0x4000010 (has extras) } to com.emoji.keyboard.touchpal.oppo/com.cootek.smartinput5.func.AttachedPackageReceiver
07-22 10:11:08.858  1509  1555 W BroadcastQueue: Background execution not allowed: receiving Intent { act=android.intent.action.PACKAGE_REMOVED dat=package:com.example.nfc_5 flg=0x4000010 (has extras) } to com.emoji.keyboard.touchpal.oppo/com.cootek.tpwebcomponent.PackageReceiver
07-22 10:11:08.865  1509  1574 I ActivityManager: Force stopping com.example.nfc_5 appid=10028 user=0: pkg removed
07-22 10:11:08.865  1509  1985 D OppoPhoneWindowManager: onKeyLockModeNormal: processName=com.example.nfc_5
07-22 10:11:08.869  1509  1534 D DEBUG_VISIBILITY: mOccluded:false lastOccluded:false
07-22 10:11:08.879  1509  2431 D OppoStatsNotLaunchedAppUtils: notePackageRemove , isDcsSwitchEnable is false
07-22 10:11:08.881  1509  1555 W BroadcastQueue: Background execution not allowed: receiving Intent { act=android.intent.action.PACKAGE_REMOVED dat=package:com.example.nfc_5 flg=0x4000010 (has extras) } to com.emoji.keyboard.touchpal.oppo/com.mobutils.android.mediation.impl.PackageBroadcastReceiver
07-22 10:11:08.882  1509  1555 W BroadcastQueue: Background execution not allowed: receiving Intent { act=android.intent.action.PACKAGE_REMOVED dat=package:com.example.nfc_5 flg=0x4000010 (has extras) } to com.emoji.keyboard.touchpal.oppo/com.mobutils.android.mediation.utility.AppInstallReceiver
07-22 10:11:08.895  1509  1555 W BroadcastQueue: Background execution not allowed: receiving Intent { act=android.intent.action.PACKAGE_REMOVED dat=package:com.example.nfc_5 flg=0x4000010 (has extras) } to com.google.android.apps.photos/com.google.android.libraries.social.peoplekit.thirdparty.viewcontrollers.ThirdPartyReceiver
07-22 10:11:08.896  1509  1555 W BroadcastQueue: Background execution not allowed: receiving Intent { act=android.intent.action.PACKAGE_REMOVED dat=package:com.example.nfc_5 flg=0x4000010 (has extras) } to messenger.social.chat.apps/com.link.messenger.external.alive.PermanentReceiver
07-22 10:11:08.897  1509  1771 W ContextImpl: Calling a method in the system process without a qualified user: android.app.ContextImpl.startService:1609 oppo.util.OppoStatistics.startDcsService:436 oppo.util.OppoStatistics.access$100:41 oppo.util.OppoStatistics$1.run:159 java.util.concurrent.ThreadPoolExecutor.runWorker:1167 
07-22 10:11:08.960  1803 18443 E ActivityThread: Failed to find provider info for com.coloros.WellBeingProvider
07-22 10:11:08.967  1509  1509 W Looper  : Slow dispatch took 125ms main h=android.app.ActivityThread$H c=android.app.-$$Lambda$LoadedApk$ReceiverDispatcher$Args$_BumDX2UKsnxLVrE6UJsJZkotuA@35d6fdc m=0
07-22 10:11:08.967  1509  1509 W Looper  : Slow delivery took 217ms main h=android.app.ActivityThread$H c=android.app.-$$Lambda$LoadedApk$ReceiverDispatcher$Args$_BumDX2UKsnxLVrE6UJsJZkotuA@705d8e5 m=0
07-22 10:11:08.968  1509  1509 D DeviceIdleHelper: pacakge removed: name=com.example.nfc_5 not in PowerSaveWhitelist
07-22 10:11:09.027  1509  1626 D AppOps  : checkOperation: reject #3 for code 43 uid 10045 package com.android.vending
07-22 10:11:09.059 22433 22433 W ContextImpl: Calling a method in the system process without a qualified user: android.app.ContextImpl.startService:1609 android.content.ContextWrapper.startService:680 android.content.ContextWrapper.startService:680 com.coloros.securepay.SecurePayReceiver.a:59 com.coloros.securepay.SecurePayReceiver.onReceive:43 
07-22 10:11:09.060  3030  3030 W ContextImpl: Calling a method in the system process without a qualified user: android.app.ContextImpl.startService:1609 android.content.ContextWrapper.startService:680 android.content.ContextWrapper.startService:680 com.coloros.sau.strategy.AppInstallReceiver.onReceive:62 android.app.ActivityThread.handleReceiver:4095 
07-22 10:11:09.095  1803  2280 W ContextImpl: Calling a method in the system process without a qualified user: android.app.ContextImpl.sendBroadcast:1088 android.content.ContextWrapper.sendBroadcast:464 android.content.ContextWrapper.sendBroadcast:464 com.coloros.notificationmanager.AppModificationReceiver.notifyAppModified:9 com.coloros.notificationmanager.receiver.DataReceiver.processBroadcast:139 
07-22 10:11:09.098  1509  1702 W ContextImpl: Calling a method in the system process without a qualified user: android.app.ContextImpl.sendBroadcast:1073 com.android.server.job.controllers.OppoCpuController.notifyHighCpuEventForApp:322 com.android.server.job.controllers.OppoCpuController.handleCpuUpdate:268 com.android.server.job.controllers.OppoCpuController.access$700:54 com.android.server.job.controllers.OppoCpuController$CpuTrackerHandler.handleMessage:199 
07-22 10:11:09.183  1803  1803 W ContextImpl: Calling a method in the system process without a qualified user: android.app.ContextImpl.startService:1609 android.content.ContextWrapper.startService:680 android.content.ContextWrapper.startService:680 com.coloros.securitypermission.permission.OppoPermissionReceiver.a:627 com.coloros.securitypermission.permission.OppoPermissionReceiver.onReceive:290 
07-22 10:11:09.272 15782 18122 W ContextImpl: Calling a method in the system process without a qualified user: android.app.ContextImpl.startService:1609 android.content.ContextWrapper.startService:680 com.coloros.statistics.dcs.record.RecordHandler.startDcsService:206 com.coloros.statistics.dcs.record.RecordHandler.addTask:133 com.coloros.statistics.dcs.agent.CommonAgent.recordCommon:14 
07-22 10:11:09.345  1509  1509 W Looper  : Slow dispatch took 376ms main h=android.app.ActivityThread$H c=android.app.-$$Lambda$LoadedApk$ReceiverDispatcher$Args$_BumDX2UKsnxLVrE6UJsJZkotuA@af3c4df m=0
07-22 10:11:09.345  1509  1509 D AIBrightnessHelper: onReceive, mPackageReceiver action:android.intent.action.PACKAGE_REMOVED
07-22 10:11:09.345  1509  1509 D AIBrightnessHelper: onReceive, packageName:com.example.nfc_5
07-22 10:11:09.383  1509  1509 I ConditionProviders: Disallowing condition provider com.example.nfc_5
07-22 10:11:09.485  1509  1509 W Looper  : Drained
07-22 10:11:09.619  1509  1547 I RoleUserState: Wrote roles.xml successfully
07-22 10:11:09.680  1509  1528 I ActivityManager: Killing 14608:com.google.android.youtube/u0a116 (adj 995): empty #17
07-22 10:11:09.766  1509  3884 D MtkConnectivityService: ConnectivityService NetworkRequestInfo binderDied(NetworkRequest [ TRACK_DEFAULT id=1109, [ Capabilities: INTERNET&NOT_RESTRICTED&TRUSTED Uid: 10116] ], android.os.BinderProxy@4f935af)
07-22 10:11:09.766  1509  1528 D MtkConnectivityService: ConnectivityService NetworkRequestInfo binderDied(NetworkRequest [ LISTEN id=1107, [ Capabilities: NOT_METERED&INTERNET&TRUSTED&VALIDATED&FOREGROUND Uid: 10116] ], android.os.BinderProxy@d15dbc)
07-22 10:11:09.766  1509  1527 D MtkConnectivityService: ConnectivityService NetworkRequestInfo binderDied(NetworkRequest [ LISTEN id=1108, [ Capabilities: INTERNET&TRUSTED&VALIDATED&FOREGROUND Uid: 10116] ], android.os.BinderProxy@488798e)
07-22 10:11:09.766  1509  3158 D MtkConnectivityService: ConnectivityService NetworkRequestInfo binderDied(NetworkRequest [ LISTEN id=1106, [ Capabilities: INTERNET&TRUSTED&VALIDATED&FOREGROUND Uid: 10116] ], android.os.BinderProxy@f1c6145)
07-22 10:11:09.766  1509  3881 D MtkConnectivityService: ConnectivityService NetworkRequestInfo binderDied(NetworkRequest [ TRACK_DEFAULT id=1105, [ Capabilities: INTERNET&NOT_RESTRICTED&TRUSTED Uid: 10116] ], android.os.BinderProxy@516a09a)
07-22 10:11:09.766  1509  3888 D MtkConnectivityService: ConnectivityService NetworkRequestInfo binderDied(NetworkRequest [ TRACK_DEFAULT id=1104, [ Capabilities: INTERNET&NOT_RESTRICTED&TRUSTED Uid: 10116] ], android.os.BinderProxy@ad7dcb)
07-22 10:11:09.766  1509  1983 D MtkConnectivityService: ConnectivityService NetworkRequestInfo binderDied(NetworkRequest [ LISTEN id=1103, [ Capabilities: INTERNET&NOT_RESTRICTED&TRUSTED&FOREGROUND Uid: 10116] ], android.os.BinderProxy@c3499a8)
07-22 10:11:09.766  1509  3890 D MtkConnectivityService: ConnectivityService NetworkRequestInfo binderDied(NetworkRequest [ LISTEN id=1147, [ Capabilities: INTERNET&TRUSTED&VALIDATED&FOREGROUND Uid: 10116] ], android.os.BinderProxy@926ccc1)
07-22 10:11:09.766  1509  3160 D MtkConnectivityService: ConnectivityService NetworkRequestInfo binderDied(NetworkRequest [ TRACK_DEFAULT id=1102, [ Capabilities: INTERNET&NOT_RESTRICTED&TRUSTED Uid: 10116] ], android.os.BinderProxy@62e2c66)
07-22 10:11:09.766  1509  1679 D MtkConnectivityService: releasing NetworkRequest [ TRACK_DEFAULT id=1105, [ Capabilities: INTERNET&NOT_RESTRICTED&TRUSTED Uid: 10116] ] (release request)
07-22 10:11:09.767  1509  1679 D MtkConnectivityService: releasing NetworkRequest [ TRACK_DEFAULT id=1109, [ Capabilities: INTERNET&NOT_RESTRICTED&TRUSTED Uid: 10116] ] (release request)
07-22 10:11:09.768  1509  1679 D MtkConnectivityService: releasing NetworkRequest [ TRACK_DEFAULT id=1104, [ Capabilities: INTERNET&NOT_RESTRICTED&TRUSTED Uid: 10116] ] (release request)
07-22 10:11:09.769  1509  1679 D MtkConnectivityService: releasing NetworkRequest [ TRACK_DEFAULT id=1102, [ Capabilities: INTERNET&NOT_RESTRICTED&TRUSTED Uid: 10116] ] (release request)
07-22 10:11:09.769  1509  3890 V ActivityManager: Death received in com.android.server.am.ActivityManagerService$AppDeathRecipient@3c452f7 for thread android.os.BinderProxy@de8c564, mPid:14608,mApp:ProcessRecord{7bd9bc9 14608:com.google.android.youtube/u0a116}
07-22 10:11:10.611 15782 18122 W ContextImpl: Calling a method in the system process without a qualified user: android.app.ContextImpl.startService:1609 android.content.ContextWrapper.startService:680 com.coloros.statistics.dcs.record.RecordHandler.startDcsService:206 com.coloros.statistics.dcs.record.RecordHandler.addTask:133 com.coloros.statistics.dcs.agent.CommonAgent.recordCommon:14 
07-22 10:11:10.821  1509  1551 I ActivityManager: Start proc 22756:com.google.android.projection.gearhead:car/u0a253 for service {com.google.android.projection.gearhead/com.google.android.apps.auto.carservice.service.impl.GearheadCarStartupService}
07-22 10:11:10.843  1509  3883 V ActivityManager: New death recipient com.android.server.am.ActivityManagerService$AppDeathRecipient@905adec for thread android.os.BinderProxy@2f125b5, pid:22756,mApp:null
07-22 10:11:10.846  1509  3883 D DEBUG_VISIBILITY: mOccluded:false lastOccluded:false
07-22 10:11:10.851  1509  3883 I ActivityManager: Killing 22292:com.android.keychain/1000 (adj 995): empty #17
07-22 10:11:10.888  1509  3883 V ActivityManager: Death received in com.android.server.am.ActivityManagerService$AppDeathRecipient@793d4e7 for thread android.os.BinderProxy@67a3894, mPid:22292,mApp:ProcessRecord{928644a 22292:com.android.keychain/1000}
07-22 10:11:11.807 15782 18122 W ContextImpl: Calling a method in the system process without a qualified user: android.app.ContextImpl.startService:1609 android.content.ContextWrapper.startService:680 com.coloros.statistics.dcs.record.RecordHandler.startDcsService:206 com.coloros.statistics.dcs.record.RecordHandler.addTask:133 com.coloros.statistics.dcs.agent.CommonAgent.recordCommon:14 
07-22 10:11:13.859  1509  1509 D OppoBaseBatteryService: send broadcast : oppo.intent.action.BATTERY_DATA_UPDATE
07-22 10:11:13.859  1509  1509 W ContextImpl: Calling a method in the system process without a qualified user: android.app.ContextImpl.sendBroadcast:1088 com.android.server.OppoBaseBatteryService$2.run:192 android.os.Handler.handleCallback:883 android.os.Handler.dispatchMessage:100 android.os.Looper.loop:237 
07-22 10:11:14.117 15782 18122 W ContextImpl: Calling a method in the system process without a qualified user: android.app.ContextImpl.startService:1609 android.content.ContextWrapper.startService:680 com.coloros.statistics.dcs.record.RecordHandler.startDcsService:206 com.coloros.statistics.dcs.record.RecordHandler.addTask:133 com.coloros.statistics.dcs.agent.CommonAgent.recordCommon:14 
07-22 10:11:14.313  1509  3880 D ColorAppListInterceptManager: shouldFilterTask
07-22 10:11:14.313  1509  3880 D ColorAppListInterceptManager: shouldFilterTask::packageName = com.oppo.quicksearchbox
07-22 10:11:14.541  1509  1551 I ActivityManager: Start proc 22797:com.google.android.youtube/u0a116 for service {com.google.android.youtube/androidx.work.impl.background.systemjob.SystemJobService}
07-22 10:11:14.558  1509  3161 V ActivityManager: New death recipient com.android.server.am.ActivityManagerService$AppDeathRecipient@1e75dde for thread android.os.BinderProxy@5d0cbbf, pid:22797,mApp:null
07-22 10:11:14.560  1509  3161 D DEBUG_VISIBILITY: mOccluded:false lastOccluded:false
07-22 10:11:15.303  1509  1528 D MtkConnectivityService: requestNetwork for uid/pid:10116/22797 NetworkRequest [ TRACK_DEFAULT id=1164, [ Capabilities: INTERNET&NOT_RESTRICTED&TRUSTED Uid: 10116] ]
07-22 10:11:15.678  1509  2502 I ActivityManager: Killing 22325:com.coloros.phonemanager/1000 (adj 995): empty #17
07-22 10:11:15.722  1509  1528 V ActivityManager: Death received in com.android.server.am.ActivityManagerService$AppDeathRecipient@f47aaaf for thread android.os.BinderProxy@9df2ebc, mPid:22325,mApp:ProcessRecord{d2a9969 22325:com.coloros.phonemanager/1000}
07-22 10:11:15.909  1509  3880 D MtkConnectivityService: requestNetwork for uid/pid:10116/22797 NetworkRequest [ TRACK_DEFAULT id=1171, [ Capabilities: INTERNET&NOT_RESTRICTED&TRUSTED Uid: 10116] ]
07-22 10:11:15.947  1509  3880 D MtkConnectivityService: requestNetwork for uid/pid:10116/22797 NetworkRequest [ TRACK_DEFAULT id=1172, [ Capabilities: INTERNET&NOT_RESTRICTED&TRUSTED Uid: 10116] ]
07-22 10:11:16.405 15782 18122 W ContextImpl: Calling a method in the system process without a qualified user: android.app.ContextImpl.startService:1609 android.content.ContextWrapper.startService:680 com.coloros.statistics.dcs.record.RecordHandler.startDcsService:206 com.coloros.statistics.dcs.record.RecordHandler.addTask:133 com.coloros.statistics.dcs.agent.CommonAgent.recordCommon:14 
07-22 10:11:16.605  1509  3885 D MtkConnectivityService: requestNetwork for uid/pid:10116/22797 NetworkRequest [ TRACK_DEFAULT id=1173, [ Capabilities: INTERNET&NOT_RESTRICTED&TRUSTED Uid: 10116] ]
07-22 10:11:17.568 15782 18122 W ContextImpl: Calling a method in the system process without a qualified user: android.app.ContextImpl.startService:1609 android.content.ContextWrapper.startService:680 com.coloros.statistics.dcs.record.RecordHandler.startDcsService:206 com.coloros.statistics.dcs.record.RecordHandler.addTask:133 com.coloros.statistics.dcs.agent.CommonAgent.recordCommon:14 
07-22 10:11:18.725  1509  1509 D OppoBaseBatteryService: send broadcast : oppo.intent.action.BATTERY_DATA_UPDATE
07-22 10:11:18.726  1509  1509 W ContextImpl: Calling a method in the system process without a qualified user: android.app.ContextImpl.sendBroadcast:1088 com.android.server.OppoBaseBatteryService$2.run:192 android.os.Handler.handleCallback:883 android.os.Handler.dispatchMessage:100 android.os.Looper.loop:237 
07-22 10:11:19.477 15782 18122 W ContextImpl: Calling a method in the system process without a qualified user: android.app.ContextImpl.startService:1609 android.content.ContextWrapper.startService:680 com.coloros.statistics.dcs.record.RecordHandler.startDcsService:206 com.coloros.statistics.dcs.record.RecordHandler.addTask:133 com.coloros.statistics.dcs.agent.CommonAgent.recordCommon:14 
07-22 10:11:20.069  1509  1563 V DisplayPowerController: Brightness [5] reason changing to: 'manual [ low_pwr dim ]', previous reason: 'manual [ low_pwr ]'.
07-22 10:11:20.688 15782 18122 W ContextImpl: Calling a method in the system process without a qualified user: android.app.ContextImpl.startService:1609 android.content.ContextWrapper.startService:680 com.coloros.statistics.dcs.record.RecordHandler.startDcsService:206 com.coloros.statistics.dcs.record.RecordHandler.addTask:133 com.coloros.statistics.dcs.agent.CommonAgent.recordCommon:14 
07-22 10:11:20.831  1509  1563 D OppoDisplayPowerControlBrightnessHelper: handleMessage:103
07-22 10:11:21.656  1509  1538 W Watchdog: **Get SF Time **0
07-22 10:11:21.736  1509  1528 I ActivityManager: Killing 22153:com.facebook.system/u0a43 (adj 995): empty #17
07-22 10:11:21.756  1509  3166 V ActivityManager: Death received in com.android.server.am.ActivityManagerService$AppDeathRecipient@b33f384 for thread android.os.BinderProxy@569176d, mPid:22153,mApp:ProcessRecord{965d882 22153:com.facebook.system/u0a43}
07-22 10:11:21.866 15782 18122 W ContextImpl: Calling a method in the system process without a qualified user: android.app.ContextImpl.startService:1609 android.content.ContextWrapper.startService:680 com.coloros.statistics.dcs.record.RecordHandler.startDcsService:206 com.coloros.statistics.dcs.record.RecordHandler.addTask:133 com.coloros.statistics.dcs.agent.CommonAgent.recordCommon:14 
07-22 10:11:23.065 15782 18122 W ContextImpl: Calling a method in the system process without a qualified user: android.app.ContextImpl.startService:1609 android.content.ContextWrapper.startService:680 com.coloros.statistics.dcs.record.RecordHandler.startDcsService:206 com.coloros.statistics.dcs.record.RecordHandler.addTask:133 com.coloros.statistics.dcs.agent.CommonAgent.recordCommon:14 
07-22 10:11:23.693  1509  1557 D OppoThermalStats: REPORT_UPDATE_CPU  ->  phoneTemp:245  preHeatThreshold:400
07-22 10:11:23.759  1509 22951 D OppoThermalStats: reset mHaveCaptured:false
07-22 10:11:23.839  1509  1509 D OppoBaseBatteryService: send broadcast : oppo.intent.action.BATTERY_DATA_UPDATE
07-22 10:11:23.840  1509  1509 W ContextImpl: Calling a method in the system process without a qualified user: android.app.ContextImpl.sendBroadcast:1088 com.android.server.OppoBaseBatteryService$2.run:192 android.os.Handler.handleCallback:883 android.os.Handler.dispatchMessage:100 android.os.Looper.loop:237 
07-22 10:11:24.370  1509  3880 I ActivityManager: Killing 22352:com.coloros.childrenspace/1000 (adj 995): empty #17
07-22 10:11:24.394  1509  1528 V ActivityManager: Death received in com.android.server.am.ActivityManagerService$AppDeathRecipient@1e30ca1 for thread android.os.BinderProxy@10b9ec6, mPid:22352,mApp:ProcessRecord{99693a 22352:com.coloros.childrenspace/1000}
07-22 10:11:24.431 15782 18122 W ContextImpl: Calling a method in the system process without a qualified user: android.app.ContextImpl.startService:1609 android.content.ContextWrapper.startService:680 com.coloros.statistics.dcs.record.RecordHandler.startDcsService:206 com.coloros.statistics.dcs.record.RecordHandler.addTask:133 com.coloros.statistics.dcs.agent.CommonAgent.recordCommon:14 
07-22 10:11:27.168 15782 18122 I chatty  : uid=1000(system) pool-2-thread-1 identical 2 lines
07-22 10:11:28.464 15782 18122 W ContextImpl: Calling a method in the system process without a qualified user: android.app.ContextImpl.startService:1609 android.content.ContextWrapper.startService:680 com.coloros.statistics.dcs.record.RecordHandler.startDcsService:206 com.coloros.statistics.dcs.record.RecordHandler.addTask:133 com.coloros.statistics.dcs.agent.CommonAgent.recordCommon:14 
07-22 10:11:28.884  1509  1528 V ActivityManager: Death received in com.android.server.am.ActivityManagerService$AppDeathRecipient@d17d3d8 for thread android.os.BinderProxy@6c13331, mPid:21000,mApp:ProcessRecord{c3da9eb 21000:com.heytap.mcs.appservice/1000}
07-22 10:11:28.885  1509  1528 I ActivityManager: Process com.heytap.mcs.appservice (pid 21000) has died: vis IMPF
07-22 10:11:28.885  1509  1985 D OppoPhoneWindowManager: onKeyLockModeNormal: processName=com.heytap.mcs.appservice
07-22 10:11:28.887 15665 15665 I ActivityThread: Removing dead content provider:android.content.ContentProviderProxy@5fbc4c0
07-22 10:11:28.961  1509  1509 D OppoBaseBatteryService: send broadcast : oppo.intent.action.BATTERY_DATA_UPDATE
07-22 10:11:28.962  1509  1509 W ContextImpl: Calling a method in the system process without a qualified user: android.app.ContextImpl.sendBroadcast:1088 com.android.server.OppoBaseBatteryService$2.run:192 android.os.Handler.handleCallback:883 android.os.Handler.dispatchMessage:100 android.os.Looper.loop:237 
07-22 10:11:29.729 15782 18122 W ContextImpl: Calling a method in the system process without a qualified user: android.app.ContextImpl.startService:1609 android.content.ContextWrapper.startService:680 com.coloros.statistics.dcs.record.RecordHandler.startDcsService:206 com.coloros.statistics.dcs.record.RecordHandler.addTask:133 com.coloros.statistics.dcs.agent.CommonAgent.recordCommon:14 
07-22 10:11:32.952 15782 18122 I chatty  : uid=1000(system) pool-2-thread-1 identical 3 lines
07-22 10:11:34.039 15782 18122 W ContextImpl: Calling a method in the system process without a qualified user: android.app.ContextImpl.startService:1609 android.content.ContextWrapper.startService:680 com.coloros.statistics.dcs.record.RecordHandler.startDcsService:206 com.coloros.statistics.dcs.record.RecordHandler.addTask:133 com.coloros.statistics.dcs.agent.CommonAgent.recordCommon:14 
07-22 10:11:34.849  1509  1509 D OppoBaseBatteryService: send broadcast : oppo.intent.action.BATTERY_DATA_UPDATE
07-22 10:11:34.850  1509  1509 W ContextImpl: Calling a method in the system process without a qualified user: android.app.ContextImpl.sendBroadcast:1088 com.android.server.OppoBaseBatteryService$2.run:192 android.os.Handler.handleCallback:883 android.os.Handler.dispatchMessage:100 android.os.Looper.loop:237 
