00:00 +0: loading D:/my projects/drive_replay/test/app_lifecycle_test.dart
00:00 +0: D:/my projects/drive_replay/test/app_lifecycle_test.dart: (setUpAll)
00:00 +0: D:/my projects/drive_replay/test/permission_flow_test.dart: Permission Prominent Disclosure Dialog Tests Renders all disclosure text and handles callbacks
00:00 +1: D:/my projects/drive_replay/test/permission_flow_test.dart: Permission Prominent Disclosure Dialog Tests Renders all disclosure text and handles callbacks
00:00 +1 -1: D:/my projects/drive_replay/test/permission_flow_test.dart: Permission Prominent Disclosure Dialog Tests Renders all disclosure text and handles callbacks
00:00 +1 -1: D:/my projects/drive_replay/test/app_lifecycle_test.dart: App Lifecycle & Process Recreation Tests Moving app background/foreground state handles listeners streams clean [E]
  Expected: true
    Actual: <false>
  
  package:matcher                                     expect
  package:flutter_test/src/widget_tester.dart 473:18  expect
  test\app_lifecycle_test.dart 95:7                   main.<fn>.<fn>
  
00:00 +1 -1: D:/my projects/drive_replay/test/permission_flow_test.dart: Permission Prominent Disclosure Dialog Tests Renders all disclosure text and handles callbacks
00:01 +2 -1: D:/my projects/drive_replay/test/permission_flow_test.dart: Permission Prominent Disclosure Dialog Tests Renders all disclosure text and handles callbacks
00:01 +3 -1: D:/my projects/drive_replay/test/permission_flow_test.dart: Permission Prominent Disclosure Dialog Tests Renders all disclosure text and handles callbacks
00:01 +4 -1: D:/my projects/drive_replay/test/permission_flow_test.dart: Permission Prominent Disclosure Dialog Tests Renders all disclosure text and handles callbacks
00:01 +5 -1: D:/my projects/drive_replay/test/permission_flow_test.dart: Permission Prominent Disclosure Dialog Tests Renders all disclosure text and handles callbacks
00:01 +6 -1: D:/my projects/drive_replay/test/screen_widget_test.dart: Screen Widget Tests SplashScreen layout structure mounts correctly
00:02 +7 -1: D:/my projects/drive_replay/test/screen_widget_test.dart: Screen Widget Tests SplashScreen layout structure mounts correctly
00:02 +8 -1: D:/my projects/drive_replay/test/screen_widget_test.dart: Screen Widget Tests SplashScreen layout structure mounts correctly
00:02 +9 -1: D:/my projects/drive_replay/test/screen_widget_test.dart: Screen Widget Tests SplashScreen layout structure mounts correctly
00:02 +10 -1: D:/my projects/drive_replay/test/screen_widget_test.dart: Screen Widget Tests SplashScreen layout structure mounts correctly
00:02 +11 -1: D:/my projects/drive_replay/test/screen_widget_test.dart: Screen Widget Tests SplashScreen layout structure mounts correctly
00:02 +12 -1: D:/my projects/drive_replay/test/screen_widget_test.dart: Screen Widget Tests SplashScreen layout structure mounts correctly
00:02 +13 -1: D:/my projects/drive_replay/test/screen_widget_test.dart: Screen Widget Tests SplashScreen layout structure mounts correctly
00:02 +14 -1: D:/my projects/drive_replay/test/screen_widget_test.dart: Screen Widget Tests SplashScreen layout structure mounts correctly
ΓòÉΓòÉΓòí EXCEPTION CAUGHT BY FLUTTER TEST FRAMEWORK Γò₧ΓòÉΓòÉΓòÉΓòÉΓòÉΓòÉΓòÉΓòÉΓòÉΓòÉΓòÉΓòÉΓòÉΓòÉΓòÉΓòÉΓòÉΓòÉΓòÉΓòÉΓòÉΓòÉΓòÉΓòÉΓòÉΓòÉΓòÉΓòÉΓòÉΓòÉΓòÉΓòÉΓòÉΓòÉΓòÉΓòÉΓòÉΓòÉΓòÉΓòÉΓòÉΓòÉΓòÉΓòÉΓòÉΓòÉΓòÉΓòÉΓòÉΓòÉΓòÉΓòÉ
The following StateError was thrown running a test:
Bad state: databaseFactory not initialized
databaseFactory is only initialized when using sqflite. When using `sqflite_common_ffi`
You must call `databaseFactory = databaseFactoryFfi;` before using global openDatabase API

When the exception was thrown, this was the stack:
#0      databaseFactory.<anonymous closure> (package:sqflite_common/src/sqflite_database_factory.dart:32:7)
#1      databaseFactory (package:sqflite_common/src/sqflite_database_factory.dart:36:6)
#2      getDatabasesPath (package:sqflite_common/sqflite.dart:109:38)
#3      DBHelper._initDatabase (package:drive_tracker/database/db_helper.dart:22:26)
#4      DBHelper.database (package:drive_tracker/database/db_helper.dart:17:23)
#5      _SplashScreenState._initializeApp (package:drive_tracker/features/splash/splash_screen.dart:53:20)
<asynchronous suspension>

The test description was:
  SplashScreen layout structure mounts correctly
ΓòÉΓòÉΓòÉΓòÉΓòÉΓòÉΓòÉΓòÉΓòÉΓòÉΓòÉΓòÉΓòÉΓòÉΓòÉΓòÉΓòÉΓòÉΓòÉΓòÉΓòÉΓòÉΓòÉΓòÉΓòÉΓòÉΓòÉΓòÉΓòÉΓòÉΓòÉΓòÉΓòÉΓòÉΓòÉΓòÉΓòÉΓòÉΓòÉΓòÉΓòÉΓòÉΓòÉΓòÉΓòÉΓòÉΓòÉΓòÉΓòÉΓòÉΓòÉΓòÉΓòÉΓòÉΓòÉΓòÉΓòÉΓòÉΓòÉΓòÉΓòÉΓòÉΓòÉΓòÉΓòÉΓòÉΓòÉΓòÉΓòÉΓòÉΓòÉΓòÉΓòÉΓòÉΓòÉΓòÉΓòÉΓòÉΓòÉΓòÉΓòÉΓòÉΓòÉΓòÉΓòÉΓòÉΓòÉΓòÉΓòÉΓòÉΓòÉΓòÉΓòÉΓòÉΓòÉΓòÉΓòÉΓòÉΓòÉΓòÉ
00:02 +14 -2: D:/my projects/drive_replay/test/screen_widget_test.dart: Screen Widget Tests SplashScreen layout structure mounts correctly [E]
  Test failed. See exception logs above.
  The test description was: SplashScreen layout structure mounts correctly
  
00:02 +14 -2: D:/my projects/drive_replay/test/screen_widget_test.dart: Screen Widget Tests DashboardScreen renders elements correctly when idle
ΓòÉΓòÉΓòí EXCEPTION CAUGHT BY RENDERING LIBRARY Γò₧ΓòÉΓòÉΓòÉΓòÉΓòÉΓòÉΓòÉΓòÉΓòÉΓòÉΓòÉΓòÉΓòÉΓòÉΓòÉΓòÉΓòÉΓòÉΓòÉΓòÉΓòÉΓòÉΓòÉΓòÉΓòÉΓòÉΓòÉΓòÉΓòÉΓòÉΓòÉΓòÉΓòÉΓòÉΓòÉΓòÉΓòÉΓòÉΓòÉΓòÉΓòÉΓòÉΓòÉΓòÉΓòÉΓòÉΓòÉΓòÉΓòÉΓòÉΓòÉΓòÉΓòÉΓòÉΓòÉΓòÉΓòÉ
The following assertion was thrown during layout:
A RenderFlex overflowed by 18 pixels on the right.

The relevant error-causing widget was:
  Row
  Row:file:///D:/my%20projects/drive_replay/lib/features/dashboard/presentation/dashboard_screen.dart:692:11

The overflowing RenderFlex has an orientation of Axis.horizontal.
The edge of the RenderFlex that is overflowing has been marked in the rendering with a yellow and
black striped pattern. This is usually caused by the contents being too big for the RenderFlex.
Consider applying a flex factor (e.g. using an Expanded widget) to force the children of the
RenderFlex to fit within the available space instead of being sized to their natural size.
This is considered an error condition because it indicates that there is content that cannot be
seen. If the content is legitimately bigger than the available space, consider clipping it with a
ClipRect widget before putting it in the flex, or using a scrollable container rather than a Flex,
like a ListView.
The specific RenderFlex in question is: RenderFlex#7b77c relayoutBoundary=up26 OVERFLOWING:
  creator: Row ΓåÉ Column ΓåÉ Padding ΓåÉ DecoratedBox ΓåÉ Container ΓåÉ Builder ΓåÉ Selector<DashboardViewModel,
    int> ΓåÉ Expanded ΓåÉ Row ΓåÉ Column ΓåÉ Column ΓåÉ Padding ΓåÉ Γï»
  parentData: offset=Offset(0.0, 0.0); flex=null; fit=null (can use size)
  constraints: BoxConstraints(0.0<=w<=144.0, 0.0<=h<=Infinity)
  size: Size(144.0, 18.0)
  direction: horizontal
  mainAxisAlignment: spaceBetween
  mainAxisSize: max
  crossAxisAlignment: center
  textDirection: ltr
  verticalDirection: down
  spacing: 0.0
ΓùóΓùñΓùóΓùñΓùóΓùñΓùóΓùñΓùóΓùñΓùóΓùñΓùóΓùñΓùóΓùñΓùóΓùñΓùóΓùñΓùóΓùñΓùóΓùñΓùóΓùñΓùóΓùñΓùóΓùñΓùóΓùñΓùóΓùñΓùóΓùñΓùóΓùñΓùóΓùñΓùóΓùñΓùóΓùñΓùóΓùñΓùóΓùñΓùóΓùñΓùóΓùñΓùóΓùñΓùóΓùñΓùóΓùñΓùóΓùñΓùóΓùñΓùóΓùñΓùóΓùñΓùóΓùñΓùóΓùñΓùóΓùñΓùóΓùñΓùóΓùñΓùóΓùñΓùóΓùñΓùóΓùñΓùóΓùñΓùóΓùñΓùóΓùñΓùóΓùñΓùóΓùñΓùóΓùñΓùóΓùñΓùóΓùñΓùóΓùñ
ΓòÉΓòÉΓòÉΓòÉΓòÉΓòÉΓòÉΓòÉΓòÉΓòÉΓòÉΓòÉΓòÉΓòÉΓòÉΓòÉΓòÉΓòÉΓòÉΓòÉΓòÉΓòÉΓòÉΓòÉΓòÉΓòÉΓòÉΓòÉΓòÉΓòÉΓòÉΓòÉΓòÉΓòÉΓòÉΓòÉΓòÉΓòÉΓòÉΓòÉΓòÉΓòÉΓòÉΓòÉΓòÉΓòÉΓòÉΓòÉΓòÉΓòÉΓòÉΓòÉΓòÉΓòÉΓòÉΓòÉΓòÉΓòÉΓòÉΓòÉΓòÉΓòÉΓòÉΓòÉΓòÉΓòÉΓòÉΓòÉΓòÉΓòÉΓòÉΓòÉΓòÉΓòÉΓòÉΓòÉΓòÉΓòÉΓòÉΓòÉΓòÉΓòÉΓòÉΓòÉΓòÉΓòÉΓòÉΓòÉΓòÉΓòÉΓòÉΓòÉΓòÉΓòÉΓòÉΓòÉΓòÉΓòÉΓòÉΓòÉ
ΓòÉΓòÉΓòí EXCEPTION CAUGHT BY RENDERING LIBRARY Γò₧ΓòÉΓòÉΓòÉΓòÉΓòÉΓòÉΓòÉΓòÉΓòÉΓòÉΓòÉΓòÉΓòÉΓòÉΓòÉΓòÉΓòÉΓòÉΓòÉΓòÉΓòÉΓòÉΓòÉΓòÉΓòÉΓòÉΓòÉΓòÉΓòÉΓòÉΓòÉΓòÉΓòÉΓòÉΓòÉΓòÉΓòÉΓòÉΓòÉΓòÉΓòÉΓòÉΓòÉΓòÉΓòÉΓòÉΓòÉΓòÉΓòÉΓòÉΓòÉΓòÉΓòÉΓòÉΓòÉΓòÉΓòÉ
The following assertion was thrown during layout:
A RenderFlex overflowed by 18 pixels on the right.

The relevant error-causing widget was:
  Row
  Row:file:///D:/my%20projects/drive_replay/lib/features/dashboard/presentation/dashboard_screen.dart:692:11

The overflowing RenderFlex has an orientation of Axis.horizontal.
The edge of the RenderFlex that is overflowing has been marked in the rendering with a yellow and
black striped pattern. This is usually caused by the contents being too big for the RenderFlex.
Consider applying a flex factor (e.g. using an Expanded widget) to force the children of the
RenderFlex to fit within the available space instead of being sized to their natural size.
This is considered an error condition because it indicates that there is content that cannot be
seen. If the content is legitimately bigger than the available space, consider clipping it with a
ClipRect widget before putting it in the flex, or using a scrollable container rather than a Flex,
like a ListView.
The specific RenderFlex in question is: RenderFlex#23376 relayoutBoundary=up26 OVERFLOWING:
  creator: Row ΓåÉ Column ΓåÉ Padding ΓåÉ DecoratedBox ΓåÉ Container ΓåÉ Builder ΓåÉ Selector<DashboardViewModel,
    int> ΓåÉ Expanded ΓåÉ Row ΓåÉ Column ΓåÉ Column ΓåÉ Padding ΓåÉ Γï»
  parentData: offset=Offset(0.0, 0.0); flex=null; fit=null (can use size)
  constraints: BoxConstraints(0.0<=w<=144.0, 0.0<=h<=Infinity)
  size: Size(144.0, 18.0)
  direction: horizontal
  mainAxisAlignment: spaceBetween
  mainAxisSize: max
  crossAxisAlignment: center
  textDirection: ltr
  verticalDirection: down
  spacing: 0.0
ΓùóΓùñΓùóΓùñΓùóΓùñΓùóΓùñΓùóΓùñΓùóΓùñΓùóΓùñΓùóΓùñΓùóΓùñΓùóΓùñΓùóΓùñΓùóΓùñΓùóΓùñΓùóΓùñΓùóΓùñΓùóΓùñΓùóΓùñΓùóΓùñΓùóΓùñΓùóΓùñΓùóΓùñΓùóΓùñΓùóΓùñΓùóΓùñΓùóΓùñΓùóΓùñΓùóΓùñΓùóΓùñΓùóΓùñΓùóΓùñΓùóΓùñΓùóΓùñΓùóΓùñΓùóΓùñΓùóΓùñΓùóΓùñΓùóΓùñΓùóΓùñΓùóΓùñΓùóΓùñΓùóΓùñΓùóΓùñΓùóΓùñΓùóΓùñΓùóΓùñΓùóΓùñΓùóΓùñΓùóΓùñΓùóΓùñΓùóΓùñ
ΓòÉΓòÉΓòÉΓòÉΓòÉΓòÉΓòÉΓòÉΓòÉΓòÉΓòÉΓòÉΓòÉΓòÉΓòÉΓòÉΓòÉΓòÉΓòÉΓòÉΓòÉΓòÉΓòÉΓòÉΓòÉΓòÉΓòÉΓòÉΓòÉΓòÉΓòÉΓòÉΓòÉΓòÉΓòÉΓòÉΓòÉΓòÉΓòÉΓòÉΓòÉΓòÉΓòÉΓòÉΓòÉΓòÉΓòÉΓòÉΓòÉΓòÉΓòÉΓòÉΓòÉΓòÉΓòÉΓòÉΓòÉΓòÉΓòÉΓòÉΓòÉΓòÉΓòÉΓòÉΓòÉΓòÉΓòÉΓòÉΓòÉΓòÉΓòÉΓòÉΓòÉΓòÉΓòÉΓòÉΓòÉΓòÉΓòÉΓòÉΓòÉΓòÉΓòÉΓòÉΓòÉΓòÉΓòÉΓòÉΓòÉΓòÉΓòÉΓòÉΓòÉΓòÉΓòÉΓòÉΓòÉΓòÉΓòÉΓòÉ
ΓòÉΓòÉΓòí EXCEPTION CAUGHT BY FLUTTER TEST FRAMEWORK Γò₧ΓòÉΓòÉΓòÉΓòÉΓòÉΓòÉΓòÉΓòÉΓòÉΓòÉΓòÉΓòÉΓòÉΓòÉΓòÉΓòÉΓòÉΓòÉΓòÉΓòÉΓòÉΓòÉΓòÉΓòÉΓòÉΓòÉΓòÉΓòÉΓòÉΓòÉΓòÉΓòÉΓòÉΓòÉΓòÉΓòÉΓòÉΓòÉΓòÉΓòÉΓòÉΓòÉΓòÉΓòÉΓòÉΓòÉΓòÉΓòÉΓòÉΓòÉΓòÉΓòÉ
The following TestFailure was thrown running a test:
Expected: exactly one matching candidate
  Actual: _TextWidgetFinder:<Found 0 widgets with text "START TRIP RECORDING": []>
   Which: means none were found but one was expected

When the exception was thrown, this was the stack:
#4      main.<anonymous closure>.<anonymous closure> (file:///D:/my%20projects/drive_replay/test/screen_widget_test.dart:121:7)
<asynchronous suspension>
#5      testWidgets.<anonymous closure>.<anonymous closure> (package:flutter_test/src/widget_tester.dart:192:15)
<asynchronous suspension>
#6      TestWidgetsFlutterBinding._runTestBody (package:flutter_test/src/binding.dart:1682:5)
<asynchronous suspension>
<asynchronous suspension>
(elided one frame from package:stack_trace)

This was caught by the test expectation on the following line:
  file:///D:/my%20projects/drive_replay/test/screen_widget_test.dart line 121
The test description was:
  DashboardScreen renders elements correctly when idle
ΓòÉΓòÉΓòÉΓòÉΓòÉΓòÉΓòÉΓòÉΓòÉΓòÉΓòÉΓòÉΓòÉΓòÉΓòÉΓòÉΓòÉΓòÉΓòÉΓòÉΓòÉΓòÉΓòÉΓòÉΓòÉΓòÉΓòÉΓòÉΓòÉΓòÉΓòÉΓòÉΓòÉΓòÉΓòÉΓòÉΓòÉΓòÉΓòÉΓòÉΓòÉΓòÉΓòÉΓòÉΓòÉΓòÉΓòÉΓòÉΓòÉΓòÉΓòÉΓòÉΓòÉΓòÉΓòÉΓòÉΓòÉΓòÉΓòÉΓòÉΓòÉΓòÉΓòÉΓòÉΓòÉΓòÉΓòÉΓòÉΓòÉΓòÉΓòÉΓòÉΓòÉΓòÉΓòÉΓòÉΓòÉΓòÉΓòÉΓòÉΓòÉΓòÉΓòÉΓòÉΓòÉΓòÉΓòÉΓòÉΓòÉΓòÉΓòÉΓòÉΓòÉΓòÉΓòÉΓòÉΓòÉΓòÉΓòÉΓòÉ
ΓòÉΓòÉΓòí EXCEPTION CAUGHT BY FLUTTER TEST FRAMEWORK Γò₧ΓòÉΓòÉΓòÉΓòÉΓòÉΓòÉΓòÉΓòÉΓòÉΓòÉΓòÉΓòÉΓòÉΓòÉΓòÉΓòÉΓòÉΓòÉΓòÉΓòÉΓòÉΓòÉΓòÉΓòÉΓòÉΓòÉΓòÉΓòÉΓòÉΓòÉΓòÉΓòÉΓòÉΓòÉΓòÉΓòÉΓòÉΓòÉΓòÉΓòÉΓòÉΓòÉΓòÉΓòÉΓòÉΓòÉΓòÉΓòÉΓòÉΓòÉΓòÉΓòÉ
The following message was thrown:
Multiple exceptions (3) were detected during the running of the current test, and at least one was
unexpected.
ΓòÉΓòÉΓòÉΓòÉΓòÉΓòÉΓòÉΓòÉΓòÉΓòÉΓòÉΓòÉΓòÉΓòÉΓòÉΓòÉΓòÉΓòÉΓòÉΓòÉΓòÉΓòÉΓòÉΓòÉΓòÉΓòÉΓòÉΓòÉΓòÉΓòÉΓòÉΓòÉΓòÉΓòÉΓòÉΓòÉΓòÉΓòÉΓòÉΓòÉΓòÉΓòÉΓòÉΓòÉΓòÉΓòÉΓòÉΓòÉΓòÉΓòÉΓòÉΓòÉΓòÉΓòÉΓòÉΓòÉΓòÉΓòÉΓòÉΓòÉΓòÉΓòÉΓòÉΓòÉΓòÉΓòÉΓòÉΓòÉΓòÉΓòÉΓòÉΓòÉΓòÉΓòÉΓòÉΓòÉΓòÉΓòÉΓòÉΓòÉΓòÉΓòÉΓòÉΓòÉΓòÉΓòÉΓòÉΓòÉΓòÉΓòÉΓòÉΓòÉΓòÉΓòÉΓòÉΓòÉΓòÉΓòÉΓòÉΓòÉ
00:02 +14 -3: D:/my projects/drive_replay/test/screen_widget_test.dart: Screen Widget Tests DashboardScreen renders elements correctly when idle [E]
  Test failed. See exception logs above.
  The test description was: DashboardScreen renders elements correctly when idle
  
00:02 +14 -3: D:/my projects/drive_replay/test/screen_widget_test.dart: Screen Widget Tests SettingsScreen displays preference elements
ΓòÉΓòÉΓòí EXCEPTION CAUGHT BY FLUTTER TEST FRAMEWORK Γò₧ΓòÉΓòÉΓòÉΓòÉΓòÉΓòÉΓòÉΓòÉΓòÉΓòÉΓòÉΓòÉΓòÉΓòÉΓòÉΓòÉΓòÉΓòÉΓòÉΓòÉΓòÉΓòÉΓòÉΓòÉΓòÉΓòÉΓòÉΓòÉΓòÉΓòÉΓòÉΓòÉΓòÉΓòÉΓòÉΓòÉΓòÉΓòÉΓòÉΓòÉΓòÉΓòÉΓòÉΓòÉΓòÉΓòÉΓòÉΓòÉΓòÉΓòÉΓòÉΓòÉ
The following TestFailure was thrown running a test:
Expected: exactly one matching candidate
  Actual: _TextWidgetFinder:<Found 0 widgets with text "SETTINGS": []>
   Which: means none were found but one was expected

When the exception was thrown, this was the stack:
#4      main.<anonymous closure>.<anonymous closure> (file:///D:/my%20projects/drive_replay/test/screen_widget_test.dart:129:7)
<asynchronous suspension>
#5      testWidgets.<anonymous closure>.<anonymous closure> (package:flutter_test/src/widget_tester.dart:192:15)
<asynchronous suspension>
#6      TestWidgetsFlutterBinding._runTestBody (package:flutter_test/src/binding.dart:1682:5)
<asynchronous suspension>
<asynchronous suspension>
(elided one frame from package:stack_trace)

This was caught by the test expectation on the following line:
  file:///D:/my%20projects/drive_replay/test/screen_widget_test.dart line 129
The test description was:
  SettingsScreen displays preference elements
ΓòÉΓòÉΓòÉΓòÉΓòÉΓòÉΓòÉΓòÉΓòÉΓòÉΓòÉΓòÉΓòÉΓòÉΓòÉΓòÉΓòÉΓòÉΓòÉΓòÉΓòÉΓòÉΓòÉΓòÉΓòÉΓòÉΓòÉΓòÉΓòÉΓòÉΓòÉΓòÉΓòÉΓòÉΓòÉΓòÉΓòÉΓòÉΓòÉΓòÉΓòÉΓòÉΓòÉΓòÉΓòÉΓòÉΓòÉΓòÉΓòÉΓòÉΓòÉΓòÉΓòÉΓòÉΓòÉΓòÉΓòÉΓòÉΓòÉΓòÉΓòÉΓòÉΓòÉΓòÉΓòÉΓòÉΓòÉΓòÉΓòÉΓòÉΓòÉΓòÉΓòÉΓòÉΓòÉΓòÉΓòÉΓòÉΓòÉΓòÉΓòÉΓòÉΓòÉΓòÉΓòÉΓòÉΓòÉΓòÉΓòÉΓòÉΓòÉΓòÉΓòÉΓòÉΓòÉΓòÉΓòÉΓòÉΓòÉΓòÉ
00:03 +14 -4: D:/my projects/drive_replay/test/screen_widget_test.dart: Screen Widget Tests SettingsScreen displays preference elements [E]
  Test failed. See exception logs above.
  The test description was: SettingsScreen displays preference elements
  
00:03 +14 -4: D:/my projects/drive_replay/test/screen_widget_test.dart: (tearDownAll)
00:03 +14 -4: D:/my projects/drive_replay/test/widget_test.dart: Drive Tracker initial setup smoke test
00:03 +15 -4: Some tests failed.
